Mar  1 00:51:20 avas postfix/smtpd[2769]: EA24061A83: reject: RCPT from 66-214-39-167.lb-cres.charterpipeline.net[66.214.39.167]: 557 Service unavailable; Client host [66.214.39.167] blocked using dnsbl.sorbs.net; Dynamic IP Address See: http://www.dnsbl.sorbs.net/cgi-bin/lookup?IP=66.214.39.167; from=<obppmbubna@ukma.kiev.ua> to=<coop@example.com> proto=SMTP helo=<66-214-39-167.lb-cres.charterpipeline.net>
Mar  1 00:51:20 avas postfix/smtpd[3082]: 4C8A561AAF: reject: RCPT from mailer153.yourbigvote.com[64.156.187.153]: 557 Service unavailable; Client host [64.156.187.153] blocked using sbl.spamhaus.org; http://www.spamhaus.org/SBL/sbl.lasso?query=SBL5490; from=<updates4980@yourbigfun.com> to=<neudors@example.com> proto=ESMTP helo=<mailer153.yourbigvote.com>
Mar  1 00:51:20 avas postfix/smtpd[3199]: connect from unknown[219.138.45.227]
Mar  1 00:51:21 avas postfix/smtpd[3200]: lost connection after RCPT from 23.red-80-34-250.pooles.rima-tde.net[80.34.250.23]
Mar  1 00:51:21 avas postfix/smtpd[3200]: disconnect from 23.red-80-34-250.pooles.rima-tde.net[80.34.250.23]
Mar  1 00:51:22 avas postfix/smtpd[2769]: lost connection after RCPT from 66-214-39-167.lb-cres.charterpipeline.net[66.214.39.167]
Mar  1 00:51:22 avas postfix/smtpd[2769]: disconnect from 66-214-39-167.lb-cres.charterpipeline.net[66.214.39.167]
Mar  1 00:51:22 avas postfix/smtpd[3199]: 49A6F61A83: client=unknown[219.138.45.227]
Mar  1 00:51:22 avas postfix/smtpd[3082]: disconnect from mailer153.yourbigvote.com[64.156.187.153]
Mar  1 00:51:22 avas postfix/smtpd[3199]: 49A6F61A83: reject: RCPT from unknown[219.138.45.227]: 557 Service unavailable; Client host [219.138.45.227] blocked using dnsbl.sorbs.net; HTTP Proxy See: http://www.dnsbl.sorbs.net/cgi-bin/lookup?IP=219.138.45.227; from=<stacy.burgos_wu@email.com> to=<hall@example.com> proto=SMTP helo=<mail.com>
Mar  1 00:51:24 avas postfix/smtpd[3199]: lost connection after RCPT from unknown[219.138.45.227]
Mar  1 00:51:24 avas postfix/smtpd[3199]: disconnect from unknown[219.138.45.227]
Mar  1 00:51:25 avas postfix/smtpd[3170]: warning: 208.37.192.234: address not listed for hostname globrite.com
Mar  1 00:51:25 avas postfix/smtpd[3170]: connect from unknown[208.37.192.234]
Mar  1 00:51:25 avas postfix/smtpd[3170]: disconnect from unknown[208.37.192.234]
Mar  1 00:51:27 avas postfix/smtpd[3200]: connect from unknown[218.106.89.147]
Mar  1 00:51:29 avas postfix/smtpd[3200]: AC67A61A83: client=unknown[218.106.89.147]
Mar  1 00:51:30 avas postfix/smtpd[2737]: connect from unknown[200.72.205.195]
Mar  1 00:51:31 avas postfix/smtpd[3200]: AC67A61A83: reject: RCPT from unknown[218.106.89.147]: 557 Service unavailable; Client host [218.106.89.147] blocked using dnsbl.sorbs.net; HTTP Proxy See: http://www.dnsbl.sorbs.net/cgi-bin/lookup?IP=218.106.89.147; from=<virgiearmstrong_wp@msn.com> to=<hall@example.com> proto=SMTP helo=<msn.com>
Mar  1 00:51:32 avas postfix/smtpd[3200]: lost connection after RCPT from unknown[218.106.89.147]
Mar  1 00:51:32 avas postfix/smtpd[3200]: disconnect from unknown[218.106.89.147]
Mar  1 00:51:33 avas postfix/smtpd[2737]: 89AAF61A83: client=unknown[200.72.205.195]
Mar  1 00:51:34 avas postfix/smtpd[2769]: connect from unknown[140.121.193.205]
Mar  1 00:51:35 avas postfix/smtpd[3082]: connect from unknown[218.27.60.113]
Mar  1 00:51:35 avas postfix/smtpd[2769]: 88E0161AA4: client=unknown[140.121.193.205]
Mar  1 00:51:35 avas postfix/smtpd[3199]: connect from unknown[218.22.232.121]
Mar  1 00:51:36 avas postfix/smtpd[2737]: 89AAF61A83: reject: RCPT from unknown[200.72.205.195]: 557 Service unavailable; Client host [200.72.205.195] blocked using dnsbl.sorbs.net; HTTP Proxy See: http://www.dnsbl.sorbs.net/cgi-bin/lookup?IP=200.72.205.195; from=<txqbtrpi@bigfoot.com> to=<20bekkering@example.com> proto=SMTP helo=<10.0.0.214>
Mar  1 00:51:37 avas postfix/smtpd[2769]: 88E0161AA4: reject: RCPT from unknown[140.121.193.205]: 557 Service unavailable; Client host [140.121.193.205] blocked using list.dsbl.org; http://dsbl.org/listing?ip=140.121.193.205; from=<allanshepherdqu@yahoo.ca> to=<hall@example.com> proto=SMTP helo=<msn.com>
Mar  1 00:51:37 avas postfix/smtpd[3199]: 713C761AAF: client=unknown[218.22.232.121]
Mar  1 00:51:38 avas postfix/smtpd[3082]: 6BF5161AB3: client=unknown[218.27.60.113]
Mar  1 00:51:38 avas postfix/smtpd[2769]: lost connection after RCPT from unknown[140.121.193.205]
Mar  1 00:51:38 avas postfix/smtpd[2769]: disconnect from unknown[140.121.193.205]
Mar  1 00:51:39 avas postfix/smtpd[2737]: 89AAF61A83: reject: RCPT from unknown[200.72.205.195]: 557 Service unavailable; Client host [200.72.205.195] blocked using dnsbl.sorbs.net; HTTP Proxy See: http://www.dnsbl.sorbs.net/cgi-bin/lookup?IP=200.72.205.195; from=<txqbtrpi@bigfoot.com> to=<20macdowall@example.com> proto=SMTP helo=<10.0.0.214>
Mar  1 00:51:40 avas postfix/smtpd[3170]: connect from unknown[61.235.226.65]
Mar  1 00:51:40 avas postfix/smtpd[2610]: connect from p0409-ip02higasisibu.tokyo.ocn.ne.jp[211.6.24.159]
Mar  1 00:51:40 avas postfix/smtpd[3082]: 6BF5161AB3: reject: RCPT from unknown[218.27.60.113]: 557 Service unavailable; Client host [218.27.60.113] blocked using list.dsbl.org; http://dsbl.org/listing?ip=218.27.60.113; from=<siddnqmgwapa@canada.com> to=<francis@example.com> proto=SMTP helo=<10.0.0.214>
Mar  1 00:51:40 avas postfix/smtpd[3200]: warning: 208.37.192.234: address not listed for hostname globrite.com
Mar  1 00:51:40 avas postfix/smtpd[3200]: connect from unknown[208.37.192.234]
Mar  1 00:51:40 avas postfix/smtpd[3200]: disconnect from unknown[208.37.192.234]
Mar  1 00:51:41 avas postfix/smtpd[3170]: 259E061AA4: client=unknown[61.235.226.65]
Mar  1 00:51:41 avas postfix/smtpd[3170]: 259E061AA4: reject: RCPT from unknown[61.235.226.65]: 557 Service unavailable; Client host [61.235.226.65] blocked using dnsbl.sorbs.net; HTTP Proxy See: http://www.dnsbl.sorbs.net/cgi-bin/lookup?IP=61.235.226.65; from=<langleyxu@yahoo.fr> to=<hall@example.com> proto=SMTP helo=<msn.com>
Mar  1 00:51:42 avas postfix/smtpd[2610]: 23B8D61AB4: client=p0409-ip02higasisibu.tokyo.ocn.ne.jp[211.6.24.159]
Mar  1 00:51:42 avas postfix/smtpd[2737]: 89AAF61A83: reject: RCPT from unknown[200.72.205.195]: 557 Service unavailable; Client host [200.72.205.195] blocked using dnsbl.sorbs.net; HTTP Proxy See: http://www.dnsbl.sorbs.net/cgi-bin/lookup?IP=200.72.205.195; from=<txqbtrpi@bigfoot.com> to=<20mcallister@example.com> proto=SMTP helo=<10.0.0.214>
Mar  1 00:51:43 avas postfix/smtpd[3082]: disconnect from unknown[218.27.60.113]
Mar  1 00:51:43 avas postfix/smtpd[3170]: lost connection after RCPT from unknown[61.235.226.65]
Mar  1 00:51:43 avas postfix/smtpd[3170]: disconnect from unknown[61.235.226.65]
Mar  1 00:51:45 avas postfix/smtpd[2737]: 89AAF61A83: reject: RCPT from unknown[200.72.205.195]: 557 Service unavailable; Client host [200.72.205.195] blocked using dnsbl.sorbs.net; HTTP Proxy See: http://www.dnsbl.sorbs.net/cgi-bin/lookup?IP=200.72.205.195; from=<txqbtrpi@bigfoot.com> to=<20mcallisters@example.com> proto=SMTP helo=<10.0.0.214>
Mar  1 00:51:45 avas postfix/cleanup[3038]: 23B8D61AB4: message-id=<102a01c3ff6a$bbb293f9$8d241d6d@ulgy1s3>
Mar  1 00:51:45 avas postfix/smtpd[3200]: connect from unknown[219.138.54.198]
Mar  1 00:51:46 avas postfix/qmgr[23698]: 23B8D61AB4: from=<donawallka@micronet.fr>, size=1084, nrcpt=1 (queue active)
Mar  1 00:51:46 avas postfix/smtpd[2610]: disconnect from p0409-ip02higasisibu.tokyo.ocn.ne.jp[211.6.24.159]
Mar  1 00:51:46 avas postfix/smtpd[2737]: 89AAF61A83: reject: RCPT from unknown[200.72.205.195]: 557 Service unavailable; Client host [200.72.205.195] blocked using dnsbl.sorbs.net; HTTP Proxy See: http://www.dnsbl.sorbs.net/cgi-bin/lookup?IP=200.72.205.195; from=<txqbtrpi@bigfoot.com> to=<20mckinnon@example.com> proto=SMTP helo=<10.0.0.214>
Mar  1 00:51:47 avas postfix/smtpd[3200]: 2315E61AA4: client=unknown[219.138.54.198]
Mar  1 00:51:47 avas postfix/smtpd[3200]: 2315E61AA4: reject: RCPT from unknown[219.138.54.198]: 557 Service unavailable; Client host [219.138.54.198] blocked using dnsbl.sorbs.net; HTTP Proxy See: http://www.dnsbl.sorbs.net/cgi-bin/lookup?IP=219.138.54.198; from=<pearl.palmerqc@yahoo.co.uk> to=<hall@example.com> proto=SMTP helo=<msn.com>
Mar  1 00:51:47 avas postfix/smtpd[3082]: connect from pcp08695875pcs.500ash01.tn.comcast.net[69.137.104.216]
Mar  1 00:51:49 avas postfix/smtpd[3200]: lost connection after RCPT from unknown[219.138.54.198]
Mar  1 00:51:49 avas postfix/smtpd[3200]: disconnect from unknown[219.138.54.198]
Mar  1 00:51:51 avas postfix/smtpd[3082]: EF22561AA4: client=pcp08695875pcs.500ash01.tn.comcast.net[69.137.104.216]
Mar  1 00:51:51 avas postfix/smtpd[2737]: 89AAF61A83: reject: RCPT from unknown[200.72.205.195]: 557 Service unavailable; Client host [200.72.205.195] blocked using dnsbl.sorbs.net; HTTP Proxy See: http://www.dnsbl.sorbs.net/cgi-bin/lookup?IP=200.72.205.195; from=<txqbtrpi@bigfoot.com> to=<20mckivett@example.com> proto=SMTP helo=<10.0.0.214>
Mar  1 00:51:53 avas postfix/smtpd[2737]: 89AAF61A83: reject: RCPT from unknown[200.72.205.195]: 557 Service unavailable; Client host [200.72.205.195] blocked using dnsbl.sorbs.net; HTTP Proxy See: http://www.dnsbl.sorbs.net/cgi-bin/lookup?IP=200.72.205.195; from=<txqbtrpi@bigfoot.com> to=<20mcmullen@example.com> proto=SMTP helo=<10.0.0.214>
Mar  1 00:51:53 avas amavis[2889]: (02889-10) Not-Delivered, <donawallka@micronet.fr> -> <boman@example.com>, quarantine spam-628207888f85a3ba1360d2d547faffb2-20040301-005153-02889-10, Message-ID: <102a01c3ff6a$bbb293f9$8d241d6d@ulgy1s3>, Hits: 14.935
Mar  1 00:51:53 avas postfix/smtp[3250]: 23B8D61AB4: to=<boman@example.com>, relay=127.0.0.1[127.0.0.1], delay=11, status=sent (250 2.7.1 Ok, discarded, UBE, id=02889-10)
Mar  1 00:51:53 avas postfix/smtpd[3082]: EF22561AA4: reject: RCPT from pcp08695875pcs.500ash01.tn.comcast.net[69.137.104.216]: 557 Service unavailable; Client host [69.137.104.216] blocked using list.dsbl.org; http://dsbl.org/listing?ip=69.137.104.216; from=<flieraaron@attbi.com> to=<dahl@example.com> proto=SMTP helo=<pcp08695875pcs.500ash01.tn.comcast.net>
Mar  1 00:51:54 avas postfix/smtpd[2737]: 89AAF61A83: reject: RCPT from unknown[200.72.205.195]: 557 Service unavailable; Client host [200.72.205.195] blocked using dnsbl.sorbs.net; HTTP Proxy See: http://www.dnsbl.sorbs.net/cgi-bin/lookup?IP=200.72.205.195; from=<txqbtrpi@bigfoot.com> to=<20mcpherson@example.com> proto=SMTP helo=<10.0.0.214>
Mar  1 00:51:55 avas postfix/smtpd[3170]: warning: 208.37.192.234: address not listed for hostname globrite.com
Mar  1 00:51:55 avas postfix/smtpd[3170]: connect from unknown[208.37.192.234]
Mar  1 00:51:55 avas postfix/smtpd[3170]: disconnect from unknown[208.37.192.234]
Mar  1 00:51:56 avas postfix/smtpd[2737]: 89AAF61A83: reject: RCPT from unknown[200.72.205.195]: 557 Service unavailable; Client host [200.72.205.195] blocked using dnsbl.sorbs.net; HTTP Proxy See: http://www.dnsbl.sorbs.net/cgi-bin/lookup?IP=200.72.205.195; from=<txqbtrpi@bigfoot.com> to=<20noble@example.com> proto=SMTP helo=<10.0.0.214>
Mar  1 00:51:56 avas postfix/smtpd[3082]: disconnect from pcp08695875pcs.500ash01.tn.comcast.net[69.137.104.216]
Mar  1 00:51:57 avas postfix/smtpd[2737]: 89AAF61A83: reject: RCPT from unknown[200.72.205.195]: 557 Service unavailable; Client host [200.72.205.195] blocked using dnsbl.sorbs.net; HTTP Proxy See: http://www.dnsbl.sorbs.net/cgi-bin/lookup?IP=200.72.205.195; from=<txqbtrpi@bigfoot.com> to=<20nowe@example.com> proto=SMTP helo=<10.0.0.214>
Mar  1 00:51:58 avas postfix/smtpd[2610]: connect from unknown[62.113.122.52]
Mar  1 00:51:59 avas postfix/smtpd[2610]: 16D2361AA4: client=unknown[62.113.122.52]
Mar  1 00:51:59 avas postfix/smtpd[2737]: 89AAF61A83: reject: RCPT from unknown[200.72.205.195]: 557 Service unavailable; Client host [200.72.205.195] blocked using dnsbl.sorbs.net; HTTP Proxy See: http://www.dnsbl.sorbs.net/cgi-bin/lookup?IP=200.72.205.195; from=<txqbtrpi@bigfoot.com> to=<20olsen@example.com> proto=SMTP helo=<10.0.0.214>
Mar  1 00:51:59 avas postfix/smtpd[2610]: 16D2361AA4: reject: RCPT from unknown[62.113.122.52]: 450 <apache@s2.raexpert.ru>: Sender address rejected: Domain not found; from=<apache@s2.raexpert.ru> to=<kennedyg@example.com> proto=ESMTP helo=<s2.raexpert.ru>
Mar  1 00:52:03 avas postfix/smtpd[3081]: 700D661AA6: reject: RCPT from unknown[218.191.76.109]: 557 Service unavailable; Client host [218.191.76.109] blocked using dnsbl.sorbs.net; Spam Received See: http://www.dnsbl.sorbs.net/cgi-bin/lookup?IP=218.191.76.109; from=<vanessaarthur_oc@mywankers.com> to=<manng@example.com> proto=SMTP helo=<mywankers.com>
Mar  1 00:52:04 avas postfix/smtpd[3081]: lost connection after RCPT from unknown[218.191.76.109]
Mar  1 00:52:04 avas postfix/smtpd[3081]: disconnect from unknown[218.191.76.109]
Mar  1 00:52:05 avas postfix/smtpd[3200]: connect from h24-69-171-93.pk.shawcable.net[24.69.171.93]
Mar  1 00:52:06 avas postfix/smtpd[3200]: 201D261AA4: client=h24-69-171-93.pk.shawcable.net[24.69.171.93]
Mar  1 00:52:06 avas postfix/smtpd[2610]: disconnect from unknown[62.113.122.52]
Mar  1 00:52:07 avas postfix/smtpd[2769]: connect from unknown[68.125.55.17]
Mar  1 00:52:09 avas postfix/smtpd[3200]: 201D261AA4: reject: RCPT from h24-69-171-93.pk.shawcable.net[24.69.171.93]: 557 Service unavailable; Client host [24.69.171.93] blocked using dnsbl.sorbs.net; Dynamic IP Address See: http://www.dnsbl.sorbs.net/cgi-bin/lookup?IP=24.69.171.93; from=<b.silveren@yahoo.ca> to=<hall@example.com> proto=SMTP helo=<hotmail.com>
Mar  1 00:52:09 avas postfix/smtpd[2737]: lost connection after RCPT from unknown[200.72.205.195]
Mar  1 00:52:09 avas postfix/smtpd[2737]: disconnect from unknown[200.72.205.195]
Mar  1 00:52:10 avas postfix/smtpd[3170]: warning: 208.37.192.234: address not listed for hostname globrite.com
Mar  1 00:52:10 avas postfix/smtpd[3170]: connect from unknown[208.37.192.234]
Mar  1 00:52:10 avas postfix/smtpd[3200]: lost connection after RCPT from h24-69-171-93.pk.shawcable.net[24.69.171.93]
Mar  1 00:52:10 avas postfix/smtpd[3200]: disconnect from h24-69-171-93.pk.shawcable.net[24.69.171.93]
Mar  1 00:52:10 avas postfix/smtpd[3170]: disconnect from unknown[208.37.192.234]
Mar  1 00:52:12 avas postfix/smtpd[3082]: connect from adsl-209-30-184-47.dsl.rcsntx.swbell.net[209.30.184.47]
Mar  1 00:52:13 avas postfix/smtpd[2769]: lost connection after CONNECT from unknown[68.125.55.17]
Mar  1 00:52:13 avas postfix/smtpd[2769]: disconnect from unknown[68.125.55.17]
Mar  1 00:52:13 avas postfix/smtpd[3082]: 4BF0961A83: client=adsl-209-30-184-47.dsl.rcsntx.swbell.net[209.30.184.47]
Mar  1 00:52:17 avas postfix/smtpd[3081]: connect from h00c0a88326b5.ne.client2.attbi.com[24.34.219.176]
Mar  1 00:52:18 avas postfix/smtpd[3081]: 7A54F61AA4: client=h00c0a88326b5.ne.client2.attbi.com[24.34.219.176]
Mar  1 00:52:18 avas postfix/smtpd[3082]: 4BF0961A83: reject: RCPT from adsl-209-30-184-47.dsl.rcsntx.swbell.net[209.30.184.47]: 557 Service unavailable; Client host [209.30.184.47] blocked using dnsbl.sorbs.net; Dynamic IP Address See: http://www.dnsbl.sorbs.net/cgi-bin/lookup?IP=209.30.184.47; from=<freda.grace_ce@yahoo.com> to=<hall@example.com> proto=SMTP helo=<yahoo.co.uk>
Mar  1 00:52:20 avas postfix/smtpd[3082]: lost connection after RCPT from adsl-209-30-184-47.dsl.rcsntx.swbell.net[209.30.184.47]
Mar  1 00:52:20 avas postfix/smtpd[3082]: disconnect from adsl-209-30-184-47.dsl.rcsntx.swbell.net[209.30.184.47]
Mar  1 00:52:21 avas postfix/smtpd[2610]: connect from unknown[61.105.133.247]
Mar  1 00:52:22 avas postfix/smtpd[2610]: A1D1061A83: client=unknown[61.105.133.247]
Mar  1 00:52:25 avas postfix/smtpd[2610]: A1D1061A83: reject: RCPT from unknown[61.105.133.247]: 557 Service unavailable; Client host [61.105.133.247] blocked using dnsbl.sorbs.net; HTTP Proxy See: http://www.dnsbl.sorbs.net/cgi-bin/lookup?IP=61.105.133.247; from=<dominickcordova_la@yahoo.com> to=<hall@example.com> proto=SMTP helo=<yahoo.ca>
Mar  1 00:52:26 avas postfix/smtpd[2737]: warning: 208.37.192.234: address not listed for hostname globrite.com
Mar  1 00:52:26 avas postfix/smtpd[2737]: connect from unknown[208.37.192.234]
Mar  1 00:52:26 avas postfix/smtpd[2737]: disconnect from unknown[208.37.192.234]
Mar  1 00:52:27 avas postfix/smtpd[2610]: lost connection after RCPT from unknown[61.105.133.247]
Mar  1 00:52:27 avas postfix/smtpd[2610]: disconnect from unknown[61.105.133.247]
Mar  1 00:52:28 avas postfix/smtpd[3200]: connect from unknown[61.253.22.72]
Mar  1 00:52:29 avas postfix/smtpd[3200]: 254DE61A83: client=unknown[61.253.22.72]
Mar  1 00:52:29 avas postfix/smtpd[3200]: 254DE61A83: reject: RCPT from unknown[61.253.22.72]: 557 Service unavailable; Client host [61.253.22.72] blocked using dnsbl.sorbs.net; Spam Received See: http://www.dnsbl.sorbs.net/cgi-bin/lookup?IP=61.253.22.72; from=<hillarytuttleyu@mail.com> to=<continuinged@example.com> proto=SMTP helo=<mail.com>
Mar  1 00:52:31 avas postfix/smtpd[3200]: lost connection after RCPT from unknown[61.253.22.72]
Mar  1 00:52:31 avas postfix/smtpd[3200]: disconnect from unknown[61.253.22.72]
Mar  1 00:52:33 avas postfix/smtpd[3170]: connect from 191.130.252.64.snet.net[64.252.130.191]
Mar  1 00:52:33 avas postfix/smtpd[3170]: 88A9E61A83: client=191.130.252.64.snet.net[64.252.130.191]
Mar  1 00:52:34 avas postfix/smtpd[3081]: 7A54F61AA4: reject: RCPT from h00c0a88326b5.ne.client2.attbi.com[24.34.219.176]: 557 Service unavailable; Client host [24.34.219.176] blocked using list.dsbl.org; http://dsbl.org/listing?ip=24.34.219.176; from=<KatelynCardenas@lincnet.com.au> to=<durand@example.com> proto=SMTP helo=<h00c0a88326b5.ne.client2.attbi.com>
Mar  1 00:52:35 avas postfix/smtpd[3170]: 88A9E61A83: reject: RCPT from 191.130.252.64.snet.net[64.252.130.191]: 557 Service unavailable; Client host [64.252.130.191] blocked using dnsbl.sorbs.net; Dynamic IP Address See: http://www.dnsbl.sorbs.net/cgi-bin/lookup?IP=64.252.130.191; from=<rnmoqy@msn.com> to=<clare@example.com> proto=SMTP helo=<192.168.1.101>
Mar  1 00:52:36 avas postfix/smtpd[3170]: 88A9E61A83: reject: RCPT from 191.130.252.64.snet.net[64.252.130.191]: 557 Service unavailable; Client host [64.252.130.191] blocked using dnsbl.sorbs.net; Dynamic IP Address See: http://www.dnsbl.sorbs.net/cgi-bin/lookup?IP=64.252.130.191; from=<rnmoqy@msn.com> to=<thair@example.com> proto=SMTP helo=<192.168.1.101>
Mar  1 00:52:37 avas postfix/smtpd[3170]: 88A9E61A83: reject: RCPT from 191.130.252.64.snet.net[64.252.130.191]: 557 Service unavailable; Client host [64.252.130.191] blocked using dnsbl.sorbs.net; Dynamic IP Address See: http://www.dnsbl.sorbs.net/cgi-bin/lookup?IP=64.252.130.191; from=<rnmoqy@msn.com> to=<clare@example.com> proto=SMTP helo=<192.168.1.101>
Mar  1 00:52:38 avas postfix/smtpd[3170]: disconnect from 191.130.252.64.snet.net[64.252.130.191]
Mar  1 00:52:41 avas postfix/smtpd[2769]: warning: 208.37.192.234: address not listed for hostname globrite.com
Mar  1 00:52:41 avas postfix/smtpd[2769]: connect from unknown[208.37.192.234]
Mar  1 00:52:41 avas postfix/smtpd[2769]: disconnect from unknown[208.37.192.234]
Mar  1 00:52:42 avas postfix/smtpd[3081]: disconnect from h00c0a88326b5.ne.client2.attbi.com[24.34.219.176]
Mar  1 00:52:48 avas postfix/smtpd[3082]: connect from unknown[221.137.32.254]
Mar  1 00:52:50 avas postfix/smtpd[3082]: 7ABDE61A83: client=unknown[221.137.32.254]
Mar  1 00:52:51 avas postfix/smtpd[3082]: 7ABDE61A83: reject: RCPT from unknown[221.137.32.254]: 557 Service unavailable; Client host [221.137.32.254] blocked using dnsbl.sorbs.net; HTTP Proxy See: http://www.dnsbl.sorbs.net/cgi-bin/lookup?IP=221.137.32.254; from=<y_ngoode_yo@choppersluts.com> to=<manng@example.com> proto=SMTP helo=<mywankers.com>
Mar  1 00:52:52 avas postfix/smtpd[2610]: connect from host232-46.pool80181.interbusiness.it[80.181.46.232]
Mar  1 00:52:52 avas postfix/smtpd[3199]: 713C761AAF: reject: RCPT from unknown[218.22.232.121]: 557 Service unavailable; Client host [218.22.232.121] blocked using dnsbl.sorbs.net; SOCKS Proxy See: http://www.dnsbl.sorbs.net/cgi-bin/lookup?IP=218.22.232.121; from=<kirk.oconnellff@mywankers.com> to=<manng@example.com> proto=SMTP helo=<choppersluts.com>
Mar  1 00:52:53 avas postfix/smtpd[3199]: lost connection after RCPT from unknown[218.22.232.121]
Mar  1 00:52:53 avas postfix/smtpd[3199]: disconnect from unknown[218.22.232.121]
Mar  1 00:52:54 avas postfix/smtpd[3082]: lost connection after RCPT from unknown[221.137.32.254]
Mar  1 00:52:54 avas postfix/smtpd[3082]: disconnect from unknown[221.137.32.254]
Mar  1 00:52:54 avas postfix/smtpd[3200]: connect from creteil-3-81-56-24-111.fbx.proxad.net[81.56.24.111]
Mar  1 00:52:54 avas postfix/smtpd[2610]: 8F1FF61A83: client=host232-46.pool80181.interbusiness.it[80.181.46.232]
Mar  1 00:52:55 avas postfix/smtpd[3200]: 3D93C61AA4: client=creteil-3-81-56-24-111.fbx.proxad.net[81.56.24.111]
Mar  1 00:52:56 avas postfix/smtpd[3200]: 3D93C61AA4: reject: RCPT from creteil-3-81-56-24-111.fbx.proxad.net[81.56.24.111]: 557 Service unavailable; Client host [81.56.24.111] blocked using dnsbl.sorbs.net; SOCKS Proxy See: http://www.dnsbl.sorbs.net/cgi-bin/lookup?IP=81.56.24.111; from=<hsykes_cr@choppersluts.com> to=<manng@example.com> proto=SMTP helo=<choppersluts.com>
Mar  1 00:52:56 avas postfix/smtpd[3170]: warning: 208.37.192.234: address not listed for hostname globrite.com
Mar  1 00:52:56 avas postfix/smtpd[3170]: connect from unknown[208.37.192.234]
Mar  1 00:52:56 avas postfix/smtpd[3170]: disconnect from unknown[208.37.192.234]
Mar  1 00:52:56 avas postfix/smtpd[2610]: 8F1FF61A83: reject: RCPT from host232-46.pool80181.interbusiness.it[80.181.46.232]: 557 Service unavailable; Client host [80.181.46.232] blocked using dnsbl.sorbs.net; HTTP Proxy See: http://www.dnsbl.sorbs.net/cgi-bin/lookup?IP=80.181.46.232; from=<davidjoyce_kk@mail.com> to=<adamspe@example.com> proto=SMTP helo=<mail.com>
Mar  1 00:52:57 avas postfix/smtpd[3200]: lost connection after RCPT from creteil-3-81-56-24-111.fbx.proxad.net[81.56.24.111]
Mar  1 00:52:57 avas postfix/smtpd[3200]: disconnect from creteil-3-81-56-24-111.fbx.proxad.net[81.56.24.111]
Mar  1 00:52:58 avas postfix/smtpd[2610]: lost connection after RCPT from host232-46.pool80181.interbusiness.it[80.181.46.232]
Mar  1 00:52:58 avas postfix/smtpd[2610]: disconnect from host232-46.pool80181.interbusiness.it[80.181.46.232]
Mar  1 00:52:59 avas postfix/smtpd[2769]: connect from unknown[221.137.31.139]
Mar  1 00:53:01 avas postfix/smtpd[2769]: 416A961A83: client=unknown[221.137.31.139]
Mar  1 00:53:02 avas postfix/smtpd[3081]: warning: 208.37.192.234: address not listed for hostname globrite.com
Mar  1 00:53:02 avas postfix/smtpd[3081]: connect from unknown[208.37.192.234]
Mar  1 00:53:02 avas postfix/smtpd[3081]: disconnect from unknown[208.37.192.234]
Mar  1 00:53:02 avas postfix/smtpd[2769]: 416A961A83: reject: RCPT from unknown[221.137.31.139]: 557 Service unavailable; Client host [221.137.31.139] blocked using list.dsbl.org; http://dsbl.org/listing?ip=221.137.31.139; from=<elbahaynespa@choppersluts.com> to=<manng@example.com> proto=SMTP helo=<mywankers.com>
Mar  1 00:53:04 avas postfix/smtpd[2769]: lost connection after RCPT from unknown[221.137.31.139]
Mar  1 00:53:04 avas postfix/smtpd[2769]: disconnect from unknown[221.137.31.139]
Mar  1 00:53:13 avas postfix/smtpd[3082]: connect from unknown[218.23.23.20]
Mar  1 00:53:13 avas postfix/smtpd[2737]: connect from unknown[200.64.168.98]
Mar  1 00:53:13 avas postfix/smtpd[2737]: lost connection after CONNECT from unknown[200.64.168.98]
Mar  1 00:53:13 avas postfix/smtpd[2737]: disconnect from unknown[200.64.168.98]
Mar  1 00:53:13 avas postfix/smtpd[3170]: connect from c3eea7a88.cable.wanadoo.nl[62.234.122.136]
Mar  1 00:53:15 avas postfix/smtpd[3082]: BCF7761A83: client=unknown[218.23.23.20]
Mar  1 00:53:15 avas postfix/smtpd[3200]: connect from c-24-15-37-29.client.comcast.net[24.15.37.29]
Mar  1 00:53:17 avas postfix/smtpd[3200]: 206F461AA4: client=c-24-15-37-29.client.comcast.net[24.15.37.29]
Mar  1 00:53:17 avas postfix/smtpd[2610]: warning: 208.37.192.234: address not listed for hostname globrite.com
Mar  1 00:53:17 avas postfix/smtpd[2610]: connect from unknown[208.37.192.234]
Mar  1 00:53:17 avas postfix/smtpd[2610]: disconnect from unknown[208.37.192.234]
Mar  1 00:53:17 avas postfix/smtpd[3082]: BCF7761A83: reject: RCPT from unknown[218.23.23.20]: 557 Service unavailable; Client host [218.23.23.20] blocked using dnsbl.sorbs.net; SOCKS Proxy See: http://www.dnsbl.sorbs.net/cgi-bin/lookup?IP=218.23.23.20; from=<t.melendez_hf@choppersluts.com> to=<manng@example.com> proto=SMTP helo=<choppersluts.com>
Mar  1 00:53:17 avas postfix/smtpd[3081]: connect from unknown[219.233.204.88]
Mar  1 00:53:19 avas postfix/smtpd[3082]: lost connection after RCPT from unknown[218.23.23.20]
Mar  1 00:53:19 avas postfix/smtpd[3082]: disconnect from unknown[218.23.23.20]
Mar  1 00:53:21 avas postfix/smtpd[3081]: F3C2B61A83: client=unknown[219.233.204.88]
Mar  1 00:53:23 avas postfix/smtpd[2769]: connect from unknown[61.105.133.247]
Mar  1 00:53:24 avas postfix/smtpd[2769]: 1A6D661AA6: client=unknown[61.105.133.247]
Mar  1 00:53:25 avas postfix/smtpd[2737]: connect from unknown[218.232.228.130]
Mar  1 00:53:26 avas postfix/smtpd[3199]: connect from CM600-lcis1-31-73.cm.vtr.net[200.104.31.73]
Mar  1 00:53:28 avas postfix/smtpd[3081]: F3C2B61A83: reject: RCPT from unknown[219.233.204.88]: 557 Service unavailable; Client host [219.233.204.88] blocked using sbl.spamhaus.org; http://www.spamhaus.org/SBL/sbl.lasso?query=SBL8396; from=<n.kenneyfx@msn.com> to=<adamspe@example.com> proto=SMTP helo=<yahoo.co.uk>
Mar  1 00:53:29 avas postfix/smtpd[3199]: 0535E61AAF: client=CM600-lcis1-31-73.cm.vtr.net[200.104.31.73]
Mar  1 00:53:31 avas postfix/smtpd[3170]: 0920C61AB3: client=c3eea7a88.cable.wanadoo.nl[62.234.122.136]
Mar  1 00:53:31 avas postfix/smtpd[3081]: lost connection after RCPT from unknown[219.233.204.88]
Mar  1 00:53:31 avas postfix/smtpd[3081]: disconnect from unknown[219.233.204.88]
Mar  1 00:53:31 avas postfix/smtpd[2610]: connect from unknown[81.195.87.106]
Mar  1 00:53:32 avas postfix/smtpd[3082]: warning: 208.37.192.234: address not listed for hostname globrite.com
Mar  1 00:53:32 avas postfix/smtpd[3082]: connect from unknown[208.37.192.234]
Mar  1 00:53:32 avas postfix/smtpd[3082]: disconnect from unknown[208.37.192.234]
Mar  1 00:53:35 avas postfix/smtpd[2610]: 39AC461A83: client=unknown[81.195.87.106]
Mar  1 00:53:35 avas postfix/smtpd[3200]: 206F461AA4: reject: RCPT from c-24-15-37-29.client.comcast.net[24.15.37.29]: 557 Service unavailable; Client host [24.15.37.29] blocked using list.dsbl.org; http://dsbl.org/listing?ip=24.15.37.29; from=<79hegzaxg@1122dge.com> to=<boese@example.com> proto=SMTP helo=<c-24-15-37-29.client.comcast.net>
Mar  1 00:53:37 avas postfix/smtpd[3200]: 206F461AA4: reject: RCPT from c-24-15-37-29.client.comcast.net[24.15.37.29]: 557 Service unavailable; Client host [24.15.37.29] blocked using list.dsbl.org; http://dsbl.org/listing?ip=24.15.37.29; from=<79hegzaxg@1122dge.com> to=<boman@example.com> proto=SMTP helo=<c-24-15-37-29.client.comcast.net>
Mar  1 00:53:38 avas postfix/smtpd[3199]: 0535E61AAF: reject: RCPT from CM600-lcis1-31-73.cm.vtr.net[200.104.31.73]: 557 Service unavailable; Client host [200.104.31.73] blocked using dnsbl.sorbs.net; Dynamic IP Address See: http://www.dnsbl.sorbs.net/cgi-bin/lookup?IP=200.104.31.73; from=<hurleytc@choppersluts.com> to=<manng@example.com> proto=SMTP helo=<mywankers.com>
Mar  1 00:53:40 avas postfix/smtpd[3199]: lost connection after RCPT from CM600-lcis1-31-73.cm.vtr.net[200.104.31.73]
Mar  1 00:53:40 avas postfix/smtpd[3199]: disconnect from CM600-lcis1-31-73.cm.vtr.net[200.104.31.73]
Mar  1 00:53:40 avas postfix/smtpd[3200]: lost connection after RCPT from c-24-15-37-29.client.comcast.net[24.15.37.29]
Mar  1 00:53:40 avas postfix/smtpd[3200]: disconnect from c-24-15-37-29.client.comcast.net[24.15.37.29]
Mar  1 00:53:41 avas postfix/smtpd[3081]: connect from mailserv03.yss4.com[206.253.208.235]
Mar  1 00:53:41 avas postfix/smtpd[3081]: 2DFC061AA4: client=mailserv03.yss4.com[206.253.208.235]
Mar  1 00:53:42 avas postfix/smtpd[3170]: 0920C61AB3: reject: RCPT from c3eea7a88.cable.wanadoo.nl[62.234.122.136]: 557 Service unavailable; Client host [62.234.122.136] blocked using dnsbl.sorbs.net; Dynamic IP Address See: http://www.dnsbl.sorbs.net/cgi-bin/lookup?IP=62.234.122.136; from=<REGORUEQBUH@yahoo.com> to=<sali@example.com> proto=SMTP helo=<c3eea7a88.cable.wanadoo.nl>
Mar  1 00:53:45 avas postfix/cleanup[3036]: 2DFC061AA4: message-id=<20040301085309.040F211BD@mailserv03.yss4.com>
Mar  1 00:53:45 avas postfix/qmgr[23698]: 2DFC061AA4: from=<reminder@thebreastcancersite.com>, size=2494, nrcpt=1 (queue active)
Mar  1 00:53:45 avas postfix/smtpd[3081]: disconnect from mailserv03.yss4.com[206.253.208.235]
Mar  1 00:53:46 avas postfix/smtpd[3082]: connect from unknown[218.8.9.211]
Mar  1 00:53:46 avas postfix/cleanup[3038]: 39AC461A83: message-id=<010001c3ff73$04aa0578$8103ac27@hotmail.com>
Mar  1 00:53:46 avas postfix/qmgr[23698]: 39AC461A83: from=<broms7@hotmail.com>, size=2283, nrcpt=1 (queue active)
Mar  1 00:53:47 avas postfix/smtpd[3199]: warning: 208.37.192.234: address not listed for hostname globrite.com
Mar  1 00:53:47 avas postfix/smtpd[3199]: connect from unknown[208.37.192.234]
Mar  1 00:53:47 avas postfix/smtpd[3199]: disconnect from unknown[208.37.192.234]
Mar  1 00:53:50 avas postfix/smtpd[3170]: 0920C61AB3: reject: RCPT from c3eea7a88.cable.wanadoo.nl[62.234.122.136]: 557 Service unavailable; Client host [62.234.122.136] blocked using dnsbl.sorbs.net; Dynamic IP Address See: http://www.dnsbl.sorbs.net/cgi-bin/lookup?IP=62.234.122.136; from=<REGORUEQBUH@yahoo.com> to=<weed@example.com> proto=SMTP helo=<c3eea7a88.cable.wanadoo.nl>
Mar  1 00:53:50 avas postfix/smtpd[3082]: 388C761AAF: client=unknown[218.8.9.211]
Mar  1 00:53:53 avas postfix/smtpd[3359]: connect from avas.example.com[127.0.0.1]
Mar  1 00:53:53 avas postfix/smtpd[3359]: 7488861AB4: client=avas.example.com[127.0.0.1]
Mar  1 00:53:53 avas postfix/cleanup[3037]: 7488861AB4: message-id=<010001c3ff73$04aa0578$8103ac27@hotmail.com>
Mar  1 00:53:53 avas postfix/qmgr[23698]: 7488861AB4: from=<broms7@hotmail.com>, size=2662, nrcpt=1 (queue active)
Mar  1 00:53:53 avas postfix/smtpd[3359]: disconnect from avas.example.com[127.0.0.1]
Mar  1 00:53:53 avas amavis[3078]: (03078-03) Passed, <broms7@hotmail.com> -> <kahlke@example.com>, Message-ID: <010001c3ff73$04aa0578$8103ac27@hotmail.com>, Hits: 0.823
Mar  1 00:53:53 avas postfix/smtp[3353]: 39AC461A83: to=<kahlke@example.com>, relay=127.0.0.1[127.0.0.1], delay=18, status=sent (250 2.6.0 Ok, id=03078-03, from MTA: 250 Ok: queued as 7488861AB4)
Mar  1 00:53:53 avas postfix/smtp[3360]: 7488861AB4: to=<kahlke@example.com>, relay=10.0.0.251[10.0.0.251], delay=0, status=sent (250 Command DATA Processed mail data Ok)
Mar  1 00:53:53 avas postfix/smtpd[3082]: 388C761AAF: reject: RCPT from unknown[218.8.9.211]: 557 Service unavailable; Client host [218.8.9.211] blocked using list.dsbl.org; http://dsbl.org/listing?ip=218.8.9.211; from=<meagan_mcClellan_gb@choppersluts.com> to=<manng@example.com> proto=SMTP helo=<choppersluts.com>
Mar  1 00:53:55 avas postfix/smtpd[3082]: lost connection after RCPT from unknown[218.8.9.211]
Mar  1 00:53:55 avas postfix/smtpd[3082]: disconnect from unknown[218.8.9.211]
Mar  1 00:53:57 avas postfix/smtpd[2737]: lost connection after HELO from unknown[218.232.228.130]
Mar  1 00:53:57 avas postfix/smtpd[2737]: disconnect from unknown[218.232.228.130]
Mar  1 00:53:57 avas postfix/smtpd[3200]: connect from unknown[61.153.216.142]
Mar  1 00:53:58 avas postfix/smtpd[3081]: connect from unknown[61.82.59.248]
Mar  1 00:53:59 avas postfix/smtpd[3200]: 9F18961A83: client=unknown[61.153.216.142]
Mar  1 00:53:59 avas postfix/smtpd[3199]: connect from unknown[61.166.49.74]
Mar  1 00:54:00 avas postfix/smtpd[3081]: 5BB7861AAF: client=unknown[61.82.59.248]
Mar  1 00:54:00 avas postfix/smtpd[3200]: 9F18961A83: reject: RCPT from unknown[61.153.216.142]: 557 Service unavailable; Client host [61.153.216.142] blocked using dnsbl.sorbs.net; SOCKS Proxy See: http://www.dnsbl.sorbs.net/cgi-bin/lookup?IP=61.153.216.142; from=<kriswonges@choppersluts.com> to=<manng@example.com> proto=SMTP helo=<choppersluts.com>
Mar  1 00:54:01 avas postfix/smtpd[3081]: 5BB7861AAF: reject: RCPT from unknown[61.82.59.248]: 557 Service unavailable; Client host [61.82.59.248] blocked using dnsbl.sorbs.net; SOCKS Proxy See: http://www.dnsbl.sorbs.net/cgi-bin/lookup?IP=61.82.59.248; from=<zane_n_erwinlj@inbox.lv> to=<applegate@example.com> proto=SMTP helo=<imail.ru>
Mar  1 00:54:01 avas postfix/smtpd[3359]: connect from avas.example.com[127.0.0.1]
Mar  1 00:54:01 avas postfix/smtpd[3359]: 6AC2361AB4: client=avas.example.com[127.0.0.1]
Mar  1 00:54:01 avas postfix/cleanup[3037]: 6AC2361AB4: message-id=<20040301085309.040F211BD@mailserv03.yss4.com>
Mar  1 00:54:01 avas postfix/qmgr[23698]: 6AC2361AB4: from=<reminder@thebreastcancersite.com>, size=2843, nrcpt=1 (queue active)
Mar  1 00:54:01 avas postfix/smtpd[3359]: disconnect from avas.example.com[127.0.0.1]
Mar  1 00:54:01 avas amavis[3193]: (03193-04) Passed, <reminder@thebreastcancersite.com> -> <conroy@example.com>, Message-ID: <20040301085309.040F211BD@mailserv03.yss4.com>, Hits: 1.188
Mar  1 00:54:01 avas postfix/smtp[3349]: 2DFC061AA4: to=<conroy@example.com>, relay=127.0.0.1[127.0.0.1], delay=20, status=sent (250 2.6.0 Ok, id=03193-04, from MTA: 250 Ok: queued as 6AC2361AB4)
Mar  1 00:54:01 avas postfix/smtpd[3170]: disconnect from c3eea7a88.cable.wanadoo.nl[62.234.122.136]
Mar  1 00:54:02 avas postfix/smtp[3360]: 6AC2361AB4: to=<conroy@example.com>, relay=10.0.0.251[10.0.0.251], delay=1, status=sent (250 Command DATA Processed mail data Ok)
Mar  1 00:54:02 avas postfix/smtpd[3200]: lost connection after RCPT from unknown[61.153.216.142]
Mar  1 00:54:02 avas postfix/smtpd[3200]: disconnect from unknown[61.153.216.142]
Mar  1 00:54:02 avas postfix/smtpd[3081]: lost connection after RCPT from unknown[61.82.59.248]
Mar  1 00:54:02 avas postfix/smtpd[3081]: disconnect from unknown[61.82.59.248]
Mar  1 00:54:02 avas postfix/smtpd[3082]: warning: 208.37.192.234: address not listed for hostname globrite.com
Mar  1 00:54:02 avas postfix/smtpd[3082]: connect from unknown[208.37.192.234]
Mar  1 00:54:02 avas postfix/smtpd[3082]: disconnect from unknown[208.37.192.234]
Mar  1 00:54:03 avas postfix/smtpd[2737]: connect from unknown[218.232.228.130]
Mar  1 00:54:04 avas postfix/smtpd[3199]: 2BC2D61A83: client=unknown[61.166.49.74]
Mar  1 00:54:05 avas postfix/smtpd[2737]: 6C85C61AA4: client=unknown[218.232.228.130]
Mar  1 00:54:06 avas postfix/smtpd[3170]: connect from unknown[61.253.22.72]
Mar  1 00:54:06 avas postfix/smtpd[2737]: 6C85C61AA4: reject: RCPT from unknown[218.232.228.130]: 557 Service unavailable; Client host [218.232.228.130] blocked using list.dsbl.org; http://dsbl.org/listing?ip=218.232.228.130; from=<c.bassettxz@kundenserver.de> to=<applegate@example.com> proto=SMTP helo=<chello.de>
Mar  1 00:54:07 avas postfix/smtpd[2737]: lost connection after RCPT from unknown[218.232.228.130]
Mar  1 00:54:07 avas postfix/smtpd[2737]: disconnect from unknown[218.232.228.130]
Mar  1 00:54:08 avas postfix/smtpd[3170]: A584461AA4: client=unknown[61.253.22.72]
Mar  1 00:54:08 avas postfix/smtpd[3200]: connect from unknown[211.186.4.26]
Mar  1 00:54:09 avas postfix/smtpd[3170]: A584461AA4: reject: RCPT from unknown[61.253.22.72]: 557 Service unavailable; Client host [61.253.22.72] blocked using dnsbl.sorbs.net; Spam Received See: http://www.dnsbl.sorbs.net/cgi-bin/lookup?IP=61.253.22.72; from=<kellyharrell_wu@choppersluts.com> to=<manng@example.com> proto=SMTP helo=<choppersluts.com>
Mar  1 00:54:09 avas postfix/smtpd[2610]: disconnect from unknown[81.195.87.106]
Mar  1 00:54:10 avas postfix/smtpd[3199]: 2BC2D61A83: reject: RCPT from unknown[61.166.49.74]: 557 Service unavailable; Client host [61.166.49.74] blocked using dnsbl.sorbs.net; SOCKS Proxy See: http://www.dnsbl.sorbs.net/cgi-bin/lookup?IP=61.166.49.74; from=<maxinewatson_jt@mail.com> to=<applegate@example.com> proto=SMTP helo=<email.com>
Mar  1 00:54:10 avas postfix/smtpd[3170]: lost connection after RCPT from unknown[61.253.22.72]
Mar  1 00:54:10 avas postfix/smtpd[3170]: disconnect from unknown[61.253.22.72]
Mar  1 00:54:10 avas postfix/smtpd[3200]: C274961AA4: client=unknown[211.186.4.26]
Mar  1 00:54:13 avas postfix/smtpd[3199]: lost connection after RCPT from unknown[61.166.49.74]
Mar  1 00:54:13 avas postfix/smtpd[3199]: disconnect from unknown[61.166.49.74]
Mar  1 00:54:17 avas postfix/smtpd[3082]: connect from zaqdadc13f1.zaq.ne.jp[218.220.19.241]
Mar  1 00:54:17 avas postfix/smtpd[2737]: warning: 208.37.192.234: address not listed for hostname globrite.com
Mar  1 00:54:17 avas postfix/smtpd[2737]: connect from unknown[208.37.192.234]
Mar  1 00:54:18 avas postfix/smtpd[2737]: disconnect from unknown[208.37.192.234]
Mar  1 00:54:20 avas postfix/smtpd[3082]: 7CE7461A83: client=zaqdadc13f1.zaq.ne.jp[218.220.19.241]
Mar  1 00:54:22 avas postfix/smtpd[3082]: 7CE7461A83: reject: RCPT from zaqdadc13f1.zaq.ne.jp[218.220.19.241]: 557 Service unavailable; Client host [218.220.19.241] blocked using dnsbl.sorbs.net; Dynamic IP Address See: http://www.dnsbl.sorbs.net/cgi-bin/lookup?IP=218.220.19.241; from=<g_garrison_el@yahoo.fr> to=<applegate@example.com> proto=SMTP helo=<yahoo.fr>
Mar  1 00:54:25 avas postfix/smtpd[3082]: lost connection after RCPT from zaqdadc13f1.zaq.ne.jp[218.220.19.241]
Mar  1 00:54:25 avas postfix/smtpd[3082]: disconnect from zaqdadc13f1.zaq.ne.jp[218.220.19.241]
Mar  1 00:54:26 avas postfix/smtpd[2610]: connect from h177n1fls308o1033.telia.com[81.226.62.177]
Mar  1 00:54:27 avas postfix/smtpd[2610]: 4DBFD61A83: client=h177n1fls308o1033.telia.com[81.226.62.177]
Mar  1 00:54:27 avas postfix/smtpd[3170]: connect from unknown[218.75.82.222]
Mar  1 00:54:28 avas postfix/smtpd[3081]: connect from adsl-63-205-138-246.dsl.lsan03.pacbell.net[63.205.138.246]
Mar  1 00:54:28 avas postfix/smtpd[2610]: 4DBFD61A83: reject: RCPT from h177n1fls308o1033.telia.com[81.226.62.177]: 557 Service unavailable; Client host [81.226.62.177] blocked using dnsbl.sorbs.net; SOCKS Proxy See: http://www.dnsbl.sorbs.net/cgi-bin/lookup?IP=81.226.62.177; from=<vangnp@yahoo.co.uk> to=<aitken@example.com> proto=SMTP helo=<mail.com>
Mar  1 00:54:29 avas postfix/smtpd[3170]: 8932A61AAF: client=unknown[218.75.82.222]
Mar  1 00:54:29 avas postfix/smtpd[2610]: lost connection after RCPT from h177n1fls308o1033.telia.com[81.226.62.177]
Mar  1 00:54:29 avas postfix/smtpd[2610]: disconnect from h177n1fls308o1033.telia.com[81.226.62.177]
Mar  1 00:54:30 avas postfix/smtpd[3081]: 1227261A83: client=adsl-63-205-138-246.dsl.lsan03.pacbell.net[63.205.138.246]
Mar  1 00:54:31 avas postfix/smtpd[3199]: connect from unknown[61.43.42.169]
Mar  1 00:54:32 avas postfix/smtpd[3199]: 6C70161AB3: client=unknown[61.43.42.169]
Mar  1 00:54:32 avas postfix/smtpd[2737]: connect from unknown[218.190.29.19]
Mar  1 00:54:32 avas postfix/smtpd[3082]: warning: 208.37.192.234: address not listed for hostname globrite.com
Mar  1 00:54:32 avas postfix/smtpd[3082]: connect from unknown[208.37.192.234]
Mar  1 00:54:33 avas postfix/smtpd[3082]: disconnect from unknown[208.37.192.234]
Mar  1 00:54:33 avas postfix/smtpd[3199]: 6C70161AB3: reject: RCPT from unknown[61.43.42.169]: 557 Service unavailable; Client host [61.43.42.169] blocked using dnsbl.sorbs.net; HTTP Proxy See: http://www.dnsbl.sorbs.net/cgi-bin/lookup?IP=61.43.42.169; from=<emerysparks_jd@yahoo.fr> to=<aitken@example.com> proto=SMTP helo=<yahoo.ca>
Mar  1 00:54:33 avas postfix/smtpd[2737]: A241D61AB4: client=unknown[218.190.29.19]
Mar  1 00:54:34 avas postfix/smtpd[2737]: A241D61AB4: reject: RCPT from unknown[218.190.29.19]: 557 Service unavailable; Client host [218.190.29.19] blocked using dnsbl.sorbs.net; HTTP Proxy See: http://www.dnsbl.sorbs.net/cgi-bin/lookup?IP=218.190.29.19; from=<hal.hamiltonyu@choppersluts.com> to=<manng@example.com> proto=SMTP helo=<choppersluts.com>
Mar  1 00:54:34 avas postfix/smtpd[3170]: 8932A61AAF: reject: RCPT from unknown[218.75.82.222]: 557 Service unavailable; Client host [218.75.82.222] blocked using list.dsbl.org; http://dsbl.org/listing?ip=218.75.82.222; from=<mcCullough_vo@yahoo.ca> to=<applegate@example.com> proto=SMTP helo=<yahoo.co.uk>
Mar  1 00:54:34 avas postfix/smtpd[3199]: lost connection after RCPT from unknown[61.43.42.169]
Mar  1 00:54:34 avas postfix/smtpd[3199]: disconnect from unknown[61.43.42.169]
Mar  1 00:54:35 avas postfix/smtpd[2737]: lost connection after RCPT from unknown[218.190.29.19]
Mar  1 00:54:35 avas postfix/smtpd[2737]: disconnect from unknown[218.190.29.19]
Mar  1 00:54:36 avas postfix/smtpd[3081]: 1227261A83: reject: RCPT from adsl-63-205-138-246.dsl.lsan03.pacbell.net[63.205.138.246]: 557 Service unavailable; Client host [63.205.138.246] blocked using dnsbl.sorbs.net; Dynamic IP Address See: http://www.dnsbl.sorbs.net/cgi-bin/lookup?IP=63.205.138.246; from=<q07lydb@spray.net> to=<east@example.com> proto=SMTP helo=<adsl-63-205-138-246.dsl.lsan03.pacbell.net>
Mar  1 00:54:36 avas postfix/smtpd[3170]: lost connection after RCPT from unknown[218.75.82.222]
Mar  1 00:54:36 avas postfix/smtpd[3170]: disconnect from unknown[218.75.82.222]
Mar  1 00:54:36 avas postfix/smtpd[2610]: connect from unknown[140.121.193.205]
Mar  1 00:54:36 avas postfix/smtpd[3082]: connect from unknown[218.22.163.66]
Mar  1 00:54:37 avas postfix/smtpd[2610]: 6AF0961AAF: client=unknown[140.121.193.205]
Mar  1 00:54:37 avas postfix/smtpd[2769]: 1A6D661AA6: reject: RCPT from unknown[61.105.133.247]: 557 Service unavailable; Client host [61.105.133.247] blocked using dnsbl.sorbs.net; HTTP Proxy See: http://www.dnsbl.sorbs.net/cgi-bin/lookup?IP=61.105.133.247; from=<chance_long_qi@mywankers.com> to=<manng@example.com> proto=SMTP helo=<choppersluts.com>
Mar  1 00:54:38 avas postfix/smtpd[2610]: 6AF0961AAF: reject: RCPT from unknown[140.121.193.205]: 557 Service unavailable; Client host [140.121.193.205] blocked using list.dsbl.org; http://dsbl.org/listing?ip=140.121.193.205; from=<cpoole_ia@email.com> to=<aitken@example.com> proto=SMTP helo=<mail.com>
Mar  1 00:54:38 avas postfix/smtpd[3081]: lost connection after RCPT from adsl-63-205-138-246.dsl.lsan03.pacbell.net[63.205.138.246]
Mar  1 00:54:38 avas postfix/smtpd[3081]: disconnect from adsl-63-205-138-246.dsl.lsan03.pacbell.net[63.205.138.246]
Mar  1 00:54:38 avas postfix/smtpd[3082]: A7A6561A83: client=unknown[218.22.163.66]
Mar  1 00:54:38 avas postfix/smtpd[2769]: lost connection after RCPT from unknown[61.105.133.247]
Mar  1 00:54:38 avas postfix/smtpd[2769]: disconnect from unknown[61.105.133.247]
Mar  1 00:54:39 avas postfix/smtpd[2610]: lost connection after RCPT from unknown[140.121.193.205]
Mar  1 00:54:39 avas postfix/smtpd[2610]: disconnect from unknown[140.121.193.205]
Mar  1 00:54:39 avas postfix/smtpd[3082]: A7A6561A83: reject: RCPT from unknown[218.22.163.66]: 557 Service unavailable; Client host [218.22.163.66] blocked using list.dsbl.org; http://dsbl.org/listing?ip=218.22.163.66; from=<margretsimons_cc@choppersluts.com> to=<manng@example.com> proto=SMTP helo=<mywankers.com>
Mar  1 00:54:40 avas postfix/smtpd[3199]: connect from unknown[218.12.93.125]
Mar  1 00:54:41 avas postfix/smtpd[3082]: lost connection after RCPT from unknown[218.22.163.66]
Mar  1 00:54:41 avas postfix/smtpd[3082]: disconnect from unknown[218.22.163.66]
Mar  1 00:54:44 avas postfix/smtpd[3199]: DFE2661A83: client=unknown[218.12.93.125]
Mar  1 00:54:46 avas postfix/smtpd[3199]: DFE2661A83: reject: RCPT from unknown[218.12.93.125]: 557 Service unavailable; Client host [218.12.93.125] blocked using list.dsbl.org; http://dsbl.org/listing?ip=218.12.93.125; from=<rsalasos@email.com> to=<aitken@example.com> proto=SMTP helo=<hotmail.com>
Mar  1 00:54:48 avas postfix/smtpd[2737]: connect from d141-194-132.home.cgocable.net[24.141.194.132]
Mar  1 00:54:48 avas postfix/smtpd[3170]: warning: 208.37.192.234: address not listed for hostname globrite.com
Mar  1 00:54:48 avas postfix/smtpd[3170]: connect from unknown[208.37.192.234]
Mar  1 00:54:48 avas postfix/smtpd[3199]: lost connection after RCPT from unknown[218.12.93.125]
Mar  1 00:54:48 avas postfix/smtpd[3199]: disconnect from unknown[218.12.93.125]
Mar  1 00:54:48 avas postfix/smtpd[3170]: disconnect from unknown[208.37.192.234]
Mar  1 00:54:48 avas postfix/smtpd[2737]: 7A78161A83: client=d141-194-132.home.cgocable.net[24.141.194.132]
Mar  1 00:54:49 avas postfix/smtpd[2737]: 7A78161A83: reject: RCPT from d141-194-132.home.cgocable.net[24.141.194.132]: 557 Service unavailable; Client host [24.141.194.132] blocked using dnsbl.sorbs.net; Dynamic IP Address See: http://www.dnsbl.sorbs.net/cgi-bin/lookup?IP=24.141.194.132; from=<james.turnerhp@aon.at> to=<kehoec@example.com> proto=SMTP helo=<aon.at>
Mar  1 00:54:51 avas postfix/smtpd[3081]: connect from c-24-11-14-151.client.comcast.net[24.11.14.151]
Mar  1 00:54:51 avas postfix/smtpd[2737]: lost connection after RCPT from d141-194-132.home.cgocable.net[24.141.194.132]
Mar  1 00:54:51 avas postfix/smtpd[2737]: disconnect from d141-194-132.home.cgocable.net[24.141.194.132]
Mar  1 00:54:51 avas postfix/smtpd[3081]: B039161A83: client=c-24-11-14-151.client.comcast.net[24.11.14.151]
Mar  1 00:54:52 avas postfix/smtpd[2769]: connect from h24-65-32-107.fm.shawcable.net[24.65.32.107]
Mar  1 00:54:52 avas postfix/smtpd[2769]: BFFA161AA6: client=h24-65-32-107.fm.shawcable.net[24.65.32.107]
Mar  1 00:54:53 avas postfix/smtpd[2769]: BFFA161AA6: reject: RCPT from h24-65-32-107.fm.shawcable.net[24.65.32.107]: 557 Service unavailable; Client host [24.65.32.107] blocked using dnsbl.sorbs.net; Dynamic IP Address See: http://www.dnsbl.sorbs.net/cgi-bin/lookup?IP=24.65.32.107; from=<zvqfjz34ifl@voicenet.com> to=<herman@example.com> proto=SMTP helo=<h24-65-32-107.fm.shawcable.net>
Mar  1 00:54:54 avas postfix/smtpd[2769]: disconnect from h24-65-32-107.fm.shawcable.net[24.65.32.107]
Mar  1 00:54:56 avas postfix/smtpd[3081]: B039161A83: reject: RCPT from c-24-11-14-151.client.comcast.net[24.11.14.151]: 557 Service unavailable; Client host [24.11.14.151] blocked using list.dsbl.org; http://dsbl.org/listing?ip=24.11.14.151; from=<thamilton_jm@freemail.nl> to=<kehoec@example.com> proto=SMTP helo=<freemail.nl>
Mar  1 00:54:58 avas postfix/smtpd[3081]: lost connection after RCPT from c-24-11-14-151.client.comcast.net[24.11.14.151]
Mar  1 00:54:58 avas postfix/smtpd[3081]: disconnect from c-24-11-14-151.client.comcast.net[24.11.14.151]
Mar  1 00:54:58 avas postfix/smtpd[3082]: connect from unknown[218.106.97.42]
Mar  1 00:55:00 avas postfix/smtpd[3082]: 1D0EA61A83: client=unknown[218.106.97.42]
Mar  1 00:55:00 avas postfix/smtpd[3082]: 1D0EA61A83: reject: RCPT from unknown[218.106.97.42]: 557 Service unavailable; Client host [218.106.97.42] blocked using dnsbl.sorbs.net; SOCKS Proxy See: http://www.dnsbl.sorbs.net/cgi-bin/lookup?IP=218.106.97.42; from=<brianhubbard_jr@choppersluts.com> to=<manng@example.com> proto=SMTP helo=<choppersluts.com>
Mar  1 00:55:01 avas postfix/qmgr[23698]: 4389261AAA: from=<>, size=4546, nrcpt=1 (queue active)
Mar  1 00:55:01 avas postfix/qmgr[23698]: 562D361AA9: from=<OMEARAJ@example.com>, size=112997, nrcpt=39 (queue active)
Mar  1 00:55:01 avas postfix/qmgr[23698]: 53D0B61AAE: from=<hagreen@example.com>, size=6361, nrcpt=5 (queue active)
Mar  1 00:55:01 avas postfix/qmgr[23698]: 3BC8A61AB6: from=<>, size=1086, nrcpt=1 (queue active)
Mar  1 00:55:01 avas postfix/smtp[3367]: connect to evafan.com[64.250.235.140]: Connection refused (port 25)
Mar  1 00:55:01 avas postfix/smtp[3367]: 4389261AAA: to=<wsanchez@evafan.com>, relay=none, delay=384558, status=deferred (connect to evafan.com[64.250.235.140]: Connection refused)
Mar  1 00:55:02 avas postfix/smtpd[3082]: lost connection after RCPT from unknown[218.106.97.42]
Mar  1 00:55:02 avas postfix/smtpd[3082]: disconnect from unknown[218.106.97.42]
Mar  1 00:55:03 avas postfix/smtpd[3199]: warning: 208.37.192.234: address not listed for hostname globrite.com
Mar  1 00:55:03 avas postfix/smtpd[3199]: connect from unknown[208.37.192.234]
Mar  1 00:55:03 avas postfix/smtpd[3199]: disconnect from unknown[208.37.192.234]
Mar  1 00:55:04 avas postfix/smtpd[3170]: connect from unknown[211.186.4.26]
Mar  1 00:55:06 avas postfix/smtpd[3170]: 5C95161A83: client=unknown[211.186.4.26]
Mar  1 00:55:07 avas postfix/smtpd[3170]: 5C95161A83: reject: RCPT from unknown[211.186.4.26]: 557 Service unavailable; Client host [211.186.4.26] blocked using dnsbl.sorbs.net; HTTP Proxy See: http://www.dnsbl.sorbs.net/cgi-bin/lookup?IP=211.186.4.26; from=<msolis_kk@yahoo.co.uk> to=<aitken@example.com> proto=SMTP helo=<mail.com>
Mar  1 00:55:09 avas postfix/smtpd[3170]: lost connection after RCPT from unknown[211.186.4.26]
Mar  1 00:55:09 avas postfix/smtpd[3170]: disconnect from unknown[211.186.4.26]
Mar  1 00:55:13 avas postfix/smtpd[2737]: connect from creteil-3-81-56-24-111.fbx.proxad.net[81.56.24.111]
Mar  1 00:55:14 avas postfix/smtpd[2769]: connect from unknown[218.9.22.82]
Mar  1 00:55:14 avas postfix/smtpd[2737]: 35A7A61A83: client=creteil-3-81-56-24-111.fbx.proxad.net[81.56.24.111]
Mar  1 00:55:14 avas postfix/smtpd[3081]: connect from unknown[218.9.130.101]
Mar  1 00:55:14 avas postfix/smtpd[2737]: 35A7A61A83: reject: RCPT from creteil-3-81-56-24-111.fbx.proxad.net[81.56.24.111]: 557 Service unavailable; Client host [81.56.24.111] blocked using dnsbl.sorbs.net; SOCKS Proxy See: http://www.dnsbl.sorbs.net/cgi-bin/lookup?IP=81.56.24.111; from=<robinferrell_vb@choppersluts.com> to=<manng@example.com> proto=SMTP helo=<mywankers.com>
Mar  1 00:55:15 avas postfix/smtp[3370]: warning: numeric domain name in resource data of MX record for ared456.com: 218.106.116.147
