Mar  1 00:05:40 avas postfix/smtpd[2411]: E3D9961A83: reject: RCPT from unknown[210.94.112.51]: 557 Service unavailable; Client host [210.94.112.51] blocked using dnsbl.sorbs.net; HTTP Proxy See: http://www.dnsbl.sorbs.net/cgi-bin/lookup?IP=210.94.112.51; from=<rubin_stinsonfq@minedu.fi> to=<precosky@example.com> proto=SMTP helo=<nba.fi>
Mar  1 00:05:42 avas postfix/smtpd[2610]: connect from cm663.sbcm.nebi.com[68.113.154.155]
Mar  1 00:05:43 avas postfix/smtpd[2610]: 915D461AAF: client=cm663.sbcm.nebi.com[68.113.154.155]
Mar  1 00:05:43 avas postfix/smtpd[2411]: lost connection after RCPT from unknown[210.94.112.51]
Mar  1 00:05:43 avas postfix/smtpd[2411]: disconnect from unknown[210.94.112.51]
Mar  1 00:05:44 avas postfix/smtpd[2610]: 915D461AAF: reject: RCPT from cm663.sbcm.nebi.com[68.113.154.155]: 557 Service unavailable; Client host [68.113.154.155] blocked using dnsbl.sorbs.net; HTTP Proxy See: http://www.dnsbl.sorbs.net/cgi-bin/lookup?IP=68.113.154.155; from=<vc52ljun@oneimage.com> to=<boese@example.com> proto=SMTP helo=<cm663.sbcm.nebi.com>
Mar  1 00:05:45 avas postfix/smtpd[2413]: connect from unknown[211.105.183.44]
Mar  1 00:05:45 avas postfix/smtpd[2314]: 97BF061AA4: reject: RCPT from e149187.upc-e.chello.nl[213.93.149.187]: 557 Service unavailable; Client host [213.93.149.187] blocked using dnsbl.sorbs.net; Dynamic IP Address See: http://www.dnsbl.sorbs.net/cgi-bin/lookup?IP=213.93.149.187; from=<JosefaX4@retts56.com> to=<paul@example.com> proto=SMTP helo=<e149187.upc-e.chello.nl>
Mar  1 00:05:46 avas postfix/smtpd[2610]: lost connection after RCPT from cm663.sbcm.nebi.com[68.113.154.155]
Mar  1 00:05:46 avas postfix/smtpd[2610]: disconnect from cm663.sbcm.nebi.com[68.113.154.155]
Mar  1 00:05:47 avas postfix/smtpd[2314]: disconnect from e149187.upc-e.chello.nl[213.93.149.187]
Mar  1 00:05:49 avas postfix/smtpd[2410]: connect from content120a.lga2.nytimes.com[199.239.138.66]
Mar  1 00:05:49 avas postfix/smtpd[2410]: 4A37961A83: client=content120a.lga2.nytimes.com[199.239.138.66]
Mar  1 00:05:50 avas postfix/cleanup[2603]: 4A37961A83: message-id=<20040301080549.4A37961A83@avas.example.com>
Mar  1 00:05:50 avas postfix/qmgr[23698]: 4A37961A83: from=<daily_headlines@ms1.lga2.nytimes.com>, size=9375, nrcpt=1 (queue active)
Mar  1 00:05:50 avas postfix/smtpd[2410]: disconnect from content120a.lga2.nytimes.com[199.239.138.66]
Mar  1 00:05:51 avas postfix/smtpd[1822]: 6B68F61AA6: reject: RCPT from unknown[218.65.58.18]: 557 Service unavailable; Client host [218.65.58.18] blocked using sbl.spamhaus.org; http://www.spamhaus.org/SBL/sbl.lasso?query=SBL12536; from=<aunnkzkkcituvh@mail.ru> to=<browna@example.com> proto=SMTP helo=<10.0.0.214>
Mar  1 00:05:54 avas postfix/smtpd[2413]: 68A6B61AA4: client=unknown[211.105.183.44]
Mar  1 00:05:54 avas postfix/smtpd[1822]: 6B68F61AA6: reject: RCPT from unknown[218.65.58.18]: 557 Service unavailable; Client host [218.65.58.18] blocked using sbl.spamhaus.org; http://www.spamhaus.org/SBL/sbl.lasso?query=SBL12536; from=<aunnkzkkcituvh@mail.ru> to=<brown@example.com> proto=SMTP helo=<10.0.0.214>
Mar  1 00:05:55 avas postfix/smtpd[2413]: 68A6B61AA4: reject: RCPT from unknown[211.105.183.44]: 557 Service unavailable; Client host [211.105.183.44] blocked using dnsbl.sorbs.net; HTTP Proxy See: http://www.dnsbl.sorbs.net/cgi-bin/lookup?IP=211.105.183.44; from=<charmaine_hicksre@rescue-europe.com> to=<precosky@example.com> proto=SMTP helo=<nicole.org>
Mar  1 00:05:56 avas postfix/smtpd[2314]: connect from unknown[62.113.122.52]
Mar  1 00:05:56 avas postfix/smtpd[2314]: 789F661AAF: client=unknown[62.113.122.52]
Mar  1 00:05:56 avas postfix/smtpd[2314]: 789F661AAF: reject: RCPT from unknown[62.113.122.52]: 450 <apache@s2.raexpert.ru>: Sender address rejected: Domain not found; from=<apache@s2.raexpert.ru> to=<kennedyg@example.com> proto=ESMTP helo=<s2.raexpert.ru>
Mar  1 00:05:58 avas postfix/smtpd[1822]: 6B68F61AA6: reject: RCPT from unknown[218.65.58.18]: 557 Service unavailable; Client host [218.65.58.18] blocked using sbl.spamhaus.org; http://www.spamhaus.org/SBL/sbl.lasso?query=SBL12536; from=<aunnkzkkcituvh@mail.ru> to=<buck@example.com> proto=SMTP helo=<10.0.0.214>
Mar  1 00:06:01 avas postfix/smtp[2638]: connect to mx02.telus.net[199.185.220.200]: Connection timed out (port 25)
Mar  1 00:06:01 avas postfix/smtp[2638]: 591D461AA7: to=<aspencom@telus.net>, relay=none, delay=7122, status=deferred (connect to mx02.telus.net[199.185.220.200]: Connection timed out)
Mar  1 00:06:02 avas postfix/smtpd[2599]: connect from avas.example.com[127.0.0.1]
Mar  1 00:06:02 avas postfix/smtpd[2599]: 021C861AAF: client=avas.example.com[127.0.0.1]
Mar  1 00:06:02 avas postfix/cleanup[2603]: 021C861AAF: message-id=<20040301080549.4A37961A83@avas.example.com>
Mar  1 00:06:02 avas postfix/qmgr[23698]: 021C861AAF: from=<daily_headlines@ms1.lga2.nytimes.com>, size=9807, nrcpt=1 (queue active)
Mar  1 00:06:02 avas postfix/smtpd[2599]: disconnect from avas.example.com[127.0.0.1]
Mar  1 00:06:02 avas amavis[2166]: (02166-06) Passed, <daily_headlines@ms1.lga2.nytimes.com> -> <precosky@example.com>, Message-ID: <20040301080549.4A37961A83@avas.example.com>, Hits: -12.965
Mar  1 00:06:02 avas postfix/smtp[2583]: 4A37961A83: to=<precosky@example.com>, relay=127.0.0.1[127.0.0.1], delay=13, status=sent (250 2.6.0 Ok, id=02166-06, from MTA: 250 Ok: queued as 021C861AAF)
Mar  1 00:06:02 avas postfix/smtp[2600]: 021C861AAF: to=<precosky@example.com>, relay=10.0.0.251[10.0.0.251], delay=0, status=sent (250 Command DATA Processed mail data Ok)
Mar  1 00:06:02 avas postfix/smtpd[2314]: disconnect from unknown[62.113.122.52]
Mar  1 00:06:02 avas postfix/smtpd[2413]: lost connection after RCPT from unknown[211.105.183.44]
Mar  1 00:06:02 avas postfix/smtpd[2413]: disconnect from unknown[211.105.183.44]
Mar  1 00:06:03 avas postfix/smtpd[1822]: disconnect from unknown[218.65.58.18]
Mar  1 00:06:18 avas postfix/smtpd[2610]: connect from unknown[200.141.75.136]
Mar  1 00:06:19 avas postfix/smtpd[2610]: 999CD61A83: client=unknown[200.141.75.136]
Mar  1 00:06:20 avas postfix/smtpd[2610]: 999CD61A83: reject: RCPT from unknown[200.141.75.136]: 557 Service unavailable; Client host [200.141.75.136] blocked using list.dsbl.org; http://dsbl.org/listing?ip=200.141.75.136; from=<ellarudolphtz@dlc.fi> to=<precosky@example.com> proto=SMTP helo=<uni-mannheim.de>
Mar  1 00:06:22 avas postfix/smtpd[2610]: lost connection after RCPT from unknown[200.141.75.136]
Mar  1 00:06:22 avas postfix/smtpd[2610]: disconnect from unknown[200.141.75.136]
Mar  1 00:06:23 avas postfix/smtpd[2411]: connect from adsl-65-42-90-223.dsl.chcgil.ameritech.net[65.42.90.223]
Mar  1 00:06:23 avas postfix/smtpd[2411]: lost connection after CONNECT from adsl-65-42-90-223.dsl.chcgil.ameritech.net[65.42.90.223]
Mar  1 00:06:23 avas postfix/smtpd[2411]: disconnect from adsl-65-42-90-223.dsl.chcgil.ameritech.net[65.42.90.223]
Mar  1 00:06:49 avas postfix/smtpd[2410]: connect from unknown[220.249.97.24]
Mar  1 00:06:50 avas postfix/smtpd[2410]: C105B61A83: client=unknown[220.249.97.24]
Mar  1 00:06:54 avas postfix/smtpd[2314]: connect from unknown[210.205.240.216]
Mar  1 00:06:58 avas postfix/smtpd[2314]: 25A7661AA4: client=unknown[210.205.240.216]
Mar  1 00:06:58 avas postfix/smtpd[2314]: 25A7661AA4: reject: RCPT from unknown[210.205.240.216]: 557 Service unavailable; Client host [210.205.240.216] blocked using dnsbl.sorbs.net; HTTP Proxy See: http://www.dnsbl.sorbs.net/cgi-bin/lookup?IP=210.205.240.216; from=<gw.dewitt_zm@virtual.finland.fi> to=<precosky@example.com> proto=SMTP helo=<cordis.lu>
Mar  1 00:07:00 avas postfix/smtpd[2314]: lost connection after RCPT from unknown[210.205.240.216]
Mar  1 00:07:00 avas postfix/smtpd[2314]: disconnect from unknown[210.205.240.216]
Mar  1 00:07:02 avas postfix/smtpd[2413]: connect from unknown[220.249.97.24]
Mar  1 00:07:02 avas postfix/smtpd[2413]: C05E861AA4: client=unknown[220.249.97.24]
Mar  1 00:07:03 avas postfix/smtpd[2610]: connect from ool-18ba3b84.dyn.optonline.net[24.186.59.132]
Mar  1 00:07:03 avas postfix/smtpd[2610]: E9E8461AA6: client=ool-18ba3b84.dyn.optonline.net[24.186.59.132]
Mar  1 00:07:04 avas postfix/smtpd[2610]: E9E8461AA6: reject: RCPT from ool-18ba3b84.dyn.optonline.net[24.186.59.132]: 557 Service unavailable; Client host [24.186.59.132] blocked using dnsbl.sorbs.net; Dynamic IP Address See: http://www.dnsbl.sorbs.net/cgi-bin/lookup?IP=24.186.59.132; from=<iszstnjvstffqr@weedmail.com> to=<abouc@example.com> proto=SMTP helo=<ool-18ba3b84.dyn.optonline.net>
Mar  1 00:07:07 avas postfix/smtpd[2610]: disconnect from ool-18ba3b84.dyn.optonline.net[24.186.59.132]
Mar  1 00:07:08 avas postfix/smtpd[2411]: connect from unknown[218.72.44.168]
Mar  1 00:07:10 avas postfix/smtpd[2411]: D74F261AA6: client=unknown[218.72.44.168]
Mar  1 00:07:12 avas postfix/smtpd[2411]: D74F261AA6: reject: RCPT from unknown[218.72.44.168]: 557 Service unavailable; Client host [218.72.44.168] blocked using dnsbl.sorbs.net; Dynamic IP Address See: http://www.dnsbl.sorbs.net/cgi-bin/lookup?IP=218.72.44.168; from=<jay_holder_gj@skrzynka.pl> to=<bowness@example.com> proto=SMTP helo=<tenbit.pl>
Mar  1 00:07:15 avas postfix/smtpd[2411]: lost connection after RCPT from unknown[218.72.44.168]
Mar  1 00:07:15 avas postfix/smtpd[2411]: disconnect from unknown[218.72.44.168]
Mar  1 00:07:15 avas postfix/smtpd[2314]: connect from c-24-6-132-30.client.comcast.net[24.6.132.30]
Mar  1 00:07:16 avas postfix/smtpd[2610]: connect from sj01-net01-224.godspeedhosting.com[209.247.220.224]
Mar  1 00:07:16 avas postfix/smtpd[2610]: 1979D61AA6: client=sj01-net01-224.godspeedhosting.com[209.247.220.224]
Mar  1 00:07:16 avas postfix/smtpd[2314]: 6DAB161AAF: client=c-24-6-132-30.client.comcast.net[24.6.132.30]
Mar  1 00:07:16 avas postfix/cleanup[2412]: 1979D61AA6: message-id=<20040301080716.1979D61AA6@avas.example.com>
Mar  1 00:07:16 avas postfix/qmgr[23698]: 1979D61AA6: from=<return9559610@bounce01.godspeedhosting.com>, size=4932, nrcpt=1 (queue active)
Mar  1 00:07:16 avas postfix/smtpd[2610]: disconnect from sj01-net01-224.godspeedhosting.com[209.247.220.224]
Mar  1 00:07:17 avas postfix/smtpd[2413]: C05E861AA4: reject: RCPT from unknown[220.249.97.24]: 557 Service unavailable; Client host [220.249.97.24] blocked using list.dsbl.org; http://dsbl.org/listing?ip=220.249.97.24; from=<admail.direct@unsubscribenow.org> to=<lissoway@example.com> proto=SMTP helo=<220.249.97.24>
Mar  1 00:07:18 avas postfix/smtpd[2413]: lost connection after RCPT from unknown[220.249.97.24]
Mar  1 00:07:18 avas postfix/smtpd[2413]: disconnect from unknown[220.249.97.24]
Mar  1 00:07:20 avas postfix/smtpd[2314]: 6DAB161AAF: reject: RCPT from c-24-6-132-30.client.comcast.net[24.6.132.30]: 557 Service unavailable; Client host [24.6.132.30] blocked using dnsbl.sorbs.net; Dynamic IP Address See: http://www.dnsbl.sorbs.net/cgi-bin/lookup?IP=24.6.132.30; from=<budcherry_vq@carrier.kiev.ua> to=<bowness@example.com> proto=SMTP helo=<x4u2.desy.de>
Mar  1 00:07:21 avas postfix/smtpd[2314]: lost connection after RCPT from c-24-6-132-30.client.comcast.net[24.6.132.30]
Mar  1 00:07:21 avas postfix/smtpd[2314]: disconnect from c-24-6-132-30.client.comcast.net[24.6.132.30]
Mar  1 00:07:22 avas postfix/smtpd[2411]: connect from unknown[220.249.97.24]
Mar  1 00:07:22 avas postfix/smtpd[2411]: D811161AA4: client=unknown[220.249.97.24]
Mar  1 00:07:23 avas postfix/smtpd[2411]: D811161AA4: reject: RCPT from unknown[220.249.97.24]: 557 Service unavailable; Client host [220.249.97.24] blocked using list.dsbl.org; http://dsbl.org/listing?ip=220.249.97.24; from=<admail.direct@unsubscribenow.org> to=<lissoway@example.com> proto=SMTP helo=<220.249.97.24>
Mar  1 00:07:25 avas postfix/smtpd[2411]: disconnect from unknown[220.249.97.24]
Mar  1 00:07:27 avas postfix/smtpd[2610]: connect from unknown[210.103.4.231]
Mar  1 00:07:27 avas postfix/smtpd[2599]: connect from avas.example.com[127.0.0.1]
Mar  1 00:07:27 avas postfix/smtpd[2599]: EAE1061AA4: client=avas.example.com[127.0.0.1]
Mar  1 00:07:27 avas postfix/smtpd[2610]: EFD7061AAF: client=unknown[210.103.4.231]
Mar  1 00:07:28 avas postfix/cleanup[2325]: EAE1061AA4: message-id=<20040301080716.1979D61AA6@avas.example.com>
Mar  1 00:07:28 avas postfix/qmgr[23698]: EAE1061AA4: from=<return9559610@bounce01.godspeedhosting.com>, size=5352, nrcpt=1 (queue active)
Mar  1 00:07:28 avas postfix/smtpd[2599]: disconnect from avas.example.com[127.0.0.1]
Mar  1 00:07:28 avas amavis[2430]: (02430-03) Passed, <return9559610@bounce01.godspeedhosting.com> -> <tetreauc@example.com>, Message-ID: <20040301080716.1979D61AA6@avas.example.com>, Hits: 4.547
Mar  1 00:07:28 avas postfix/smtp[2583]: 1979D61AA6: to=<tetreauc@example.com>, relay=127.0.0.1[127.0.0.1], delay=12, status=sent (250 2.6.0 Ok, id=02430-03, from MTA: 250 Ok: queued as EAE1061AA4)
Mar  1 00:07:28 avas postfix/smtp[2600]: EAE1061AA4: to=<tetreauc@example.com>, relay=10.0.0.251[10.0.0.251], delay=1, status=sent (250 Command DATA Processed mail data Ok)
Mar  1 00:07:52 avas postfix/smtpd[2410]: C105B61A83: reject: RCPT from unknown[220.249.97.24]: 557 Service unavailable; Client host [220.249.97.24] blocked using list.dsbl.org; http://dsbl.org/listing?ip=220.249.97.24; from=<admail.direct@unsubscribenow.org> to=<lissoway@example.com> proto=SMTP helo=<220.249.97.24>
Mar  1 00:07:53 avas postfix/smtpd[2410]: lost connection after RCPT from unknown[220.249.97.24]
Mar  1 00:07:53 avas postfix/smtpd[2410]: disconnect from unknown[220.249.97.24]
Mar  1 00:07:56 avas postfix/smtpd[2610]: EFD7061AAF: reject: RCPT from unknown[210.103.4.231]: 557 Service unavailable; Client host [210.103.4.231] blocked using list.dsbl.org; http://dsbl.org/listing?ip=210.103.4.231; from=<helenwebbqt@reg.fi> to=<precosky@example.com> proto=SMTP helo=<nicole.org>
Mar  1 00:07:57 avas postfix/smtpd[2610]: lost connection after RCPT from unknown[210.103.4.231]
Mar  1 00:07:57 avas postfix/smtpd[2610]: disconnect from unknown[210.103.4.231]
Mar  1 00:08:02 avas postfix/smtpd[2314]: connect from unknown[210.96.173.17]
Mar  1 00:08:03 avas postfix/smtpd[2314]: 60C4E61A83: client=unknown[210.96.173.17]
Mar  1 00:08:04 avas postfix/smtpd[2314]: 60C4E61A83: reject: RCPT from unknown[210.96.173.17]: 557 Service unavailable; Client host [210.96.173.17] blocked using dnsbl.sorbs.net; SOCKS Proxy See: http://www.dnsbl.sorbs.net/cgi-bin/lookup?IP=210.96.173.17; from=<ray_vz@home.pf.jcu.cz> to=<corbetm@example.com> proto=SMTP helo=<koys.de>
Mar  1 00:08:05 avas postfix/smtpd[2314]: lost connection after RCPT from unknown[210.96.173.17]
Mar  1 00:08:05 avas postfix/smtpd[2314]: disconnect from unknown[210.96.173.17]
Mar  1 00:08:07 avas postfix/smtpd[2411]: connect from unknown[211.111.83.169]
Mar  1 00:08:08 avas postfix/smtpd[2411]: DEABB61A83: client=unknown[211.111.83.169]
Mar  1 00:08:09 avas postfix/smtpd[2411]: DEABB61A83: reject: RCPT from unknown[211.111.83.169]: 557 Service unavailable; Client host [211.111.83.169] blocked using list.dsbl.org; http://dsbl.org/listing?ip=211.111.83.169; from=<millicentcastro_kz@panoramas.dk> to=<corbetm@example.com> proto=SMTP helo=<uni-mannheim.de>
Mar  1 00:08:11 avas postfix/smtpd[2411]: lost connection after RCPT from unknown[211.111.83.169]
Mar  1 00:08:11 avas postfix/smtpd[2411]: disconnect from unknown[211.111.83.169]
Mar  1 00:08:18 avas postfix/smtpd[2413]: connect from user162.net889.mn.sprint-hsd.net[69.34.54.162]
Mar  1 00:08:19 avas postfix/smtpd[2413]: 3FC4E61A83: client=user162.net889.mn.sprint-hsd.net[69.34.54.162]
Mar  1 00:08:20 avas postfix/smtpd[2413]: 3FC4E61A83: reject: RCPT from user162.net889.mn.sprint-hsd.net[69.34.54.162]: 550 <ellism@example.com>: User unknown in relay recipient table; from=<UVHCL@yahoo.com> to=<ellism@example.com> proto=SMTP helo=<user162.net889.mn.sprint-hsd.net>
Mar  1 00:08:27 avas postfix/smtpd[2413]: disconnect from user162.net889.mn.sprint-hsd.net[69.34.54.162]
Mar  1 00:08:28 avas postfix/smtpd[2410]: connect from 12-215-167-104.client.mchsi.com[12.215.167.104]
Mar  1 00:08:29 avas postfix/smtpd[2410]: 04B4861A83: client=12-215-167-104.client.mchsi.com[12.215.167.104]
Mar  1 00:08:29 avas postfix/smtpd[2410]: 04B4861A83: reject: RCPT from 12-215-167-104.client.mchsi.com[12.215.167.104]: 557 Service unavailable; Client host [12.215.167.104] blocked using dnsbl.sorbs.net; Dynamic IP Address See: http://www.dnsbl.sorbs.net/cgi-bin/lookup?IP=12.215.167.104; from=<geraldine_parker_ms@hiit.fi> to=<corbetm@example.com> proto=SMTP helo=<home20.inet.tele.dk>
Mar  1 00:08:30 avas postfix/smtpd[2410]: lost connection after RCPT from 12-215-167-104.client.mchsi.com[12.215.167.104]
Mar  1 00:08:30 avas postfix/smtpd[2410]: disconnect from 12-215-167-104.client.mchsi.com[12.215.167.104]
Mar  1 00:08:32 avas postfix/smtpd[2610]: connect from unknown[210.205.146.58]
Mar  1 00:08:43 avas postfix/smtpd[2314]: connect from h67n1fls304o1100.telia.com[195.198.188.67]
Mar  1 00:08:46 avas postfix/smtpd[2314]: CD1B961A83: client=h67n1fls304o1100.telia.com[195.198.188.67]
Mar  1 00:08:47 avas postfix/smtpd[2314]: CD1B961A83: reject: RCPT from h67n1fls304o1100.telia.com[195.198.188.67]: 557 Service unavailable; Client host [195.198.188.67] blocked using dnsbl.sorbs.net; Dynamic IP Address See: http://www.dnsbl.sorbs.net/cgi-bin/lookup?IP=195.198.188.67; from=<aldehydefogarty@attbi.com> to=<geography@example.com> proto=SMTP helo=<h67n1fls304o1100.telia.com>
Mar  1 00:08:52 avas postfix/smtpd[2610]: lost connection after CONNECT from unknown[210.205.146.58]
Mar  1 00:08:52 avas postfix/smtpd[2610]: disconnect from unknown[210.205.146.58]
Mar  1 00:08:55 avas postfix/smtpd[2314]: disconnect from h67n1fls304o1100.telia.com[195.198.188.67]
Mar  1 00:09:03 avas postfix/smtpd[2411]: connect from cdm-68-226-144-29.laft.cox-internet.com[68.226.144.29]
Mar  1 00:09:04 avas postfix/smtpd[2411]: 0637161A83: client=cdm-68-226-144-29.laft.cox-internet.com[68.226.144.29]
Mar  1 00:09:04 avas postfix/smtpd[2411]: 0637161A83: reject: RCPT from cdm-68-226-144-29.laft.cox-internet.com[68.226.144.29]: 557 Service unavailable; Client host [68.226.144.29] blocked using dnsbl.sorbs.net; Dynamic IP Address See: http://www.dnsbl.sorbs.net/cgi-bin/lookup?IP=68.226.144.29; from=<erfaniconcus1697_411@china139.com> to=<schmidt@example.com> proto=SMTP helo=<cdm-68-226-144-29.laft.cox-internet.com>
Mar  1 00:09:05 avas postfix/smtpd[2413]: connect from 200-171-123-10.dsl.telesp.net.br[200.171.123.10]
Mar  1 00:09:06 avas postfix/smtpd[2411]: disconnect from cdm-68-226-144-29.laft.cox-internet.com[68.226.144.29]
Mar  1 00:09:10 avas postfix/smtpd[2413]: 225B161A83: client=200-171-123-10.dsl.telesp.net.br[200.171.123.10]
Mar  1 00:09:11 avas postfix/smtpd[2413]: 225B161A83: reject: RCPT from 200-171-123-10.dsl.telesp.net.br[200.171.123.10]: 557 Service unavailable; Client host [200.171.123.10] blocked using dnsbl.sorbs.net; Dynamic IP Address See: http://www.dnsbl.sorbs.net/cgi-bin/lookup?IP=200.171.123.10; from=<cora.wrightod@home.pf.jcu.cz> to=<precosky@example.com> proto=SMTP helo=<agency.osha.eu.int>
Mar  1 00:09:12 avas postfix/smtpd[2410]: connect from unknown[210.102.237.88]
Mar  1 00:09:12 avas postfix/smtpd[2410]: DE18061AA4: client=unknown[210.102.237.88]
Mar  1 00:09:13 avas postfix/smtpd[2413]: lost connection after RCPT from 200-171-123-10.dsl.telesp.net.br[200.171.123.10]
Mar  1 00:09:13 avas postfix/smtpd[2413]: disconnect from 200-171-123-10.dsl.telesp.net.br[200.171.123.10]
Mar  1 00:09:13 avas postfix/smtpd[2410]: DE18061AA4: reject: RCPT from unknown[210.102.237.88]: 450 <tamrashermankb@danskehoteller.dk>: Sender address rejected: Domain not found; from=<tamrashermankb@danskehoteller.dk> to=<corbetm@example.com> proto=SMTP helo=<euireland.ie>
Mar  1 00:09:13 avas postfix/smtpd[2610]: warning: 208.37.192.234: address not listed for hostname mail.globrite.com
Mar  1 00:09:13 avas postfix/smtpd[2610]: connect from unknown[208.37.192.234]
Mar  1 00:09:13 avas postfix/smtpd[2610]: disconnect from unknown[208.37.192.234]
Mar  1 00:09:14 avas postfix/smtpd[2410]: lost connection after RCPT from unknown[210.102.237.88]
Mar  1 00:09:14 avas postfix/smtpd[2410]: disconnect from unknown[210.102.237.88]
Mar  1 00:09:16 avas postfix/smtpd[2314]: connect from unknown[211.109.16.120]
Mar  1 00:09:18 avas postfix/smtpd[2314]: 2CC2961A83: client=unknown[211.109.16.120]
Mar  1 00:09:19 avas postfix/smtpd[2314]: 2CC2961A83: reject: RCPT from unknown[211.109.16.120]: 557 Service unavailable; Client host [211.109.16.120] blocked using list.dsbl.org; http://dsbl.org/listing?ip=211.109.16.120; from=<t_owens_wu@virtual.finland.fi> to=<corbetm@example.com> proto=SMTP helo=<uni-mannheim.de>
Mar  1 00:09:19 avas postfix/smtpd[2413]: connect from unknown[219.138.183.110]
Mar  1 00:09:19 avas postfix/smtpd[2410]: warning: 208.37.192.234: address not listed for hostname mail.globrite.com
Mar  1 00:09:19 avas postfix/smtpd[2410]: connect from unknown[208.37.192.234]
Mar  1 00:09:20 avas postfix/smtpd[2410]: disconnect from unknown[208.37.192.234]
Mar  1 00:09:20 avas postfix/smtpd[2610]: connect from ACB4346A.ipt.aol.com[172.180.52.106]
Mar  1 00:09:20 avas postfix/smtpd[2411]: connect from mail.lawreform.go.th[203.170.248.67]
Mar  1 00:09:20 avas postfix/smtpd[2314]: lost connection after RCPT from unknown[211.109.16.120]
Mar  1 00:09:20 avas postfix/smtpd[2314]: disconnect from unknown[211.109.16.120]
Mar  1 00:09:21 avas postfix/smtpd[2610]: 1296761A83: client=ACB4346A.ipt.aol.com[172.180.52.106]
Mar  1 00:09:21 avas postfix/smtpd[2610]: 1296761A83: reject: RCPT from ACB4346A.ipt.aol.com[172.180.52.106]: 557 Service unavailable; Client host [172.180.52.106] blocked using dnsbl.sorbs.net; Dynamic IP Address See: http://www.dnsbl.sorbs.net/cgi-bin/lookup?IP=172.180.52.106; from=<ptsqquxnzmcpwq@yahoo.com> to=<intl_edu@example.com> proto=SMTP helo=<ACB4346A.ipt.aol.com>
Mar  1 00:09:22 avas postfix/smtpd[2413]: 3869861AA4: client=unknown[219.138.183.110]
Mar  1 00:09:23 avas postfix/smtpd[2610]: disconnect from ACB4346A.ipt.aol.com[172.180.52.106]
Mar  1 00:09:23 avas postfix/smtpd[2410]: connect from unknown[210.82.111.137]
Mar  1 00:09:25 avas postfix/smtpd[2410]: 40E3461A83: client=unknown[210.82.111.137]
Mar  1 00:09:25 avas postfix/smtpd[2314]: connect from unknown[61.105.133.247]
Mar  1 00:09:27 avas postfix/smtpd[2413]: 3869861AA4: reject: RCPT from unknown[219.138.183.110]: 504 <TEACHER>: Helo command rejected: need fully-qualified hostname; from=<sdbyv@cnnic.net.cn> to=<potskic@example.com> proto=SMTP helo=<TEACHER>
Mar  1 00:09:28 avas postfix/smtpd[2314]: 0C81861AA6: client=unknown[61.105.133.247]
Mar  1 00:09:29 avas postfix/smtpd[2410]: 40E3461A83: reject: RCPT from unknown[210.82.111.137]: 450 <christoperhargrovehh@danskehoteller.dk>: Sender address rejected: Domain not found; from=<christoperhargrovehh@danskehoteller.dk> to=<corbetm@example.com> proto=SMTP helo=<syselog.fr>
Mar  1 00:09:29 avas postfix/smtpd[2314]: 0C81861AA6: reject: RCPT from unknown[61.105.133.247]: 557 Service unavailable; Client host [61.105.133.247] blocked using dnsbl.sorbs.net; HTTP Proxy See: http://www.dnsbl.sorbs.net/cgi-bin/lookup?IP=61.105.133.247; from=<walls_jv@hotmail.com> to=<andersonke@example.com> proto=SMTP helo=<yahoo.com>
Mar  1 00:09:29 avas postfix/smtpd[2413]: disconnect from unknown[219.138.183.110]
Mar  1 00:09:31 avas postfix/smtpd[2410]: lost connection after RCPT from unknown[210.82.111.137]
Mar  1 00:09:31 avas postfix/smtpd[2410]: disconnect from unknown[210.82.111.137]
Mar  1 00:09:32 avas postfix/smtpd[2314]: lost connection after RCPT from unknown[61.105.133.247]
Mar  1 00:09:32 avas postfix/smtpd[2314]: disconnect from unknown[61.105.133.247]
Mar  1 00:09:34 avas postfix/smtpd[2610]: warning: 208.37.192.234: address not listed for hostname mail.globrite.com
Mar  1 00:09:34 avas postfix/smtpd[2610]: connect from unknown[208.37.192.234]
Mar  1 00:09:35 avas postfix/smtpd[2610]: disconnect from unknown[208.37.192.234]
Mar  1 00:09:37 avas postfix/smtpd[2411]: lost connection after CONNECT from mail.lawreform.go.th[203.170.248.67]
Mar  1 00:09:37 avas postfix/smtpd[2411]: disconnect from mail.lawreform.go.th[203.170.248.67]
Mar  1 00:09:48 avas postfix/smtpd[2413]: connect from unknown[4.33.237.234]
Mar  1 00:09:49 avas postfix/smtpd[2314]: warning: 208.37.192.234: address not listed for hostname mail.globrite.com
Mar  1 00:09:49 avas postfix/smtpd[2314]: connect from unknown[208.37.192.234]
Mar  1 00:09:50 avas postfix/smtpd[2314]: disconnect from unknown[208.37.192.234]
Mar  1 00:09:51 avas postfix/smtpd[2413]: 472FB61A83: client=unknown[4.33.237.234]
Mar  1 00:09:53 avas postfix/smtpd[2410]: connect from host217-40-84-226.in-addr.btopenworld.com[217.40.84.226]
Mar  1 00:09:54 avas postfix/smtpd[2410]: D3CDF61AA4: client=host217-40-84-226.in-addr.btopenworld.com[217.40.84.226]
Mar  1 00:09:58 avas postfix/smtpd[2413]: 472FB61A83: reject: RCPT from unknown[4.33.237.234]: 557 Service unavailable; Client host [4.33.237.234] blocked using dnsbl.sorbs.net; SOCKS Proxy See: http://www.dnsbl.sorbs.net/cgi-bin/lookup?IP=4.33.237.234; from=<saulnance_fe@yahoo.fr> to=<egglestonem@example.com> proto=SMTP helo=<msn.com>
Mar  1 00:10:01 avas postfix/cleanup[2603]: D3CDF61AA4: message-id=<27004966442759.084iee83194ar@hotmail.com>
Mar  1 00:10:01 avas postfix/qmgr[23698]: D3CDF61AA4: from=<szfah@mail.ru>, size=1009, nrcpt=1 (queue active)
Mar  1 00:10:01 avas postfix/smtpd[2410]: disconnect from host217-40-84-226.in-addr.btopenworld.com[217.40.84.226]
Mar  1 00:10:02 avas amavis[2313]: (02313-04) Not-Delivered, <szfah@mail.ru> -> <mckielk@example.com>, quarantine spam-35815be90b222b7532c3bb481634870e-20040301-001002-02313-04, Message-ID: <27004966442759.084iee83194ar@hotmail.com>, Hits: 13.273
Mar  1 00:10:02 avas postfix/smtp[2731]: D3CDF61AA4: to=<mckielk@example.com>, relay=127.0.0.1[127.0.0.1], delay=8, status=sent (250 2.7.1 Ok, discarded, UBE, id=02313-04)
Mar  1 00:10:03 avas postfix/smtpd[2610]: connect from h89n2fls32o862.telia.com[217.208.100.89]
Mar  1 00:10:04 avas postfix/smtpd[2610]: 78D6D61AA4: client=h89n2fls32o862.telia.com[217.208.100.89]
Mar  1 00:10:04 avas postfix/smtpd[2411]: warning: 208.37.192.234: address not listed for hostname mail.globrite.com
Mar  1 00:10:04 avas postfix/smtpd[2411]: connect from unknown[208.37.192.234]
Mar  1 00:10:05 avas postfix/smtpd[2411]: disconnect from unknown[208.37.192.234]
Mar  1 00:10:05 avas postfix/smtpd[2413]: lost connection after RCPT from unknown[4.33.237.234]
Mar  1 00:10:05 avas postfix/smtpd[2413]: disconnect from unknown[4.33.237.234]
Mar  1 00:10:05 avas postfix/smtpd[2610]: 78D6D61AA4: reject: RCPT from h89n2fls32o862.telia.com[217.208.100.89]: 557 Service unavailable; Client host [217.208.100.89] blocked using dnsbl.sorbs.net; Dynamic IP Address See: http://www.dnsbl.sorbs.net/cgi-bin/lookup?IP=217.208.100.89; from=<hilario.olsen_ih@msn.com> to=<egglestonem@example.com> proto=SMTP helo=<yahoo.co.uk>
Mar  1 00:10:06 avas postfix/smtpd[2610]: lost connection after RCPT from h89n2fls32o862.telia.com[217.208.100.89]
Mar  1 00:10:06 avas postfix/smtpd[2610]: disconnect from h89n2fls32o862.telia.com[217.208.100.89]
Mar  1 00:10:09 avas postfix/smtpd[2314]: connect from unknown[220.164.112.65]
Mar  1 00:10:12 avas postfix/smtpd[2314]: 09ACD61A83: client=unknown[220.164.112.65]
Mar  1 00:10:13 avas postfix/smtpd[2314]: 09ACD61A83: reject: RCPT from unknown[220.164.112.65]: 557 Service unavailable; Client host [220.164.112.65] blocked using dnsbl.sorbs.net; HTTP Proxy See: http://www.dnsbl.sorbs.net/cgi-bin/lookup?IP=220.164.112.65; from=<sheldon_perkinsen@yahoo.fr> to=<egglestonem@example.com> proto=SMTP helo=<yahoo.co.uk>
Mar  1 00:10:15 avas postfix/smtpd[2314]: lost connection after RCPT from unknown[220.164.112.65]
Mar  1 00:10:15 avas postfix/smtpd[2314]: disconnect from unknown[220.164.112.65]
Mar  1 00:10:19 avas postfix/smtpd[2411]: warning: 208.37.192.234: address not listed for hostname mail.globrite.com
Mar  1 00:10:19 avas postfix/smtpd[2411]: connect from unknown[208.37.192.234]
Mar  1 00:10:20 avas postfix/smtpd[2411]: disconnect from unknown[208.37.192.234]
Mar  1 00:10:20 avas postfix/smtpd[2413]: connect from unknown[218.242.220.68]
Mar  1 00:10:23 avas postfix/smtpd[2410]: connect from 66-215-173-200.sb-eres.charterpipeline.net[66.215.173.200]
Mar  1 00:10:24 avas postfix/smtpd[2410]: 72DB961A83: client=66-215-173-200.sb-eres.charterpipeline.net[66.215.173.200]
Mar  1 00:10:26 avas postfix/smtpd[2413]: 4EE4F61AA4: client=unknown[218.242.220.68]
Mar  1 00:10:27 avas postfix/smtpd[2610]: connect from unknown[62.113.122.52]
Mar  1 00:10:27 avas postfix/smtpd[2610]: B927561AA6: client=unknown[62.113.122.52]
Mar  1 00:10:28 avas postfix/smtpd[2610]: B927561AA6: reject: RCPT from unknown[62.113.122.52]: 450 <apache@s2.raexpert.ru>: Sender address rejected: Domain not found; from=<apache@s2.raexpert.ru> to=<kennedyg@example.com> proto=ESMTP helo=<s2.raexpert.ru>
Mar  1 00:10:31 avas postfix/smtpd[2411]: connect from unknown[218.22.232.121]
Mar  1 00:10:32 avas postfix/smtpd[2413]: 4EE4F61AA4: reject: RCPT from unknown[218.242.220.68]: 557 Service unavailable; Client host [218.242.220.68] blocked using sbl.spamhaus.org; http://www.spamhaus.org/SBL/sbl.lasso?query=SBL8239; from=<baez_rt@yahoo.com> to=<egglestonem@example.com> proto=SMTP helo=<email.com>
Mar  1 00:10:33 avas postfix/smtpd[2411]: 64FDB61AA6: client=unknown[218.22.232.121]
Mar  1 00:10:34 avas postfix/smtpd[2413]: lost connection after RCPT from unknown[218.242.220.68]
Mar  1 00:10:34 avas postfix/smtpd[2413]: disconnect from unknown[218.242.220.68]
Mar  1 00:10:35 avas postfix/smtpd[2411]: 64FDB61AA6: reject: RCPT from unknown[218.22.232.121]: 557 Service unavailable; Client host [218.22.232.121] blocked using dnsbl.sorbs.net; SOCKS Proxy See: http://www.dnsbl.sorbs.net/cgi-bin/lookup?IP=218.22.232.121; from=<whitaker_li@yahoo.com> to=<english@example.com> proto=SMTP helo=<msn.com>
Mar  1 00:10:35 avas postfix/smtpd[2314]: warning: 208.37.192.234: address not listed for hostname mail.globrite.com
Mar  1 00:10:35 avas postfix/smtpd[2314]: connect from unknown[208.37.192.234]
Mar  1 00:10:35 avas postfix/smtpd[2314]: disconnect from unknown[208.37.192.234]
Mar  1 00:10:35 avas postfix/smtpd[2413]: connect from pool-68-161-97-203.ny325.east.verizon.net[68.161.97.203]
Mar  1 00:10:36 avas postfix/smtpd[2413]: 673FE61AA4: client=pool-68-161-97-203.ny325.east.verizon.net[68.161.97.203]
Mar  1 00:10:37 avas postfix/smtpd[2411]: lost connection after RCPT from unknown[218.22.232.121]
Mar  1 00:10:37 avas postfix/smtpd[2411]: disconnect from unknown[218.22.232.121]
Mar  1 00:10:37 avas postfix/smtpd[2413]: 673FE61AA4: reject: RCPT from pool-68-161-97-203.ny325.east.verizon.net[68.161.97.203]: 557 Service unavailable; Client host [68.161.97.203] blocked using dnsbl.sorbs.net; Dynamic IP Address See: http://www.dnsbl.sorbs.net/cgi-bin/lookup?IP=68.161.97.203; from=<dallas_herringnc@msn.com> to=<egglestonem@example.com> proto=SMTP helo=<hotmail.com>
Mar  1 00:10:37 avas postfix/smtpd[2610]: disconnect from unknown[62.113.122.52]
Mar  1 00:10:38 avas postfix/smtpd[2314]: connect from d57-7-57.home.cgocable.net[24.57.7.57]
Mar  1 00:10:39 avas postfix/smtpd[2413]: lost connection after RCPT from pool-68-161-97-203.ny325.east.verizon.net[68.161.97.203]
Mar  1 00:10:39 avas postfix/smtpd[2413]: disconnect from pool-68-161-97-203.ny325.east.verizon.net[68.161.97.203]
Mar  1 00:10:39 avas postfix/smtpd[2410]: 72DB961A83: reject: RCPT from 66-215-173-200.sb-eres.charterpipeline.net[66.215.173.200]: 557 Service unavailable; Client host [66.215.173.200] blocked using dnsbl.sorbs.net; Dynamic IP Address See: http://www.dnsbl.sorbs.net/cgi-bin/lookup?IP=66.215.173.200; from=<lavonnearcherzu@kali.com.cn> to=<farr@example.com> proto=SMTP helo=<itn.is>
Mar  1 00:10:39 avas postfix/smtpd[2314]: 818FA61AA4: client=d57-7-57.home.cgocable.net[24.57.7.57]
Mar  1 00:10:39 avas postfix/smtpd[2411]: connect from unknown[204.104.133.47]
Mar  1 00:10:39 avas postfix/smtpd[2411]: F228861AA6: client=unknown[204.104.133.47]
Mar  1 00:10:40 avas postfix/smtpd[2411]: F228861AA6: reject: RCPT from unknown[204.104.133.47]: 450 <root@cwh-ott-unix-011.bpmca.com>: Sender address rejected: Domain not found; from=<root@cwh-ott-unix-011.bpmca.com> to=<hartt@example.com> proto=ESMTP helo=<cwh-ott-unix-011.bpmca.com>
Mar  1 00:10:40 avas postfix/smtpd[2314]: 818FA61AA4: reject: RCPT from d57-7-57.home.cgocable.net[24.57.7.57]: 557 Service unavailable; Client host [24.57.7.57] blocked using dnsbl.sorbs.net; Dynamic IP Address See: http://www.dnsbl.sorbs.net/cgi-bin/lookup?IP=24.57.7.57; from=<h_parks_sk@yahoo.co.uk> to=<english@example.com> proto=SMTP helo=<yahoo.com>
Mar  1 00:10:41 avas postfix/smtpd[2610]: connect from unknown[81.13.209.229]
Mar  1 00:10:41 avas postfix/smtpd[2410]: lost connection after RCPT from 66-215-173-200.sb-eres.charterpipeline.net[66.215.173.200]
Mar  1 00:10:41 avas postfix/smtpd[2410]: disconnect from 66-215-173-200.sb-eres.charterpipeline.net[66.215.173.200]
Mar  1 00:10:41 avas postfix/smtpd[2314]: lost connection after RCPT from d57-7-57.home.cgocable.net[24.57.7.57]
Mar  1 00:10:41 avas postfix/smtpd[2314]: disconnect from d57-7-57.home.cgocable.net[24.57.7.57]
Mar  1 00:10:42 avas postfix/smtpd[2413]: connect from unknown[61.105.62.107]
Mar  1 00:10:43 avas postfix/smtpd[2411]: disconnect from unknown[204.104.133.47]
Mar  1 00:10:43 avas postfix/smtpd[2410]: connect from unknown[218.108.28.132]
Mar  1 00:10:45 avas postfix/smtpd[2410]: EADAE61A83: client=unknown[218.108.28.132]
Mar  1 00:10:46 avas postfix/smtpd[2413]: 1173961AA4: client=unknown[61.105.62.107]
Mar  1 00:10:46 avas postfix/smtpd[2410]: EADAE61A83: reject: RCPT from unknown[218.108.28.132]: 557 Service unavailable; Client host [218.108.28.132] blocked using dnsbl.sorbs.net; HTTP Proxy See: http://www.dnsbl.sorbs.net/cgi-bin/lookup?IP=218.108.28.132; from=<ramon_pineda_ux@yahoo.co.uk> to=<english@example.com> proto=SMTP helo=<hotmail.com>
Mar  1 00:10:48 avas postfix/smtpd[2413]: 1173961AA4: reject: RCPT from unknown[61.105.62.107]: 557 Service unavailable; Client host [61.105.62.107] blocked using list.dsbl.org; http://dsbl.org/listing?ip=61.105.62.107; from=<hatch_fh@skrzynka.pl> to=<farr@example.com> proto=SMTP helo=<online.de>
Mar  1 00:10:48 avas postfix/smtpd[2610]: 7826D61AA6: client=unknown[81.13.209.229]
Mar  1 00:10:48 avas postfix/smtpd[2410]: lost connection after RCPT from unknown[218.108.28.132]
Mar  1 00:10:48 avas postfix/smtpd[2410]: disconnect from unknown[218.108.28.132]
Mar  1 00:10:49 avas postfix/smtpd[2411]: connect from cm61-15-123-38.hkcable.com.hk[61.15.123.38]
Mar  1 00:10:49 avas postfix/smtpd[2314]: connect from unknown[202.44.13.145]
Mar  1 00:10:50 avas postfix/smtpd[2411]: 70C2C61A83: client=cm61-15-123-38.hkcable.com.hk[61.15.123.38]
Mar  1 00:10:50 avas postfix/smtpd[2737]: warning: 208.37.192.234: address not listed for hostname mail.globrite.com
Mar  1 00:10:50 avas postfix/smtpd[2737]: connect from unknown[208.37.192.234]
Mar  1 00:10:50 avas postfix/smtpd[2413]: lost connection after RCPT from unknown[61.105.62.107]
Mar  1 00:10:50 avas postfix/smtpd[2413]: disconnect from unknown[61.105.62.107]
Mar  1 00:10:50 avas postfix/smtpd[2410]: connect from c-67-171-58-201.client.comcast.net[67.171.58.201]
Mar  1 00:10:50 avas postfix/smtpd[2737]: disconnect from unknown[208.37.192.234]
Mar  1 00:10:51 avas postfix/smtpd[2314]: 0C5F761AA4: client=unknown[202.44.13.145]
Mar  1 00:10:51 avas postfix/smtpd[2410]: 3040761AAF: client=c-67-171-58-201.client.comcast.net[67.171.58.201]
Mar  1 00:10:51 avas postfix/smtpd[2411]: 70C2C61A83: reject: RCPT from cm61-15-123-38.hkcable.com.hk[61.15.123.38]: 557 Service unavailable; Client host [61.15.123.38] blocked using dnsbl.sorbs.net; Dynamic IP Address See: http://www.dnsbl.sorbs.net/cgi-bin/lookup?IP=61.15.123.38; from=<smthomason_wk@hotmail.com> to=<english@example.com> proto=SMTP helo=<yahoo.co.uk>
Mar  1 00:10:51 avas postfix/smtpd[2610]: 7826D61AA6: reject: RCPT from unknown[81.13.209.229]: 557 Service unavailable; Client host [81.13.209.229] blocked using dnsbl.sorbs.net; Dynamic IP Address See: http://www.dnsbl.sorbs.net/cgi-bin/lookup?IP=81.13.209.229; from=<b_andrade_my@yahoo.com> to=<ancheta@example.com> proto=SMTP helo=<email.com>
Mar  1 00:10:52 avas postfix/smtpd[2314]: 0C5F761AA4: reject: RCPT from unknown[202.44.13.145]: 557 Service unavailable; Client host [202.44.13.145] blocked using dnsbl.sorbs.net; HTTP Proxy See: http://www.dnsbl.sorbs.net/cgi-bin/lookup?IP=202.44.13.145; from=<pcltorg@web.de> to=<fougere@example.com> proto=SMTP helo=<10.0.0.214>
Mar  1 00:10:53 avas postfix/smtpd[2411]: lost connection after RCPT from cm61-15-123-38.hkcable.com.hk[61.15.123.38]
Mar  1 00:10:53 avas postfix/smtpd[2411]: disconnect from cm61-15-123-38.hkcable.com.hk[61.15.123.38]
Mar  1 00:10:53 avas postfix/smtpd[2314]: disconnect from unknown[202.44.13.145]
Mar  1 00:10:54 avas postfix/smtpd[2413]: connect from unknown[218.93.23.106]
Mar  1 00:10:55 avas postfix/smtpd[2413]: 86FCB61A83: client=unknown[218.93.23.106]
Mar  1 00:10:55 avas postfix/smtpd[2610]: lost connection after RCPT from unknown[81.13.209.229]
Mar  1 00:10:55 avas postfix/smtpd[2610]: disconnect from unknown[81.13.209.229]
Mar  1 00:10:56 avas postfix/smtpd[2411]: connect from unknown[211.244.48.56]
Mar  1 00:10:56 avas postfix/smtpd[2413]: 86FCB61A83: reject: RCPT from unknown[218.93.23.106]: 557 Service unavailable; Client host [218.93.23.106] blocked using dnsbl.sorbs.net; HTTP Proxy See: http://www.dnsbl.sorbs.net/cgi-bin/lookup?IP=218.93.23.106; from=<maxwell.pagan_gi@yahoo.fr> to=<english@example.com> proto=SMTP helo=<yahoo.com>
Mar  1 00:10:56 avas postfix/smtpd[2314]: connect from unknown[211.49.30.118]
Mar  1 00:10:57 avas postfix/smtpd[2411]: 2BC8561AA4: client=unknown[211.244.48.56]
Mar  1 00:10:58 avas postfix/smtpd[2413]: lost connection after RCPT from unknown[218.93.23.106]
Mar  1 00:10:58 avas postfix/smtpd[2413]: disconnect from unknown[218.93.23.106]
Mar  1 00:10:58 avas postfix/smtpd[2411]: 2BC8561AA4: reject: RCPT from unknown[211.244.48.56]: 557 Service unavailable; Client host [211.244.48.56] blocked using list.dsbl.org; http://dsbl.org/listing?ip=211.244.48.56; from=<clgonzalesar@mail.com> to=<ancheta@example.com> proto=SMTP helo=<yahoo.co.uk>
Mar  1 00:11:00 avas postfix/smtpd[2411]: lost connection after RCPT from unknown[211.244.48.56]
Mar  1 00:11:00 avas postfix/smtpd[2411]: disconnect from unknown[211.244.48.56]
Mar  1 00:11:01 avas postfix/smtpd[2314]: 0E90C61A83: client=unknown[211.49.30.118]
Mar  1 00:11:02 avas postfix/smtpd[2610]: connect from unknown[61.180.189.18]
Mar  1 00:11:03 avas postfix/smtpd[2411]: connect from unknown[211.34.19.125]
Mar  1 00:11:05 avas postfix/smtpd[2610]: 01F5661AA4: client=unknown[61.180.189.18]
Mar  1 00:11:05 avas postfix/smtpd[2411]: 0575361AA6: client=unknown[211.34.19.125]
Mar  1 00:11:05 avas postfix/smtpd[2737]: warning: 208.37.192.234: address not listed for hostname mail.globrite.com
Mar  1 00:11:05 avas postfix/smtpd[2737]: connect from unknown[208.37.192.234]
Mar  1 00:11:05 avas postfix/smtpd[2737]: disconnect from unknown[208.37.192.234]
Mar  1 00:11:06 avas postfix/smtpd[2410]: 3040761AAF: reject: RCPT from c-67-171-58-201.client.comcast.net[67.171.58.201]: 557 Service unavailable; Client host [67.171.58.201] blocked using dnsbl.sorbs.net; Dynamic IP Address See: http://www.dnsbl.sorbs.net/cgi-bin/lookup?IP=67.171.58.201; from=<dpldgv82nt@wiw.org> to=<clarkm@example.com> proto=SMTP helo=<c-67-171-58-201.client.comcast.net>
Mar  1 00:11:06 avas postfix/smtpd[2610]: 01F5661AA4: reject: RCPT from unknown[61.180.189.18]: 557 Service unavailable; Client host [61.180.189.18] blocked using dnsbl.sorbs.net; HTTP Proxy See: http://www.dnsbl.sorbs.net/cgi-bin/lookup?IP=61.180.189.18; from=<hickeylp@msn.com> to=<ancheta@example.com> proto=SMTP helo=<msn.com>
Mar  1 00:11:07 avas postfix/cleanup[2324]: 0575361AA6: message-id=<VHXVTRB-0001389065925@tupelo>
Mar  1 00:11:07 avas postfix/qmgr[23698]: 0575361AA6: from=<ypxqpipmvrazoh@el-nacional.com>, size=1597, nrcpt=1 (queue active)
Mar  1 00:11:08 avas postfix/smtpd[2410]: lost connection after RCPT from c-67-171-58-201.client.comcast.net[67.171.58.201]
Mar  1 00:11:08 avas postfix/smtpd[2410]: disconnect from c-67-171-58-201.client.comcast.net[67.171.58.201]
Mar  1 00:11:08 avas postfix/smtpd[2411]: disconnect from unknown[211.34.19.125]
Mar  1 00:11:08 avas postfix/cleanup[2603]: 0E90C61A83: message-id=<JOGEGHMLPDJOHOBBMNDMAAEDHMAA.norarileyzs@siba.fi>
Mar  1 00:11:08 avas postfix/qmgr[23698]: 0E90C61A83: from=<norarileyzs@siba.fi>, size=1094, nrcpt=1 (queue active)
Mar  1 00:11:08 avas postfix/smtpd[2610]: lost connection after RCPT from unknown[61.180.189.18]
Mar  1 00:11:08 avas postfix/smtpd[2610]: disconnect from unknown[61.180.189.18]
Mar  1 00:11:09 avas postfix/smtpd[2737]: connect from ya154.internetdsl.tpnet.pl[80.55.234.154]
Mar  1 00:11:09 avas postfix/smtpd[2314]: disconnect from unknown[211.49.30.118]
Mar  1 00:11:10 avas postfix/smtpd[2737]: 65EBF61AA4: client=ya154.internetdsl.tpnet.pl[80.55.234.154]
Mar  1 00:11:10 avas postfix/smtpd[2410]: connect from unknown[221.137.65.139]
Mar  1 00:11:11 avas amavis[2627]: (02627-01) Not-Delivered, <norarileyzs@siba.fi> -> <farr@example.com>, quarantine spam-8c75d02f03ed79946d5cb7ec88d3f3c2-20040301-001111-02627-01, Message-ID: <JOGEGHMLPDJOHOBBMNDMAAEDHMAA.norarileyzs@siba.fi>, Hits: 12.702
Mar  1 00:11:11 avas postfix/smtp[2742]: 0E90C61A83: to=<farr@example.com>, relay=127.0.0.1[127.0.0.1], delay=10, status=sent (250 2.7.1 Ok, discarded, UBE, id=02627-01)
Mar  1 00:11:12 avas postfix/smtpd[2410]: 7684561A83: client=unknown[221.137.65.139]
Mar  1 00:11:13 avas postfix/smtpd[2411]: connect from unknown[219.234.252.188]
Mar  1 00:11:14 avas postfix/smtpd[2410]: 7684561A83: reject: RCPT from unknown[221.137.65.139]: 557 Service unavailable; Client host [221.137.65.139] blocked using list.dsbl.org; http://dsbl.org/listing?ip=221.137.65.139; from=<burgos_ff@hotmail.com> to=<ancheta@example.com> proto=SMTP helo=<yahoo.fr>
Mar  1 00:11:14 avas postfix/smtpd[2411]: E051961AAF: client=unknown[219.234.252.188]
Mar  1 00:11:15 avas postfix/smtpd[2737]: 65EBF61AA4: reject: RCPT from ya154.internetdsl.tpnet.pl[80.55.234.154]: 557 Service unavailable; Client host [80.55.234.154] blocked using dnsbl.sorbs.net; from=<sodhtyr@yahoo.com> to=<mckielk@example.com> proto=SMTP helo=<ya154.internetdsl.tpnet.pl>
Mar  1 00:11:16 avas postfix/smtpd[2411]: E051961AAF: reject: RCPT from unknown[219.234.252.188]: 557 Service unavailable; Client host [219.234.252.188] blocked using dnsbl.sorbs.net; HTTP Proxy See: http://www.dnsbl.sorbs.net/cgi-bin/lookup?IP=219.234.252.188; from=<299slsm@bigfoot.com> to=<biech@example.com> proto=SMTP helo=<10.0.0.214>
Mar  1 00:11:16 avas postfix/smtpd[2410]: lost connection after RCPT from unknown[221.137.65.139]
Mar  1 00:11:16 avas postfix/smtpd[2410]: disconnect from unknown[221.137.65.139]
Mar  1 00:11:17 avas postfix/smtpd[2737]: disconnect from ya154.internetdsl.tpnet.pl[80.55.234.154]
Mar  1 00:11:17 avas postfix/smtpd[2411]: lost connection after RCPT from unknown[219.234.252.188]
Mar  1 00:11:17 avas postfix/smtpd[2411]: disconnect from unknown[219.234.252.188]
Mar  1 00:11:18 avas postfix/smtpd[2610]: connect from unknown[221.229.241.90]
Mar  1 00:11:18 avas postfix/smtpd[2610]: E53F561A83: client=unknown[221.229.241.90]
Mar  1 00:11:19 avas postfix/smtpd[2751]: connect from avas.example.com[127.0.0.1]
Mar  1 00:11:19 avas postfix/smtpd[2751]: A80C461AA4: client=avas.example.com[127.0.0.1]
Mar  1 00:11:19 avas postfix/cleanup[2412]: A80C461AA4: message-id=<VHXVTRB-0001389065925@tupelo>
Mar  1 00:11:19 avas postfix/qmgr[23698]: A80C461AA4: from=<ypxqpipmvrazoh@el-nacional.com>, size=2099, nrcpt=1 (queue active)
Mar  1 00:11:19 avas postfix/smtpd[2751]: disconnect from avas.example.com[127.0.0.1]
Mar  1 00:11:19 avas amavis[2430]: (02430-04) Passed, <ypxqpipmvrazoh@el-nacional.com> -> <precosky@example.com>, Message-ID: <VHXVTRB-0001389065925@tupelo>, Hits: 8.845
Mar  1 00:11:19 avas postfix/smtp[2731]: 0575361AA6: to=<precosky@example.com>, relay=127.0.0.1[127.0.0.1], delay=14, status=sent (250 2.6.0 Ok, id=02430-04, from MTA: 250 Ok: queued as A80C461AA4)
Mar  1 00:11:19 avas postfix/smtp[2752]: A80C461AA4: to=<precosky@example.com>, relay=10.0.0.251[10.0.0.251], delay=0, status=sent (250 Command DATA Processed mail data Ok)
Mar  1 00:11:19 avas postfix/smtpd[2610]: E53F561A83: reject: RCPT from unknown[221.229.241.90]: 557 Service unavailable; Client host [221.229.241.90] blocked using dnsbl.sorbs.net; HTTP Proxy See: http://www.dnsbl.sorbs.net/cgi-bin/lookup?IP=221.229.241.90; from=<antonia_camposue@yahoo.com> to=<ancheta@example.com> proto=SMTP helo=<msn.com>
Mar  1 00:11:20 avas postfix/smtpd[2314]: warning: 208.37.192.234: address not listed for hostname mail.globrite.com
Mar  1 00:11:20 avas postfix/smtpd[2314]: connect from unknown[208.37.192.234]
Mar  1 00:11:20 avas postfix/smtpd[2314]: disconnect from unknown[208.37.192.234]
Mar  1 00:11:21 avas postfix/smtpd[2610]: lost connection after RCPT from unknown[221.229.241.90]
Mar  1 00:11:21 avas postfix/smtpd[2610]: disconnect from unknown[221.229.241.90]
Mar  1 00:11:23 avas postfix/smtpd[2410]: connect from ca-stmnca-cuda1-c3c-139.stmnca.adelphia.net[68.66.184.139]
Mar  1 00:11:25 avas postfix/smtpd[2410]: 5A07161A83: client=ca-stmnca-cuda1-c3c-139.stmnca.adelphia.net[68.66.184.139]
Mar  1 00:11:26 avas postfix/smtpd[2410]: 5A07161A83: reject: RCPT from ca-stmnca-cuda1-c3c-139.stmnca.adelphia.net[68.66.184.139]: 557 Service unavailable; Client host [68.66.184.139] blocked using dnsbl.sorbs.net; Dynamic IP Address See: http://www.dnsbl.sorbs.net/cgi-bin/lookup?IP=68.66.184.139; from=<jermainer_lockhartqa@yahoo.co.uk> to=<ancheta@example.com> proto=SMTP helo=<email.com>
Mar  1 00:11:28 avas postfix/smtpd[2413]: connect from unknown[61.185.154.67]
Mar  1 00:11:28 avas postfix/smtpd[2410]: lost connection after RCPT from ca-stmnca-cuda1-c3c-139.stmnca.adelphia.net[68.66.184.139]
Mar  1 00:11:28 avas postfix/smtpd[2410]: disconnect from ca-stmnca-cuda1-c3c-139.stmnca.adelphia.net[68.66.184.139]
Mar  1 00:11:32 avas postfix/smtpd[2411]: connect from unknown[218.91.248.18]
Mar  1 00:11:33 avas postfix/smtpd[2411]: BBB0661A83: client=unknown[218.91.248.18]
Mar  1 00:11:35 avas postfix/smtpd[2410]: warning: 208.37.192.234: address not listed for hostname mail.globrite.com
Mar  1 00:11:35 avas postfix/smtpd[2410]: connect from unknown[208.37.192.234]
Mar  1 00:11:35 avas postfix/smtpd[2410]: disconnect from unknown[208.37.192.234]
Mar  1 00:11:35 avas postfix/smtpd[2411]: BBB0661A83: reject: RCPT from unknown[218.91.248.18]: 557 Service unavailable; Client host [218.91.248.18] blocked using list.dsbl.org; http://dsbl.org/listing?ip=218.91.248.18; from=<sramseygy@yahoo.com> to=<ancheta@example.com> proto=SMTP helo=<yahoo.co.uk>
Mar  1 00:11:36 avas postfix/smtpd[2413]: D081E61AA4: client=unknown[61.185.154.67]
Mar  1 00:11:37 avas postfix/smtpd[2411]: lost connection after RCPT from unknown[218.91.248.18]
Mar  1 00:11:37 avas postfix/smtpd[2411]: disconnect from unknown[218.91.248.18]
Mar  1 00:11:37 avas postfix/smtpd[2314]: connect from f01m-5-61.d3.club-internet.fr[195.36.244.61]
Mar  1 00:11:38 avas postfix/smtpd[2314]: 6BBD261A83: client=f01m-5-61.d3.club-internet.fr[195.36.244.61]
Mar  1 00:11:38 avas postfix/smtpd[2737]: connect from h89n2fls32o862.telia.com[217.208.100.89]
Mar  1 00:11:39 avas postfix/smtpd[2737]: 532E761AA6: client=h89n2fls32o862.telia.com[217.208.100.89]
Mar  1 00:11:39 avas postfix/smtpd[2737]: 532E761AA6: reject: RCPT from h89n2fls32o862.telia.com[217.208.100.89]: 557 Service unavailable; Client host [217.208.100.89] blocked using dnsbl.sorbs.net; Dynamic IP Address See: http://www.dnsbl.sorbs.net/cgi-bin/lookup?IP=217.208.100.89; from=<mitchellpcummingsul@mail.com> to=<ancheta@example.com> proto=SMTP helo=<mail.com>
Mar  1 00:11:40 avas postfix/smtpd[2314]: 6BBD261A83: reject: RCPT from f01m-5-61.d3.club-internet.fr[195.36.244.61]: 557 Service unavailable; Client host [195.36.244.61] blocked using dnsbl.sorbs.net; Dynamic IP Address See: http://www.dnsbl.sorbs.net/cgi-bin/lookup?IP=195.36.244.61; from=<hba0144@mchsi.com> to=<adamspe@example.com> proto=SMTP helo=<f01m-5-61.d3.club-internet.fr>
Mar  1 00:11:41 avas postfix/smtpd[2737]: lost connection after RCPT from h89n2fls32o862.telia.com[217.208.100.89]
Mar  1 00:11:41 avas postfix/smtpd[2737]: disconnect from h89n2fls32o862.telia.com[217.208.100.89]
Mar  1 00:11:41 avas postfix/smtpd[2314]: disconnect from f01m-5-61.d3.club-internet.fr[195.36.244.61]
Mar  1 00:11:49 avas postfix/smtpd[2413]: D081E61AA4: reject: RCPT from unknown[61.185.154.67]: 557 Service unavailable; Client host [61.185.154.67] blocked using dnsbl.sorbs.net; Dynamic IP Address See: http://www.dnsbl.sorbs.net/cgi-bin/lookup?IP=61.185.154.67; from=<duncanspite@attbi.com> to=<wang@example.com> proto=SMTP helo=<10.0.0.214>
Mar  1 00:11:50 avas postfix/smtpd[2410]: warning: 208.37.192.234: address not listed for hostname mail.globrite.com
Mar  1 00:11:50 avas postfix/smtpd[2410]: connect from unknown[208.37.192.234]
Mar  1 00:11:50 avas postfix/smtpd[2410]: disconnect from unknown[208.37.192.234]
Mar  1 00:11:58 avas postfix/smtpd[2610]: connect from unknown[219.149.53.59]
Mar  1 00:12:00 avas postfix/smtpd[2610]: 83A2F61A83: client=unknown[219.149.53.59]
Mar  1 00:12:01 avas postfix/smtpd[2610]: 83A2F61A83: reject: RCPT from unknown[219.149.53.59]: 557 Service unavailable; Client host [219.149.53.59] blocked using dnsbl.sorbs.net; HTTP Proxy See: http://www.dnsbl.sorbs.net/cgi-bin/lookup?IP=219.149.53.59; from=<stacicase_ov@yahoo.fr> to=<ancheta@example.com> proto=SMTP helo=<hotmail.com>
