Mar  1 00:45:52 avas postfix/smtpd[3170]: lost connection after RCPT from unknown[61.128.166.167]
Mar  1 00:45:52 avas postfix/smtpd[3170]: disconnect from unknown[61.128.166.167]
Mar  1 00:45:54 avas postfix/smtpd[2737]: connect from unknown[218.23.240.46]
Mar  1 00:45:55 avas postfix/smtpd[3081]: warning: 208.37.192.234: address not listed for hostname globrite.com
Mar  1 00:45:55 avas postfix/smtpd[3081]: connect from unknown[208.37.192.234]
Mar  1 00:45:55 avas postfix/smtpd[3081]: disconnect from unknown[208.37.192.234]
Mar  1 00:45:56 avas postfix/smtpd[2737]: 49A9261AA6: client=unknown[218.23.240.46]
Mar  1 00:45:57 avas postfix/smtpd[2737]: 49A9261AA6: reject: RCPT from unknown[218.23.240.46]: 557 Service unavailable; Client host [218.23.240.46] blocked using list.dsbl.org; http://dsbl.org/listing?ip=218.23.240.46; from=<finchld@email.com> to=<edc12@example.com> proto=SMTP helo=<hotmail.com>
Mar  1 00:45:59 avas postfix/smtpd[2737]: lost connection after RCPT from unknown[218.23.240.46]
Mar  1 00:45:59 avas postfix/smtpd[2737]: disconnect from unknown[218.23.240.46]
Mar  1 00:46:10 avas postfix/smtpd[3170]: warning: 208.37.192.234: address not listed for hostname globrite.com
Mar  1 00:46:10 avas postfix/smtpd[3170]: connect from unknown[208.37.192.234]
Mar  1 00:46:10 avas postfix/smtpd[3170]: disconnect from unknown[208.37.192.234]
Mar  1 00:46:15 avas postfix/smtpd[2610]: too many errors after RCPT from unknown[209.25.160.67]
Mar  1 00:46:15 avas postfix/smtpd[2610]: disconnect from unknown[209.25.160.67]
Mar  1 00:46:15 avas postfix/smtpd[3199]: warning: 209.25.160.67: hostname host67.hostcentric.com verification failed: Host not found
Mar  1 00:46:15 avas postfix/smtpd[3199]: connect from unknown[209.25.160.67]
Mar  1 00:46:15 avas postfix/smtpd[3199]: 7365E61A83: client=unknown[209.25.160.67]
Mar  1 00:46:15 avas postfix/smtpd[3199]: 7365E61A83: reject: RCPT from unknown[209.25.160.67]: 557 Service unavailable; Client host [209.25.160.67] blocked using sbl.spamhaus.org; http://www.spamhaus.org/SBL/sbl.lasso?query=SBL14599; from=<ctn8ukd3@aol.com> to=<adamspe@example.com> proto=SMTP helo=<209.25.160.67>
Mar  1 00:46:16 avas postfix/smtpd[3199]: 98EE861A83: client=unknown[209.25.160.67]
Mar  1 00:46:16 avas postfix/smtpd[3199]: 98EE861A83: reject: RCPT from unknown[209.25.160.67]: 557 Service unavailable; Client host [209.25.160.67] blocked using sbl.spamhaus.org; http://www.spamhaus.org/SBL/sbl.lasso?query=SBL14599; from=<TCW2hqr6@netscape.net> to=<connors@example.com> proto=SMTP helo=<209.25.160.67>
Mar  1 00:46:17 avas postfix/smtpd[3199]: 98EE861A83: reject: RCPT from unknown[209.25.160.67]: 557 Service unavailable; Client host [209.25.160.67] blocked using sbl.spamhaus.org; http://www.spamhaus.org/SBL/sbl.lasso?query=SBL14599; from=<TCW2hqr6@netscape.net> to=<bowness@example.com> proto=SMTP helo=<209.25.160.67>
Mar  1 00:46:18 avas postfix/smtpd[3199]: 98EE861A83: reject: RCPT from unknown[209.25.160.67]: 557 Service unavailable; Client host [209.25.160.67] blocked using sbl.spamhaus.org; http://www.spamhaus.org/SBL/sbl.lasso?query=SBL14599; from=<TCW2hqr6@netscape.net> to=<brettj@example.com> proto=SMTP helo=<209.25.160.67>
Mar  1 00:46:19 avas postfix/smtpd[3199]: 98EE861A83: reject: RCPT from unknown[209.25.160.67]: 557 Service unavailable; Client host [209.25.160.67] blocked using sbl.spamhaus.org; http://www.spamhaus.org/SBL/sbl.lasso?query=SBL14599; from=<TCW2hqr6@netscape.net> to=<ancheta@example.com> proto=SMTP helo=<209.25.160.67>
Mar  1 00:46:19 avas postfix/smtpd[3081]: connect from unknown[61.253.22.72]
Mar  1 00:46:20 avas postfix/smtpd[3199]: disconnect from unknown[209.25.160.67]
Mar  1 00:46:20 avas postfix/smtpd[3081]: F124361A83: client=unknown[61.253.22.72]
Mar  1 00:46:25 avas postfix/smtpd[2737]: warning: 208.37.192.234: address not listed for hostname globrite.com
Mar  1 00:46:25 avas postfix/smtpd[2737]: connect from unknown[208.37.192.234]
Mar  1 00:46:25 avas postfix/smtpd[2737]: disconnect from unknown[208.37.192.234]
Mar  1 00:46:32 avas postfix/smtpd[3170]: connect from h146.n219-68-237.adsl.giga.net.tw[219.68.237.146]
Mar  1 00:46:33 avas postfix/smtpd[3200]: A19D961AB3: reject: RCPT from unknown[219.129.65.148]: 557 Service unavailable; Client host [219.129.65.148] blocked using dnsbl.sorbs.net; HTTP Proxy See: http://www.dnsbl.sorbs.net/cgi-bin/lookup?IP=219.129.65.148; from=<halliefowler_ri@mywankers.com> to=<madill@example.com> proto=SMTP helo=<choppersluts.com>
Mar  1 00:46:33 avas postfix/smtpd[3170]: 6DD8561AA6: client=h146.n219-68-237.adsl.giga.net.tw[219.68.237.146]
Mar  1 00:46:34 avas postfix/smtpd[3200]: lost connection after RCPT from unknown[219.129.65.148]
Mar  1 00:46:34 avas postfix/smtpd[3200]: disconnect from unknown[219.129.65.148]
Mar  1 00:46:38 avas postfix/smtpd[2610]: warning: 208.37.192.234: address not listed for hostname globrite.com
Mar  1 00:46:38 avas postfix/smtpd[2610]: connect from unknown[208.37.192.234]
Mar  1 00:46:38 avas postfix/smtpd[2610]: disconnect from unknown[208.37.192.234]
Mar  1 00:46:52 avas postfix/smtpd[3199]: connect from lists.sourceforge.net[66.35.250.206]
Mar  1 00:46:52 avas postfix/smtpd[3199]: 69D3F61AB3: client=lists.sourceforge.net[66.35.250.206]
Mar  1 00:46:53 avas postfix/smtpd[3200]: warning: 208.37.192.234: address not listed for hostname globrite.com
Mar  1 00:46:53 avas postfix/smtpd[3200]: connect from unknown[208.37.192.234]
Mar  1 00:46:53 avas postfix/smtpd[3200]: disconnect from unknown[208.37.192.234]
Mar  1 00:46:56 avas postfix/cleanup[3037]: 69D3F61AB3: message-id=<4042F822.1040808@in-online.net>
Mar  1 00:46:56 avas postfix/qmgr[23698]: 69D3F61AB3: from=<clamav-users-admin@lists.sourceforge.net>, size=5931, nrcpt=1 (queue active)
Mar  1 00:46:57 avas postfix/smtpd[3199]: disconnect from lists.sourceforge.net[66.35.250.206]
Mar  1 00:46:57 avas postfix/smtpd[3082]: 9AE9961AAF: reject: RCPT from unknown[61.153.203.162]: 557 Service unavailable; Client host [61.153.203.162] blocked using list.dsbl.org; http://dsbl.org/listing?ip=61.153.203.162; from=<a_raymondqe@mywankers.com> to=<madill@example.com> proto=SMTP helo=<mywankers.com>
Mar  1 00:46:57 avas postfix/smtpd[3215]: connect from avas.example.com[127.0.0.1]
Mar  1 00:46:57 avas postfix/smtpd[3215]: F073261AB4: client=avas.example.com[127.0.0.1]
Mar  1 00:46:58 avas postfix/cleanup[3057]: F073261AB4: message-id=<4042F822.1040808@in-online.net>
Mar  1 00:46:58 avas postfix/qmgr[23698]: F073261AB4: from=<clamav-users-admin@lists.sourceforge.net>, size=5979, nrcpt=1 (queue active)
Mar  1 00:46:58 avas postfix/smtpd[3215]: disconnect from avas.example.com[127.0.0.1]
Mar  1 00:46:58 avas amavis[2889]: (02889-07) Passed, <clamav-users-admin@lists.sourceforge.net> -> <gagel@example.com>, Message-ID: <4042F822.1040808@in-online.net>, Hits: -99.8
Mar  1 00:46:58 avas postfix/smtp[3050]: 69D3F61AB3: to=<gagel@example.com>, relay=127.0.0.1[127.0.0.1], delay=6, status=sent (250 2.6.0 Ok, id=02889-07, from MTA: 250 Ok: queued as F073261AB4)
Mar  1 00:46:58 avas postfix/smtp[3216]: F073261AB4: to=<gagel@example.com>, relay=10.0.0.251[10.0.0.251], delay=1, status=sent (250 Command DATA Processed mail data Ok)
Mar  1 00:46:58 avas postfix/smtpd[3082]: lost connection after RCPT from unknown[61.153.203.162]
Mar  1 00:46:58 avas postfix/smtpd[3082]: disconnect from unknown[61.153.203.162]
Mar  1 00:46:59 avas postfix/smtpd[2610]: connect from mx1.mail.bg[193.201.172.114]
Mar  1 00:47:00 avas postfix/smtpd[2737]: warning: 212.102.20.181: hostname shabnet20-181.shabakah.net verification failed: Host not found
Mar  1 00:47:00 avas postfix/smtpd[2737]: connect from unknown[212.102.20.181]
Mar  1 00:47:00 avas postfix/smtpd[2610]: A83DF61AAF: client=mx1.mail.bg[193.201.172.114]
Mar  1 00:47:03 avas postfix/smtpd[3200]: connect from r254054.ap.plala.or.jp[220.108.254.54]
Mar  1 00:47:05 avas postfix/smtpd[3199]: connect from unknown[61.83.120.139]
Mar  1 00:47:06 avas postfix/smtpd[3199]: 5C9DF61AB3: client=unknown[61.83.120.139]
Mar  1 00:47:06 avas postfix/smtpd[3200]: 8D0F261AB4: client=r254054.ap.plala.or.jp[220.108.254.54]
Mar  1 00:47:07 avas postfix/cleanup[3037]: A83DF61AAF: message-id=<1078130776.67abaf24265a8@www.mail.bg>
Mar  1 00:47:07 avas postfix/smtpd[2610]: disconnect from mx1.mail.bg[193.201.172.114]
Mar  1 00:47:07 avas postfix/qmgr[23698]: A83DF61AAF: from=<je2help@mail.bg>, size=8739, nrcpt=1 (queue active)
Mar  1 00:47:07 avas postfix/cleanup[3057]: 5C9DF61AB3: message-id=<20040301084706.5C9DF61AB3@avas.example.com>
Mar  1 00:47:08 avas postfix/smtpd[3082]: connect from 1cust8.tnt1.toowoomba.au.da.uu.net[210.84.182.8]
Mar  1 00:47:08 avas postfix/smtpd[3200]: 8D0F261AB4: reject: RCPT from r254054.ap.plala.or.jp[220.108.254.54]: 557 Service unavailable; Client host [220.108.254.54] blocked using dnsbl.sorbs.net; Dynamic IP Address See: http://www.dnsbl.sorbs.net/cgi-bin/lookup?IP=220.108.254.54; from=<lolitafrazieraz@yahoo.co.uk> to=<anseth@example.com> proto=SMTP helo=<yahoo.fr>
Mar  1 00:47:08 avas postfix/smtpd[2610]: warning: 208.37.192.234: address not listed for hostname globrite.com
Mar  1 00:47:08 avas postfix/smtpd[2610]: connect from unknown[208.37.192.234]
Mar  1 00:47:08 avas postfix/smtpd[2610]: disconnect from unknown[208.37.192.234]
Mar  1 00:47:08 avas postfix/qmgr[23698]: 5C9DF61AB3: from=<documentation@ansys.com>, size=30885, nrcpt=1 (queue active)
Mar  1 00:47:09 avas postfix/smtpd[3199]: disconnect from unknown[61.83.120.139]
Mar  1 00:47:09 avas amavis[2889]: (02889-08) INFECTED (Worm.SomeFool), <documentation@ansys.com> -> <williams@example.com>, quarantine virus-20040301-004709-02889-08, Message-ID: <20040301084706.5C9DF61AB3@avas.example.com>, Hits: -
Mar  1 00:47:09 avas postfix/smtp[3238]: 5C9DF61AB3: to=<williams@example.com>, relay=127.0.0.1[127.0.0.1], delay=3, status=sent (250 2.7.1 Ok, discarded, id=02889-08 - VIRUS: Worm.SomeFool)
Mar  1 00:47:11 avas postfix/smtpd[3200]: lost connection after RCPT from r254054.ap.plala.or.jp[220.108.254.54]
Mar  1 00:47:11 avas postfix/smtpd[3200]: disconnect from r254054.ap.plala.or.jp[220.108.254.54]
Mar  1 00:47:12 avas postfix/smtpd[3082]: 48FA561AB3: client=1cust8.tnt1.toowoomba.au.da.uu.net[210.84.182.8]
Mar  1 00:47:14 avas postfix/smtpd[2610]: warning: 203.210.216.107: address not listed for hostname localhost
Mar  1 00:47:14 avas postfix/smtpd[2610]: connect from unknown[203.210.216.107]
Mar  1 00:47:14 avas postfix/smtpd[2610]: AA9A261AB4: client=unknown[203.210.216.107]
Mar  1 00:47:14 avas postfix/smtpd[2610]: AA9A261AB4: reject: RCPT from unknown[203.210.216.107]: 550 <3fcf7151.98.75c.11972@example.com>: User unknown in relay recipient table; from=<hiw0000306a@hotmail.com> to=<3fcf7151.98.75c.11972@example.com> proto=SMTP helo=<example.com>
Mar  1 00:47:15 avas postfix/smtpd[3082]: 48FA561AB3: reject: RCPT from 1cust8.tnt1.toowoomba.au.da.uu.net[210.84.182.8]: 557 Service unavailable; Client host [210.84.182.8] blocked using dnsbl.sorbs.net; Dynamic IP Address See: http://www.dnsbl.sorbs.net/cgi-bin/lookup?IP=210.84.182.8; from=<MonaHendricks@ddb.be.statoil.no> to=<precosky@example.com> proto=SMTP helo=<1cust8.tnt1.toowoomba.au.da.uu.net>
Mar  1 00:47:16 avas postfix/smtpd[2610]: lost connection after RCPT from unknown[203.210.216.107]
Mar  1 00:47:16 avas postfix/smtpd[2610]: disconnect from unknown[203.210.216.107]
Mar  1 00:47:16 avas postfix/smtpd[3200]: connect from unknown[62.113.122.52]
Mar  1 00:47:16 avas postfix/smtpd[3199]: warning: 63.237.99.204: hostname host-63-237-99-204.prt-inc.com verification failed: Host not found
Mar  1 00:47:16 avas postfix/smtpd[3199]: connect from unknown[63.237.99.204]
Mar  1 00:47:16 avas postfix/smtpd[2610]: warning: 203.210.216.107: address not listed for hostname localhost
Mar  1 00:47:16 avas postfix/smtpd[2610]: connect from unknown[203.210.216.107]
Mar  1 00:47:16 avas postfix/smtpd[3200]: BC6DC61AB4: client=unknown[62.113.122.52]
Mar  1 00:47:16 avas postfix/smtpd[3199]: BF82161AB9: client=unknown[63.237.99.204]
Mar  1 00:47:17 avas postfix/smtpd[3200]: BC6DC61AB4: reject: RCPT from unknown[62.113.122.52]: 450 <apache@s2.raexpert.ru>: Sender address rejected: Domain not found; from=<apache@s2.raexpert.ru> to=<kennedyg@example.com> proto=ESMTP helo=<s2.raexpert.ru>
Mar  1 00:47:17 avas postfix/smtpd[3199]: BF82161AB9: reject: RCPT from unknown[63.237.99.204]: 504 <SAEED1>: Helo command rejected: need fully-qualified hostname; from=<lttvkiob@aol.com> to=<ni@example.com> proto=SMTP helo=<SAEED1>
Mar  1 00:47:17 avas postfix/smtpd[2610]: 13F1361ABA: client=unknown[203.210.216.107]
Mar  1 00:47:18 avas postfix/smtpd[3199]: lost connection after RCPT from unknown[63.237.99.204]
Mar  1 00:47:18 avas postfix/smtpd[3199]: disconnect from unknown[63.237.99.204]
Mar  1 00:47:18 avas postfix/smtpd[2737]: 5A74E61AB9: client=unknown[212.102.20.181]
Mar  1 00:47:18 avas postfix/smtpd[3082]: disconnect from 1cust8.tnt1.toowoomba.au.da.uu.net[210.84.182.8]
Mar  1 00:47:21 avas postfix/smtpd[2610]: lost connection after RCPT from unknown[203.210.216.107]
Mar  1 00:47:21 avas postfix/smtpd[2610]: disconnect from unknown[203.210.216.107]
Mar  1 00:47:22 avas postfix/smtpd[3215]: connect from avas.example.com[127.0.0.1]
Mar  1 00:47:22 avas postfix/smtpd[3215]: 6BFAD61AB3: client=avas.example.com[127.0.0.1]
Mar  1 00:47:22 avas postfix/cleanup[3037]: 6BFAD61AB3: message-id=<1078130776.67abaf24265a8@www.mail.bg>
Mar  1 00:47:22 avas postfix/qmgr[23698]: 6BFAD61AB3: from=<je2help@mail.bg>, size=9316, nrcpt=1 (queue active)
Mar  1 00:47:22 avas postfix/smtpd[3215]: disconnect from avas.example.com[127.0.0.1]
Mar  1 00:47:22 avas amavis[2627]: (02627-10) Passed, <je2help@mail.bg> -> <weed@example.com>, Message-ID: <1078130776.67abaf24265a8@www.mail.bg>, Hits: 7.979
Mar  1 00:47:22 avas postfix/smtp[3050]: A83DF61AAF: to=<weed@example.com>, relay=127.0.0.1[127.0.0.1], delay=22, status=sent (250 2.6.0 Ok, id=02627-10, from MTA: 250 Ok: queued as 6BFAD61AB3)
Mar  1 00:47:22 avas postfix/smtp[3216]: 6BFAD61AB3: to=<weed@example.com>, relay=10.0.0.251[10.0.0.251], delay=0, status=sent (250 Command DATA Processed mail data Ok)
Mar  1 00:47:23 avas postfix/smtpd[3199]: warning: 208.37.192.234: address not listed for hostname globrite.com
Mar  1 00:47:23 avas postfix/smtpd[3199]: connect from unknown[208.37.192.234]
Mar  1 00:47:23 avas postfix/smtpd[3199]: disconnect from unknown[208.37.192.234]
Mar  1 00:47:24 avas postfix/smtpd[3200]: disconnect from unknown[62.113.122.52]
Mar  1 00:47:24 avas postfix/smtpd[3082]: warning: 203.210.216.107: address not listed for hostname localhost
Mar  1 00:47:24 avas postfix/smtpd[3082]: connect from unknown[203.210.216.107]
Mar  1 00:47:25 avas postfix/smtpd[3082]: 1B6B061AAF: client=unknown[203.210.216.107]
Mar  1 00:47:25 avas postfix/smtpd[3082]: 1B6B061AAF: reject: RCPT from unknown[203.210.216.107]: 450 <cattuonghcm@hcm.fpp>: Sender address rejected: Domain not found; from=<cattuonghcm@hcm.fpp> to=<3fd6070b.13d.c1c.12196@example.com> proto=SMTP helo=<example.com>
Mar  1 00:47:26 avas postfix/smtpd[3082]: lost connection after RCPT from unknown[203.210.216.107]
Mar  1 00:47:26 avas postfix/smtpd[3082]: disconnect from unknown[203.210.216.107]
Mar  1 00:47:27 avas postfix/smtpd[2610]: warning: 203.210.216.107: address not listed for hostname localhost
Mar  1 00:47:27 avas postfix/smtpd[2610]: connect from unknown[203.210.216.107]
Mar  1 00:47:27 avas postfix/smtpd[2610]: E19E961AAF: client=unknown[203.210.216.107]
Mar  1 00:47:28 avas postfix/smtpd[2610]: E19E961AAF: reject: RCPT from unknown[203.210.216.107]: 550 <3fd8e3ae.c7.acc.2080@example.com>: User unknown in relay recipient table; from=<svduhoc@webteam.vnn.vn> to=<3fd8e3ae.c7.acc.2080@example.com> proto=SMTP helo=<example.com>
Mar  1 00:47:29 avas postfix/smtpd[2610]: lost connection after RCPT from unknown[203.210.216.107]
Mar  1 00:47:29 avas postfix/smtpd[2610]: disconnect from unknown[203.210.216.107]
Mar  1 00:47:36 avas postfix/smtpd[3081]: F124361A83: reject: RCPT from unknown[61.253.22.72]: 557 Service unavailable; Client host [61.253.22.72] blocked using dnsbl.sorbs.net; Spam Received See: http://www.dnsbl.sorbs.net/cgi-bin/lookup?IP=61.253.22.72; from=<elbert.ramosnh@mywankers.com> to=<madill@example.com> proto=SMTP helo=<choppersluts.com>
Mar  1 00:47:37 avas postfix/smtpd[3081]: lost connection after RCPT from unknown[61.253.22.72]
Mar  1 00:47:37 avas postfix/smtpd[3081]: disconnect from unknown[61.253.22.72]
Mar  1 00:47:38 avas postfix/smtpd[3200]: connect from unknown[219.133.170.91]
Mar  1 00:47:38 avas postfix/smtpd[3082]: warning: 208.37.192.234: address not listed for hostname globrite.com
Mar  1 00:47:38 avas postfix/smtpd[3082]: connect from unknown[208.37.192.234]
Mar  1 00:47:38 avas postfix/smtpd[3082]: disconnect from unknown[208.37.192.234]
Mar  1 00:47:39 avas postfix/smtpd[2610]: connect from mailer155.yourbigvote.com[64.156.187.155]
Mar  1 00:47:39 avas postfix/smtpd[2610]: 4350561A83: client=mailer155.yourbigvote.com[64.156.187.155]
Mar  1 00:47:39 avas postfix/smtpd[2610]: 4350561A83: reject: RCPT from mailer155.yourbigvote.com[64.156.187.155]: 557 Service unavailable; Client host [64.156.187.155] blocked using sbl.spamhaus.org; http://www.spamhaus.org/SBL/sbl.lasso?query=SBL5490; from=<updates9022@yourbigfun.com> to=<anonsonj@example.com> proto=ESMTP helo=<mailer155.yourbigvote.com>
Mar  1 00:47:42 avas postfix/smtpd[2610]: disconnect from mailer155.yourbigvote.com[64.156.187.155]
Mar  1 00:47:43 avas postfix/smtpd[3200]: 7AE5C61A83: client=unknown[219.133.170.91]
Mar  1 00:47:45 avas postfix/smtpd[3200]: 7AE5C61A83: reject: RCPT from unknown[219.133.170.91]: 557 Service unavailable; Client host [219.133.170.91] blocked using dnsbl.sorbs.net; SOCKS Proxy See: http://www.dnsbl.sorbs.net/cgi-bin/lookup?IP=219.133.170.91; from=<tim_dsharpeta@yahoo.fr> to=<anseth@example.com> proto=SMTP helo=<yahoo.co.uk>
Mar  1 00:47:48 avas postfix/smtpd[3200]: lost connection after RCPT from unknown[219.133.170.91]
Mar  1 00:47:48 avas postfix/smtpd[3200]: disconnect from unknown[219.133.170.91]
Mar  1 00:47:48 avas postfix/smtpd[3170]: 6DD8561AA6: reject: RCPT from h146.n219-68-237.adsl.giga.net.tw[219.68.237.146]: 557 Service unavailable; Client host [219.68.237.146] blocked using dnsbl.sorbs.net; HTTP Proxy See: http://www.dnsbl.sorbs.net/cgi-bin/lookup?IP=219.68.237.146; from=<brant.r.francisyw@mywankers.com> to=<manng@example.com> proto=SMTP helo=<mywankers.com>
Mar  1 00:47:49 avas postfix/smtpd[3170]: lost connection after RCPT from h146.n219-68-237.adsl.giga.net.tw[219.68.237.146]
Mar  1 00:47:49 avas postfix/smtpd[3170]: disconnect from h146.n219-68-237.adsl.giga.net.tw[219.68.237.146]
Mar  1 00:47:51 avas postfix/smtpd[3199]: connect from unknown[61.98.226.177]
Mar  1 00:47:51 avas postfix/smtpd[2610]: connect from unknown[218.70.235.15]
Mar  1 00:47:52 avas postfix/smtpd[3199]: 3A94A61A83: client=unknown[61.98.226.177]
Mar  1 00:47:52 avas postfix/smtpd[3170]: connect from unknown[61.153.203.162]
Mar  1 00:47:53 avas postfix/smtpd[3200]: warning: 208.37.192.234: address not listed for hostname globrite.com
Mar  1 00:47:53 avas postfix/smtpd[3200]: connect from unknown[208.37.192.234]
Mar  1 00:47:54 avas postfix/smtpd[3200]: disconnect from unknown[208.37.192.234]
Mar  1 00:47:54 avas postfix/smtpd[3170]: 6097861AA6: client=unknown[61.153.203.162]
Mar  1 00:47:55 avas postfix/smtpd[3081]: connect from unknown[202.155.121.142]
Mar  1 00:47:55 avas postfix/smtpd[3170]: 6097861AA6: reject: RCPT from unknown[61.153.203.162]: 557 Service unavailable; Client host [61.153.203.162] blocked using list.dsbl.org; http://dsbl.org/listing?ip=61.153.203.162; from=<csilver_if@choppersluts.com> to=<madill@example.com> proto=SMTP helo=<choppersluts.com>
Mar  1 00:47:56 avas postfix/smtpd[2737]: 5A74E61AB9: reject: RCPT from unknown[212.102.20.181]: 557 Service unavailable; Client host [212.102.20.181] blocked using list.dsbl.org; http://dsbl.org/listing?ip=212.102.20.181; from=<ronda.padilla_my@choppersluts.com> to=<madill@example.com> proto=SMTP helo=<choppersluts.com>
Mar  1 00:47:57 avas postfix/smtpd[3170]: lost connection after RCPT from unknown[61.153.203.162]
Mar  1 00:47:57 avas postfix/smtpd[3170]: disconnect from unknown[61.153.203.162]
Mar  1 00:47:57 avas postfix/smtpd[3081]: 4AF0861AA6: client=unknown[202.155.121.142]
Mar  1 00:47:58 avas postfix/smtpd[2610]: 49F9E61AAF: client=unknown[218.70.235.15]
Mar  1 00:47:59 avas postfix/smtpd[3082]: connect from unknown[38.116.9.173]
Mar  1 00:47:59 avas postfix/smtpd[3081]: 4AF0861AA6: reject: RCPT from unknown[202.155.121.142]: 557 Service unavailable; Client host [202.155.121.142] blocked using list.dsbl.org; http://dsbl.org/listing?ip=202.155.121.142; from=<dprmise@mail.ru> to=<kehoec@example.com> proto=SMTP helo=<10.0.0.214>
Mar  1 00:47:59 avas postfix/smtpd[3082]: 6D3A761AB3: client=unknown[38.116.9.173]
Mar  1 00:47:59 avas postfix/smtpd[3082]: 6D3A761AB3: reject: RCPT from unknown[38.116.9.173]: 450 <MSolly@beldinggin.com>: Sender address rejected: Domain not found; from=<MSolly@beldinggin.com> to=<ni@example.com> proto=SMTP helo=<beldinggin.com>
Mar  1 00:48:00 avas postfix/smtpd[2610]: 49F9E61AAF: reject: RCPT from unknown[218.70.235.15]: 557 Service unavailable; Client host [218.70.235.15] blocked using sbl.spamhaus.org; http://www.spamhaus.org/SBL/sbl.lasso?query=SBL12839; from=<r.nicholsongs@yahoo.co.uk> to=<anseth@example.com> proto=SMTP helo=<yahoo.com>
Mar  1 00:48:00 avas postfix/smtpd[3082]: disconnect from unknown[38.116.9.173]
Mar  1 00:48:01 avas postfix/smtpd[3081]: disconnect from unknown[202.155.121.142]
Mar  1 00:48:02 avas postfix/smtpd[3200]: connect from unknown[218.190.174.42]
Mar  1 00:48:03 avas postfix/smtpd[3200]: 80F7A61AA6: client=unknown[218.190.174.42]
Mar  1 00:48:04 avas postfix/smtpd[3200]: 80F7A61AA6: reject: RCPT from unknown[218.190.174.42]: 557 Service unavailable; Client host [218.190.174.42] blocked using dnsbl.sorbs.net; Spam Received See: http://www.dnsbl.sorbs.net/cgi-bin/lookup?IP=218.190.174.42; from=<alfred.fisher_kq@choppersluts.com> to=<madill@example.com> proto=SMTP helo=<mywankers.com>
Mar  1 00:48:06 avas postfix/smtpd[3200]: lost connection after RCPT from unknown[218.190.174.42]
Mar  1 00:48:06 avas postfix/smtpd[3200]: disconnect from unknown[218.190.174.42]
Mar  1 00:48:08 avas postfix/smtpd[2610]: lost connection after RCPT from unknown[218.70.235.15]
Mar  1 00:48:08 avas postfix/smtpd[2610]: disconnect from unknown[218.70.235.15]
Mar  1 00:48:08 avas postfix/smtpd[3170]: warning: 208.37.192.234: address not listed for hostname globrite.com
Mar  1 00:48:08 avas postfix/smtpd[3170]: connect from unknown[208.37.192.234]
Mar  1 00:48:09 avas postfix/smtpd[3170]: disconnect from unknown[208.37.192.234]
Mar  1 00:48:10 avas postfix/smtpd[3082]: connect from unknown[61.38.39.138]
Mar  1 00:48:12 avas postfix/smtpd[3082]: 4AF9161AA6: client=unknown[61.38.39.138]
Mar  1 00:48:13 avas postfix/smtpd[3082]: 4AF9161AA6: reject: RCPT from unknown[61.38.39.138]: 557 Service unavailable; Client host [61.38.39.138] blocked using dnsbl.sorbs.net; HTTP Proxy See: http://www.dnsbl.sorbs.net/cgi-bin/lookup?IP=61.38.39.138; from=<barberrg@choppersluts.com> to=<madill@example.com> proto=SMTP helo=<mywankers.com>
Mar  1 00:48:14 avas postfix/smtpd[3082]: lost connection after RCPT from unknown[61.38.39.138]
Mar  1 00:48:14 avas postfix/smtpd[3082]: disconnect from unknown[61.38.39.138]
Mar  1 00:48:17 avas postfix/smtpd[3081]: connect from cm203-168-209-164.hkcable.com.hk[203.168.209.164]
Mar  1 00:48:18 avas postfix/smtpd[3081]: 4C1A361AA6: client=cm203-168-209-164.hkcable.com.hk[203.168.209.164]
Mar  1 00:48:23 avas postfix/smtpd[3200]: warning: 208.37.192.234: address not listed for hostname globrite.com
Mar  1 00:48:23 avas postfix/smtpd[3200]: connect from unknown[208.37.192.234]
Mar  1 00:48:24 avas postfix/smtpd[3200]: disconnect from unknown[208.37.192.234]
Mar  1 00:48:31 avas postfix/smtpd[2737]: lost connection after RCPT from unknown[212.102.20.181]
Mar  1 00:48:31 avas postfix/smtpd[2737]: disconnect from unknown[212.102.20.181]
Mar  1 00:48:39 avas postfix/smtpd[2610]: warning: 208.37.192.234: address not listed for hostname globrite.com
Mar  1 00:48:39 avas postfix/smtpd[2610]: connect from unknown[208.37.192.234]
Mar  1 00:48:39 avas postfix/smtpd[2610]: disconnect from unknown[208.37.192.234]
Mar  1 00:48:44 avas postfix/smtpd[2769]: timeout after RCPT from unknown[203.210.216.107]
Mar  1 00:48:45 avas postfix/smtpd[2769]: disconnect from unknown[203.210.216.107]
Mar  1 00:48:53 avas postfix/smtpd[3170]: connect from unknown[211.207.164.146]
Mar  1 00:48:54 avas postfix/smtpd[3082]: warning: 208.37.192.234: address not listed for hostname globrite.com
Mar  1 00:48:54 avas postfix/smtpd[3082]: connect from unknown[208.37.192.234]
Mar  1 00:48:54 avas postfix/smtpd[3082]: disconnect from unknown[208.37.192.234]
Mar  1 00:48:54 avas postfix/smtpd[3170]: DC0DC61AA4: client=unknown[211.207.164.146]
Mar  1 00:48:56 avas postfix/smtpd[3170]: DC0DC61AA4: reject: RCPT from unknown[211.207.164.146]: 557 Service unavailable; Client host [211.207.164.146] blocked using dnsbl.sorbs.net; Dynamic IP Address See: http://www.dnsbl.sorbs.net/cgi-bin/lookup?IP=211.207.164.146; from=<bigtoes42@hotmail.com> to=<giese@example.com> proto=SMTP helo=<heesun.net>
Mar  1 00:48:58 avas postfix/smtpd[3170]: lost connection after RCPT from unknown[211.207.164.146]
Mar  1 00:48:58 avas postfix/smtpd[3170]: disconnect from unknown[211.207.164.146]
Mar  1 00:49:06 avas postfix/smtpd[3199]: 3A94A61A83: reject: RCPT from unknown[61.98.226.177]: 557 Service unavailable; Client host [61.98.226.177] blocked using dnsbl.sorbs.net; HTTP Proxy See: http://www.dnsbl.sorbs.net/cgi-bin/lookup?IP=61.98.226.177; from=<ronnie_mcLeanmv@mywankers.com> to=<manng@example.com> proto=SMTP helo=<choppersluts.com>
Mar  1 00:49:07 avas postfix/smtpd[3199]: lost connection after RCPT from unknown[61.98.226.177]
Mar  1 00:49:07 avas postfix/smtpd[3199]: disconnect from unknown[61.98.226.177]
Mar  1 00:49:09 avas postfix/smtpd[3082]: warning: 208.37.192.234: address not listed for hostname globrite.com
Mar  1 00:49:09 avas postfix/smtpd[3082]: connect from unknown[208.37.192.234]
Mar  1 00:49:09 avas postfix/smtpd[3082]: disconnect from unknown[208.37.192.234]
Mar  1 00:49:13 avas postfix/smtpd[2737]: connect from p3024-ipad05motosinmat.mie.ocn.ne.jp[220.111.252.24]
Mar  1 00:49:15 avas postfix/smtpd[2769]: connect from unknown[62.5.218.174]
Mar  1 00:49:16 avas postfix/smtpd[2769]: B363161A83: client=unknown[62.5.218.174]
Mar  1 00:49:17 avas postfix/smtpd[2769]: B363161A83: reject: RCPT from unknown[62.5.218.174]: 504 <HPPAV>: Helo command rejected: need fully-qualified hostname; from=<txwkew@tom.com> to=<gardiner@example.com> proto=SMTP helo=<HPPAV>
Mar  1 00:49:19 avas postfix/smtpd[2769]: disconnect from unknown[62.5.218.174]
Mar  1 00:49:20 avas postfix/smtpd[3200]: connect from unknown[65.208.171.4]
Mar  1 00:49:20 avas postfix/smtpd[3200]: A87EE61A83: client=unknown[65.208.171.4]
Mar  1 00:49:21 avas postfix/smtpd[2737]: 5FFEA61AA4: client=p3024-ipad05motosinmat.mie.ocn.ne.jp[220.111.252.24]
Mar  1 00:49:21 avas postfix/cleanup[3057]: A87EE61A83: message-id=<20040301084920.A87EE61A83@avas.example.com>
Mar  1 00:49:21 avas postfix/qmgr[23698]: A87EE61A83: from=<books@hiawa.com>, size=4686, nrcpt=1 (queue active)
Mar  1 00:49:21 avas postfix/smtpd[3200]: disconnect from unknown[65.208.171.4]
Mar  1 00:49:22 avas postfix/smtpd[2737]: 5FFEA61AA4: reject: RCPT from p3024-ipad05motosinmat.mie.ocn.ne.jp[220.111.252.24]: 557 Service unavailable; Client host [220.111.252.24] blocked using dnsbl.sorbs.net; Dynamic IP Address See: http://www.dnsbl.sorbs.net/cgi-bin/lookup?IP=220.111.252.24; from=<bigkamil@hotmail.com> to=<giese@example.com> proto=SMTP helo=<p3024-ipad05motosinmat.mie.ocn.ne.jp>
Mar  1 00:49:23 avas postfix/smtpd[3170]: connect from co-colspgs-2-u1-b3-160.clspco.adelphia.net[24.55.111.160]
Mar  1 00:49:23 avas postfix/smtpd[2610]: connect from unknown[61.98.226.177]
Mar  1 00:49:23 avas postfix/smtpd[3170]: 777AF61AAF: client=co-colspgs-2-u1-b3-160.clspco.adelphia.net[24.55.111.160]
Mar  1 00:49:24 avas postfix/smtpd[2610]: 4EE2161AB3: client=unknown[61.98.226.177]
Mar  1 00:49:24 avas postfix/smtpd[3199]: warning: 208.37.192.234: address not listed for hostname globrite.com
Mar  1 00:49:24 avas postfix/smtpd[3199]: connect from unknown[208.37.192.234]
Mar  1 00:49:24 avas postfix/smtpd[3199]: disconnect from unknown[208.37.192.234]
Mar  1 00:49:25 avas postfix/smtpd[2737]: lost connection after RCPT from p3024-ipad05motosinmat.mie.ocn.ne.jp[220.111.252.24]
Mar  1 00:49:25 avas postfix/smtpd[2737]: disconnect from p3024-ipad05motosinmat.mie.ocn.ne.jp[220.111.252.24]
Mar  1 00:49:25 avas postfix/smtpd[3082]: connect from unknown[221.145.248.160]
Mar  1 00:49:26 avas postfix/smtpd[3082]: B671661AA4: client=unknown[221.145.248.160]
Mar  1 00:49:28 avas postfix/smtpd[2769]: connect from unknown[218.22.163.66]
Mar  1 00:49:30 avas postfix/smtpd[2769]: DA41E61AB4: client=unknown[218.22.163.66]
Mar  1 00:49:31 avas postfix/smtpd[3082]: B671661AA4: reject: RCPT from unknown[221.145.248.160]: 557 Service unavailable; Client host [221.145.248.160] blocked using dnsbl.sorbs.net; HTTP Proxy See: http://www.dnsbl.sorbs.net/cgi-bin/lookup?IP=221.145.248.160; from=<awmalllnbhqtdu@china.com> to=<buksa@example.com> proto=SMTP helo=<10.0.0.214>
Mar  1 00:49:32 avas postfix/smtpd[3170]: 777AF61AAF: reject: RCPT from co-colspgs-2-u1-b3-160.clspco.adelphia.net[24.55.111.160]: 557 Service unavailable; Client host [24.55.111.160] blocked using dnsbl.sorbs.net; Dynamic IP Address See: http://www.dnsbl.sorbs.net/cgi-bin/lookup?IP=24.55.111.160; from=<n4gjdmwswo@usa.net> to=<continuinged@example.com> proto=SMTP helo=<co-colspgs-2-u1-b3-160.clspco.adelphia.net>
Mar  1 00:49:32 avas postfix/smtpd[3082]: disconnect from unknown[221.145.248.160]
Mar  1 00:49:33 avas postfix/smtpd[3081]: 4C1A361AA6: reject: RCPT from cm203-168-209-164.hkcable.com.hk[203.168.209.164]: 557 Service unavailable; Client host [203.168.209.164] blocked using dnsbl.sorbs.net; Dynamic IP Address See: http://www.dnsbl.sorbs.net/cgi-bin/lookup?IP=203.168.209.164; from=<hugo.odonnellal@mywankers.com> to=<madill@example.com> proto=SMTP helo=<mywankers.com>
Mar  1 00:49:34 avas postfix/smtpd[3170]: lost connection after RCPT from co-colspgs-2-u1-b3-160.clspco.adelphia.net[24.55.111.160]
Mar  1 00:49:34 avas postfix/smtpd[3170]: disconnect from co-colspgs-2-u1-b3-160.clspco.adelphia.net[24.55.111.160]
Mar  1 00:49:34 avas postfix/smtpd[3081]: lost connection after RCPT from cm203-168-209-164.hkcable.com.hk[203.168.209.164]
Mar  1 00:49:34 avas postfix/smtpd[3081]: disconnect from cm203-168-209-164.hkcable.com.hk[203.168.209.164]
Mar  1 00:49:38 avas postfix/smtpd[3257]: connect from avas.example.com[127.0.0.1]
Mar  1 00:49:38 avas postfix/smtpd[3257]: 7DB0761AA4: client=avas.example.com[127.0.0.1]
Mar  1 00:49:38 avas postfix/cleanup[3038]: 7DB0761AA4: message-id=<20040301084920.A87EE61A83@avas.example.com>
Mar  1 00:49:38 avas postfix/qmgr[23698]: 7DB0761AA4: from=<books@hiawa.com>, size=5190, nrcpt=1 (queue active)
Mar  1 00:49:38 avas postfix/smtpd[3257]: disconnect from avas.example.com[127.0.0.1]
Mar  1 00:49:38 avas amavis[3193]: (03193-02) Passed, <books@hiawa.com> -> <wangm@example.com>, Message-ID: <20040301084920.A87EE61A83@avas.example.com>, Hits: 4.841
Mar  1 00:49:38 avas postfix/smtp[3250]: A87EE61A83: to=<wangm@example.com>, relay=127.0.0.1[127.0.0.1], delay=18, status=sent (250 2.6.0 Ok, id=03193-02, from MTA: 250 Ok: queued as 7DB0761AA4)
Mar  1 00:49:38 avas postfix/smtp[3258]: 7DB0761AA4: to=<wangm@example.com>, relay=10.0.0.251[10.0.0.251], delay=0, status=sent (250 Command DATA Processed mail data Ok)
Mar  1 00:49:39 avas postfix/smtpd[3200]: warning: 208.37.192.234: address not listed for hostname globrite.com
Mar  1 00:49:39 avas postfix/smtpd[3200]: connect from unknown[208.37.192.234]
Mar  1 00:49:39 avas postfix/smtpd[3199]: warning: 203.210.216.107: address not listed for hostname localhost
Mar  1 00:49:39 avas postfix/smtpd[3199]: connect from unknown[203.210.216.107]
Mar  1 00:49:39 avas postfix/smtpd[3200]: disconnect from unknown[208.37.192.234]
Mar  1 00:49:40 avas postfix/smtpd[3199]: 2DD6861A83: client=unknown[203.210.216.107]
Mar  1 00:49:40 avas postfix/smtpd[3199]: 2DD6861A83: reject: RCPT from unknown[203.210.216.107]: 550 <40033ed6.61.c34.22860@example.com>: User unknown in relay recipient table; from=<4006e4d2.b.20c.17228@example.com> to=<40033ed6.61.c34.22860@example.com> proto=SMTP helo=<example.com>
Mar  1 00:49:41 avas postfix/smtpd[3199]: lost connection after RCPT from unknown[203.210.216.107]
Mar  1 00:49:41 avas postfix/smtpd[3199]: disconnect from unknown[203.210.216.107]
Mar  1 00:49:42 avas postfix/smtpd[2737]: warning: 203.210.216.107: address not listed for hostname localhost
Mar  1 00:49:42 avas postfix/smtpd[2737]: connect from unknown[203.210.216.107]
Mar  1 00:49:42 avas postfix/smtpd[2737]: A1A8361A83: client=unknown[203.210.216.107]
Mar  1 00:49:42 avas postfix/smtpd[2737]: A1A8361A83: reject: RCPT from unknown[203.210.216.107]: 550 <40041a75.22e.8f4.9856@example.com>: User unknown in relay recipient table; from=<teresapham2003@yahoo.com> to=<40041a75.22e.8f4.9856@example.com> proto=SMTP helo=<example.com>
Mar  1 00:49:43 avas postfix/smtpd[3082]: connect from celia072.fdorm1.nccu.edu.tw[140.119.132.44]
Mar  1 00:49:44 avas postfix/smtpd[2737]: lost connection after RCPT from unknown[203.210.216.107]
Mar  1 00:49:44 avas postfix/smtpd[2737]: disconnect from unknown[203.210.216.107]
Mar  1 00:49:44 avas postfix/smtpd[3082]: 3A23761A83: client=celia072.fdorm1.nccu.edu.tw[140.119.132.44]
Mar  1 00:49:46 avas postfix/smtpd[3170]: connect from 64-144-31-242.client.dsl.net[64.144.31.242]
Mar  1 00:49:46 avas postfix/smtpd[3170]: D388261AA4: client=64-144-31-242.client.dsl.net[64.144.31.242]
Mar  1 00:49:47 avas postfix/smtpd[3081]: connect from 64-144-31-242.client.dsl.net[64.144.31.242]
Mar  1 00:49:47 avas postfix/smtpd[3170]: D388261AA4: reject: RCPT from 64-144-31-242.client.dsl.net[64.144.31.242]: 504 <expedite-vud7wg>: Helo command rejected: need fully-qualified hostname; from=<OTC@goto-email.com> to=<bekkering@example.com> proto=ESMTP helo=<expedite-vud7wg>
Mar  1 00:49:47 avas postfix/smtpd[3081]: C607D61AA6: client=64-144-31-242.client.dsl.net[64.144.31.242]
Mar  1 00:49:48 avas postfix/smtpd[3081]: C607D61AA6: reject: RCPT from 64-144-31-242.client.dsl.net[64.144.31.242]: 504 <expedite-vud7wg>: Helo command rejected: need fully-qualified hostname; from=<OTC@goto-email.com> to=<bekkering@example.com> proto=ESMTP helo=<expedite-vud7wg>
Mar  1 00:49:48 avas postfix/smtpd[3170]: disconnect from 64-144-31-242.client.dsl.net[64.144.31.242]
Mar  1 00:49:49 avas postfix/smtpd[3081]: disconnect from 64-144-31-242.client.dsl.net[64.144.31.242]
Mar  1 00:49:52 avas postfix/smtpd[3200]: connect from roc-66-66-92-81.rochester.rr.com[66.66.92.81]
Mar  1 00:49:54 avas postfix/smtpd[3199]: warning: 208.37.192.234: address not listed for hostname globrite.com
Mar  1 00:49:54 avas postfix/smtpd[3199]: connect from unknown[208.37.192.234]
Mar  1 00:49:54 avas postfix/smtpd[3199]: disconnect from unknown[208.37.192.234]
Mar  1 00:49:54 avas postfix/smtpd[3200]: E66F261AA4: client=roc-66-66-92-81.rochester.rr.com[66.66.92.81]
Mar  1 00:49:56 avas postfix/smtpd[3200]: E66F261AA4: reject: RCPT from roc-66-66-92-81.rochester.rr.com[66.66.92.81]: 557 Service unavailable; Client host [66.66.92.81] blocked using dnsbl.sorbs.net; Dynamic IP Address See: http://www.dnsbl.sorbs.net/cgi-bin/lookup?IP=66.66.92.81; from=<bigwil187@hotmail.com> to=<giese@example.com> proto=SMTP helo=<roc-66-66-92-81.rochester.rr.com>
Mar  1 00:49:58 avas postfix/smtpd[3200]: lost connection after RCPT from roc-66-66-92-81.rochester.rr.com[66.66.92.81]
Mar  1 00:49:58 avas postfix/smtpd[3200]: disconnect from roc-66-66-92-81.rochester.rr.com[66.66.92.81]
Mar  1 00:50:09 avas postfix/smtpd[3170]: warning: 208.37.192.234: address not listed for hostname globrite.com
Mar  1 00:50:09 avas postfix/smtpd[3170]: connect from unknown[208.37.192.234]
Mar  1 00:50:09 avas postfix/smtpd[3170]: disconnect from unknown[208.37.192.234]
Mar  1 00:50:11 avas postfix/smtpd[2737]: connect from ppp53-spb-213-221-51.ppp.sovintel.spb.ru[213.221.51.53]
Mar  1 00:50:13 avas postfix/smtpd[3081]: connect from n25.grp.scd.yahoo.com[66.218.66.81]
Mar  1 00:50:13 avas postfix/smtpd[3081]: 740BC61AA4: client=n25.grp.scd.yahoo.com[66.218.66.81]
Mar  1 00:50:13 avas postfix/smtpd[3199]: connect from unknown[61.149.156.1]
Mar  1 00:50:14 avas postfix/cleanup[3038]: 740BC61AA4: message-id=<1078130226.1325789.44076.m12@yahoogroups.com>
Mar  1 00:50:15 avas postfix/qmgr[23698]: 740BC61AA4: from=<sentto-321015-17005-1078130981-gagel=example.com@returns.groups.yahoo.com>, size=31394, nrcpt=1 (queue active)
Mar  1 00:50:15 avas postfix/smtpd[3081]: disconnect from n25.grp.scd.yahoo.com[66.218.66.81]
Mar  1 00:50:16 avas postfix/smtpd[3199]: 22C9261AA6: client=unknown[61.149.156.1]
Mar  1 00:50:16 avas postfix/smtpd[3200]: connect from unknown[218.104.72.147]
Mar  1 00:50:17 avas postfix/smtpd[3257]: connect from avas.example.com[127.0.0.1]
Mar  1 00:50:17 avas postfix/smtpd[3257]: 4A90B61AAF: client=avas.example.com[127.0.0.1]
Mar  1 00:50:17 avas postfix/cleanup[3243]: 4A90B61AAF: message-id=<1078130226.1325789.44076.m12@yahoogroups.com>
Mar  1 00:50:17 avas postfix/qmgr[23698]: 4A90B61AAF: from=<sentto-321015-17005-1078130981-gagel=example.com@returns.groups.yahoo.com>, size=31742, nrcpt=1 (queue active)
Mar  1 00:50:17 avas postfix/smtpd[3257]: disconnect from avas.example.com[127.0.0.1]
Mar  1 00:50:17 avas amavis[2889]: (02889-09) Passed, <sentto-321015-17005-1078130981-gagel=example.com@returns.groups.yahoo.com> -> <gagel@example.com>, Message-ID: <1078130226.1325789.44076.m12@yahoogroups.com>, Hits: -
Mar  1 00:50:17 avas postfix/smtp[3250]: 740BC61AA4: to=<gagel@example.com>, relay=127.0.0.1[127.0.0.1], delay=4, status=sent (250 2.6.0 Ok, id=02889-09, from MTA: 250 Ok: queued as 4A90B61AAF)
Mar  1 00:50:17 avas postfix/smtp[3258]: 4A90B61AAF: to=<gagel@example.com>, relay=10.0.0.251[10.0.0.251], delay=0, status=sent (250 Command DATA Processed mail data Ok)
Mar  1 00:50:17 avas postfix/smtpd[3200]: EA98D61AA4: client=unknown[218.104.72.147]
Mar  1 00:50:24 avas postfix/cleanup[3036]: 22C9261AA6: message-id=<RXWCLJE-0001766942912@compressible>
Mar  1 00:50:24 avas postfix/qmgr[23698]: 22C9261AA6: from=<whenukdu@el-nacional.com>, size=1792, nrcpt=1 (queue active)
Mar  1 00:50:24 avas postfix/smtpd[3081]: warning: 208.37.192.234: address not listed for hostname globrite.com
Mar  1 00:50:24 avas postfix/smtpd[3081]: connect from unknown[208.37.192.234]
Mar  1 00:50:25 avas postfix/smtpd[3081]: disconnect from unknown[208.37.192.234]
Mar  1 00:50:25 avas postfix/smtpd[3199]: disconnect from unknown[61.149.156.1]
Mar  1 00:50:26 avas postfix/smtpd[2737]: ACBC961AAF: client=ppp53-spb-213-221-51.ppp.sovintel.spb.ru[213.221.51.53]
Mar  1 00:50:26 avas postfix/smtpd[3200]: EA98D61AA4: reject: RCPT from unknown[218.104.72.147]: 557 Service unavailable; Client host [218.104.72.147] blocked using dnsbl.sorbs.net; HTTP Proxy See: http://www.dnsbl.sorbs.net/cgi-bin/lookup?IP=218.104.72.147; from=<tillmantp@yahoo.co.uk> to=<connors@example.com> proto=SMTP helo=<email.com>
Mar  1 00:50:28 avas postfix/smtpd[3200]: lost connection after RCPT from unknown[218.104.72.147]
Mar  1 00:50:28 avas postfix/smtpd[3200]: disconnect from unknown[218.104.72.147]
Mar  1 00:50:28 avas postfix/smtpd[3257]: connect from avas.example.com[127.0.0.1]
Mar  1 00:50:28 avas postfix/smtpd[3257]: E560C61AA4: client=avas.example.com[127.0.0.1]
Mar  1 00:50:28 avas postfix/cleanup[3036]: E560C61AA4: message-id=<RXWCLJE-0001766942912@compressible>
Mar  1 00:50:29 avas postfix/qmgr[23698]: E560C61AA4: from=<whenukdu@el-nacional.com>, size=2294, nrcpt=1 (queue active)
Mar  1 00:50:29 avas postfix/smtpd[3257]: disconnect from avas.example.com[127.0.0.1]
Mar  1 00:50:29 avas amavis[3193]: (03193-03) Passed, <whenukdu@el-nacional.com> -> <buswell@example.com>, Message-ID: <RXWCLJE-0001766942912@compressible>, Hits: 7.599
Mar  1 00:50:29 avas postfix/smtp[3250]: 22C9261AA6: to=<buswell@example.com>, relay=127.0.0.1[127.0.0.1], delay=13, status=sent (250 2.6.0 Ok, id=03193-03, from MTA: 250 Ok: queued as E560C61AA4)
Mar  1 00:50:29 avas postfix/smtp[3258]: E560C61AA4: to=<buswell@example.com>, relay=10.0.0.251[10.0.0.251], delay=1, status=sent (250 Command DATA Processed mail data Ok)
Mar  1 00:50:38 avas postfix/smtpd[2610]: 4EE2161AB3: reject: RCPT from unknown[61.98.226.177]: 557 Service unavailable; Client host [61.98.226.177] blocked using dnsbl.sorbs.net; HTTP Proxy See: http://www.dnsbl.sorbs.net/cgi-bin/lookup?IP=61.98.226.177; from=<j.curtis_lk@mywankers.com> to=<manng@example.com> proto=SMTP helo=<mywankers.com>
Mar  1 00:50:39 avas postfix/smtpd[2737]: ACBC961AAF: reject: RCPT from ppp53-spb-213-221-51.ppp.sovintel.spb.ru[213.221.51.53]: 557 Service unavailable; Client host [213.221.51.53] blocked using dnsbl.sorbs.net; Dynamic IP Address See: http://www.dnsbl.sorbs.net/cgi-bin/lookup?IP=213.221.51.53; from=<benito.milligan_ho@telsur.cl> to=<boman@example.com> proto=SMTP helo=<cc.jyu.fi>
Mar  1 00:50:39 avas postfix/smtpd[2610]: lost connection after RCPT from unknown[61.98.226.177]
Mar  1 00:50:39 avas postfix/smtpd[2610]: disconnect from unknown[61.98.226.177]
Mar  1 00:50:40 avas postfix/smtpd[3081]: warning: 208.37.192.234: address not listed for hostname globrite.com
Mar  1 00:50:40 avas postfix/smtpd[3081]: connect from unknown[208.37.192.234]
Mar  1 00:50:40 avas postfix/smtpd[3081]: disconnect from unknown[208.37.192.234]
Mar  1 00:50:43 avas postfix/smtpd[3170]: connect from unknown[62.57.239.14]
Mar  1 00:50:43 avas postfix/smtpd[3170]: lost connection after CONNECT from unknown[62.57.239.14]
Mar  1 00:50:43 avas postfix/smtpd[3170]: disconnect from unknown[62.57.239.14]
Mar  1 00:50:44 avas postfix/smtpd[3200]: connect from creteil-3-81-56-24-111.fbx.proxad.net[81.56.24.111]
Mar  1 00:50:44 avas postfix/smtpd[2769]: DA41E61AB4: reject: RCPT from unknown[218.22.163.66]: 557 Service unavailable; Client host [218.22.163.66] blocked using list.dsbl.org; http://dsbl.org/listing?ip=218.22.163.66; from=<kris.reyes_ez@mywankers.com> to=<manng@example.com> proto=SMTP helo=<mywankers.com>
Mar  1 00:50:45 avas postfix/smtpd[3200]: 6934461AA4: client=creteil-3-81-56-24-111.fbx.proxad.net[81.56.24.111]
Mar  1 00:50:45 avas postfix/smtpd[2769]: lost connection after RCPT from unknown[218.22.163.66]
Mar  1 00:50:45 avas postfix/smtpd[2769]: disconnect from unknown[218.22.163.66]
Mar  1 00:50:46 avas postfix/smtpd[2610]: connect from unknown[221.137.146.183]
Mar  1 00:50:46 avas postfix/smtpd[3200]: 6934461AA4: reject: RCPT from creteil-3-81-56-24-111.fbx.proxad.net[81.56.24.111]: 557 Service unavailable; Client host [81.56.24.111] blocked using dnsbl.sorbs.net; SOCKS Proxy See: http://www.dnsbl.sorbs.net/cgi-bin/lookup?IP=81.56.24.111; from=<m_k_flanaganoy@choppersluts.com> to=<manng@example.com> proto=SMTP helo=<mywankers.com>
Mar  1 00:50:47 avas postfix/smtpd[2737]: lost connection after RCPT from ppp53-spb-213-221-51.ppp.sovintel.spb.ru[213.221.51.53]
Mar  1 00:50:47 avas postfix/smtpd[2737]: disconnect from ppp53-spb-213-221-51.ppp.sovintel.spb.ru[213.221.51.53]
Mar  1 00:50:47 avas postfix/smtpd[3081]: connect from unknown[218.191.76.109]
Mar  1 00:50:48 avas postfix/smtpd[3200]: lost connection after RCPT from creteil-3-81-56-24-111.fbx.proxad.net[81.56.24.111]
Mar  1 00:50:48 avas postfix/smtpd[3200]: disconnect from creteil-3-81-56-24-111.fbx.proxad.net[81.56.24.111]
Mar  1 00:50:48 avas postfix/smtpd[2610]: 5203261AA4: client=unknown[221.137.146.183]
Mar  1 00:50:48 avas postfix/smtpd[3081]: 700D661AA6: client=unknown[218.191.76.109]
Mar  1 00:50:49 avas postfix/smtpd[3199]: connect from chello212186073182.29.11.vie.surfer.at[212.186.73.182]
Mar  1 00:50:50 avas postfix/smtpd[2610]: 5203261AA4: reject: RCPT from unknown[221.137.146.183]: 557 Service unavailable; Client host [221.137.146.183] blocked using list.dsbl.org; http://dsbl.org/listing?ip=221.137.146.183; from=<c.faulknercp@msn.com> to=<connors@example.com> proto=SMTP helo=<yahoo.co.uk>
Mar  1 00:50:52 avas postfix/smtpd[2610]: lost connection after RCPT from unknown[221.137.146.183]
Mar  1 00:50:52 avas postfix/smtpd[2610]: disconnect from unknown[221.137.146.183]
Mar  1 00:50:52 avas postfix/smtpd[3170]: connect from unknown[218.190.174.42]
Mar  1 00:50:53 avas postfix/smtpd[3199]: 1149D61AA4: client=chello212186073182.29.11.vie.surfer.at[212.186.73.182]
Mar  1 00:50:53 avas postfix/smtpd[2769]: connect from unknown[218.242.88.61]
Mar  1 00:50:53 avas postfix/smtpd[3170]: 5327461AAF: client=unknown[218.190.174.42]
Mar  1 00:50:53 avas postfix/smtpd[3170]: 5327461AAF: reject: RCPT from unknown[218.190.174.42]: 557 Service unavailable; Client host [218.190.174.42] blocked using dnsbl.sorbs.net; Spam Received See: http://www.dnsbl.sorbs.net/cgi-bin/lookup?IP=218.190.174.42; from=<bettieowens_px@choppersluts.com> to=<manng@example.com> proto=SMTP helo=<choppersluts.com>
Mar  1 00:50:54 avas postfix/smtpd[2769]: D78AB61AB3: client=unknown[218.242.88.61]
Mar  1 00:50:55 avas postfix/smtpd[2737]: warning: 208.37.192.234: address not listed for hostname globrite.com
Mar  1 00:50:55 avas postfix/smtpd[2737]: connect from unknown[208.37.192.234]
Mar  1 00:50:55 avas postfix/smtpd[3170]: lost connection after RCPT from unknown[218.190.174.42]
Mar  1 00:50:55 avas postfix/smtpd[3170]: disconnect from unknown[218.190.174.42]
Mar  1 00:50:55 avas postfix/smtpd[2737]: disconnect from unknown[208.37.192.234]
Mar  1 00:50:56 avas postfix/smtpd[2769]: D78AB61AB3: reject: RCPT from unknown[218.242.88.61]: 557 Service unavailable; Client host [218.242.88.61] blocked using sbl.spamhaus.org; http://www.spamhaus.org/SBL/sbl.lasso?query=SBL8239; from=<aileenrosann@yahoo.ca> to=<connors@example.com> proto=SMTP helo=<yahoo.fr>
Mar  1 00:50:58 avas postfix/smtpd[3200]: connect from 23.red-80-34-250.pooles.rima-tde.net[80.34.250.23]
Mar  1 00:50:58 avas postfix/smtpd[2769]: lost connection after RCPT from unknown[218.242.88.61]
Mar  1 00:50:58 avas postfix/smtpd[2769]: disconnect from unknown[218.242.88.61]
Mar  1 00:50:59 avas postfix/smtpd[3082]: 3A23761A83: reject: RCPT from celia072.fdorm1.nccu.edu.tw[140.119.132.44]: 557 Service unavailable; Client host [140.119.132.44] blocked using list.dsbl.org; http://dsbl.org/listing?ip=140.119.132.44; from=<robby.mcCalljv@mywankers.com> to=<manng@example.com> proto=SMTP helo=<choppersluts.com>
Mar  1 00:51:00 avas postfix/smtpd[3082]: lost connection after RCPT from celia072.fdorm1.nccu.edu.tw[140.119.132.44]
Mar  1 00:51:00 avas postfix/smtpd[3082]: disconnect from celia072.fdorm1.nccu.edu.tw[140.119.132.44]
Mar  1 00:51:01 avas postfix/smtpd[3199]: 1149D61AA4: reject: RCPT from chello212186073182.29.11.vie.surfer.at[212.186.73.182]: 557 Service unavailable; Client host [212.186.73.182] blocked using dnsbl.sorbs.net; Dynamic IP Address See: http://www.dnsbl.sorbs.net/cgi-bin/lookup?IP=212.186.73.182; from=<conleynx@hotmail.com> to=<hall@example.com> proto=SMTP helo=<yahoo.co.uk>
Mar  1 00:51:02 avas postfix/smtpd[3199]: lost connection after RCPT from chello212186073182.29.11.vie.surfer.at[212.186.73.182]
Mar  1 00:51:03 avas postfix/smtpd[3199]: disconnect from chello212186073182.29.11.vie.surfer.at[212.186.73.182]
Mar  1 00:51:04 avas postfix/smtpd[2610]: connect from pcp08862807pcs.seafrd01.de.comcast.net[69.137.153.141]
Mar  1 00:51:06 avas postfix/smtpd[2610]: 556E761A83: client=pcp08862807pcs.seafrd01.de.comcast.net[69.137.153.141]
Mar  1 00:51:07 avas postfix/smtpd[3200]: D728F61AA4: client=23.red-80-34-250.pooles.rima-tde.net[80.34.250.23]
Mar  1 00:51:07 avas postfix/smtpd[2610]: 556E761A83: reject: RCPT from pcp08862807pcs.seafrd01.de.comcast.net[69.137.153.141]: 557 Service unavailable; Client host [69.137.153.141] blocked using list.dsbl.org; http://dsbl.org/listing?ip=69.137.153.141; from=<lynn_patefo@email.com> to=<hall@example.com> proto=SMTP helo=<yahoo.ca>
Mar  1 00:51:09 avas postfix/smtpd[2610]: lost connection after RCPT from pcp08862807pcs.seafrd01.de.comcast.net[69.137.153.141]
Mar  1 00:51:09 avas postfix/smtpd[2610]: disconnect from pcp08862807pcs.seafrd01.de.comcast.net[69.137.153.141]
Mar  1 00:51:10 avas postfix/smtpd[3170]: warning: 208.37.192.234: address not listed for hostname globrite.com
Mar  1 00:51:10 avas postfix/smtpd[3170]: connect from unknown[208.37.192.234]
Mar  1 00:51:10 avas postfix/smtpd[3170]: disconnect from unknown[208.37.192.234]
Mar  1 00:51:14 avas postfix/smtpd[2769]: connect from 66-214-39-167.lb-cres.charterpipeline.net[66.214.39.167]
Mar  1 00:51:14 avas postfix/smtpd[2769]: EA24061A83: client=66-214-39-167.lb-cres.charterpipeline.net[66.214.39.167]
Mar  1 00:51:16 avas postfix/smtpd[3200]: D728F61AA4: reject: RCPT from 23.red-80-34-250.pooles.rima-tde.net[80.34.250.23]: 557 Service unavailable; Client host [80.34.250.23] blocked using list.dsbl.org; http://dsbl.org/listing?ip=80.34.250.23; from=<leetuttle_yi@choppersluts.com> to=<manng@example.com> proto=SMTP helo=<choppersluts.com>
Mar  1 00:51:17 avas postfix/smtpd[3082]: connect from mailer153.yourbigvote.com[64.156.187.153]
Mar  1 00:51:17 avas postfix/smtpd[3082]: 4C8A561AAF: client=mailer153.yourbigvote.com[64.156.187.153]
