Mar  1 00:35:34 avas postfix/smtpd[2769]: 77FDC61A83: reject: RCPT from cdm-66-233-55-146.fayt.cox-internet.com[66.233.55.146]: 557 Service unavailable; Client host [66.233.55.146] blocked using dnsbl.sorbs.net; SOCKS Proxy See: http://www.dnsbl.sorbs.net/cgi-bin/lookup?IP=66.233.55.146; from=<knxuysnkg@look4emails.com> to=<ni@example.com> proto=SMTP helo=<cdm-66-233-55-146.fayt.cox-internet.com>
Mar  1 00:35:36 avas postfix/smtpd[2610]: connect from host60-220.pool80116.interbusiness.it[80.116.220.60]
Mar  1 00:35:36 avas postfix/smtpd[2769]: 77FDC61A83: reject: RCPT from cdm-66-233-55-146.fayt.cox-internet.com[66.233.55.146]: 557 Service unavailable; Client host [66.233.55.146] blocked using dnsbl.sorbs.net; SOCKS Proxy See: http://www.dnsbl.sorbs.net/cgi-bin/lookup?IP=66.233.55.146; from=<knxuysnkg@look4emails.com> to=<munro@example.com> proto=SMTP helo=<cdm-66-233-55-146.fayt.cox-internet.com>
Mar  1 00:35:38 avas postfix/smtpd[2769]: disconnect from cdm-66-233-55-146.fayt.cox-internet.com[66.233.55.146]
Mar  1 00:35:41 avas postfix/smtpd[2413]: warning: 208.37.192.234: address not listed for hostname globrite.com
Mar  1 00:35:41 avas postfix/smtpd[2413]: connect from unknown[208.37.192.234]
Mar  1 00:35:41 avas postfix/smtpd[2413]: disconnect from unknown[208.37.192.234]
Mar  1 00:35:44 avas postfix/smtpd[2737]: warning: 208.37.192.234: address not listed for hostname globrite.com
Mar  1 00:35:44 avas postfix/smtpd[2737]: connect from unknown[208.37.192.234]
Mar  1 00:35:45 avas postfix/smtpd[2737]: disconnect from unknown[208.37.192.234]
Mar  1 00:35:49 avas postfix/smtpd[2610]: 2905C61A83: client=host60-220.pool80116.interbusiness.it[80.116.220.60]
Mar  1 00:35:49 avas postfix/smtpd[2314]: warning: 208.37.192.234: address not listed for hostname globrite.com
Mar  1 00:35:49 avas postfix/smtpd[2314]: connect from unknown[208.37.192.234]
Mar  1 00:35:49 avas postfix/smtpd[2314]: disconnect from unknown[208.37.192.234]
Mar  1 00:35:51 avas postfix/smtpd[2610]: 2905C61A83: reject: RCPT from host60-220.pool80116.interbusiness.it[80.116.220.60]: 557 Service unavailable; Client host [80.116.220.60] blocked using dnsbl.sorbs.net; Dynamic IP Address See: http://www.dnsbl.sorbs.net/cgi-bin/lookup?IP=80.116.220.60; from=<slealeril@thearchway.com> to=<siermacheski@example.com> proto=SMTP helo=<host60-220.pool80116.interbusiness.it>
Mar  1 00:35:52 avas postfix/smtpd[2769]: connect from 81-202-116-174.user.ono.com[81.202.116.174]
Mar  1 00:35:53 avas postfix/smtpd[2610]: disconnect from host60-220.pool80116.interbusiness.it[80.116.220.60]
Mar  1 00:35:54 avas postfix/smtpd[2411]: lost connection after CONNECT from cpe-203-51-234-87.qld.bigpond.net.au[203.51.234.87]
Mar  1 00:35:54 avas postfix/smtpd[2411]: disconnect from cpe-203-51-234-87.qld.bigpond.net.au[203.51.234.87]
Mar  1 00:35:55 avas postfix/smtpd[2413]: connect from c-24-15-131-219.client.comcast.net[24.15.131.219]
Mar  1 00:35:56 avas postfix/smtpd[2413]: 2446F61A83: client=c-24-15-131-219.client.comcast.net[24.15.131.219]
Mar  1 00:35:56 avas postfix/smtpd[2413]: 2446F61A83: reject: RCPT from c-24-15-131-219.client.comcast.net[24.15.131.219]: 450 <t94qwu@multimania.coml>: Sender address rejected: Domain not found; from=<t94qwu@multimania.coml> to=<bondt@example.com> proto=SMTP helo=<c-24-15-131-219.client.comcast.net>
Mar  1 00:35:57 avas postfix/smtpd[2413]: lost connection after RCPT from c-24-15-131-219.client.comcast.net[24.15.131.219]
Mar  1 00:35:57 avas postfix/smtpd[2413]: disconnect from c-24-15-131-219.client.comcast.net[24.15.131.219]
Mar  1 00:36:03 avas postfix/smtpd[2410]: 821AC61AA6: reject: RCPT from h146.n219-68-237.adsl.giga.net.tw[219.68.237.146]: 557 Service unavailable; Client host [219.68.237.146] blocked using dnsbl.sorbs.net; HTTP Proxy See: http://www.dnsbl.sorbs.net/cgi-bin/lookup?IP=219.68.237.146; from=<bkeller_ra@mywankers.com> to=<madill@example.com> proto=SMTP helo=<mywankers.com>
Mar  1 00:36:04 avas postfix/smtpd[2410]: lost connection after RCPT from h146.n219-68-237.adsl.giga.net.tw[219.68.237.146]
Mar  1 00:36:04 avas postfix/smtpd[2410]: disconnect from h146.n219-68-237.adsl.giga.net.tw[219.68.237.146]
Mar  1 00:36:05 avas postfix/smtpd[2610]: warning: 208.37.192.234: address not listed for hostname globrite.com
Mar  1 00:36:05 avas postfix/smtpd[2610]: connect from unknown[208.37.192.234]
Mar  1 00:36:05 avas postfix/smtpd[2610]: disconnect from unknown[208.37.192.234]
Mar  1 00:36:07 avas postfix/smtpd[2769]: 520AA61A83: client=81-202-116-174.user.ono.com[81.202.116.174]
Mar  1 00:36:12 avas postfix/smtpd[2737]: connect from unknown[200.242.80.132]
Mar  1 00:36:15 avas postfix/smtpd[2737]: 4DE3161AA4: client=unknown[200.242.80.132]
Mar  1 00:36:15 avas postfix/smtpd[2411]: connect from unknown[213.37.125.213]
Mar  1 00:36:17 avas postfix/smtpd[2737]: 4DE3161AA4: reject: RCPT from unknown[200.242.80.132]: 557 Service unavailable; Client host [200.242.80.132] blocked using dnsbl.sorbs.net; HTTP Proxy See: http://www.dnsbl.sorbs.net/cgi-bin/lookup?IP=200.242.80.132; from=<antoinetteandersen_sr@syo.fi> to=<covington@example.com> proto=SMTP helo=<agency.osha.eu.int>
Mar  1 00:36:19 avas postfix/smtpd[2737]: lost connection after RCPT from unknown[200.242.80.132]
Mar  1 00:36:19 avas postfix/smtpd[2737]: disconnect from unknown[200.242.80.132]
Mar  1 00:36:20 avas postfix/smtpd[2314]: warning: 208.37.192.234: address not listed for hostname globrite.com
Mar  1 00:36:20 avas postfix/smtpd[2314]: connect from unknown[208.37.192.234]
Mar  1 00:36:20 avas postfix/smtpd[2314]: disconnect from unknown[208.37.192.234]
Mar  1 00:36:22 avas postfix/smtpd[2411]: BDA8F61AA4: client=unknown[213.37.125.213]
Mar  1 00:36:29 avas postfix/smtpd[2411]: BDA8F61AA4: reject: RCPT from unknown[213.37.125.213]: 557 Service unavailable; Client host [213.37.125.213] blocked using dnsbl.sorbs.net; Dynamic IP Address See: http://www.dnsbl.sorbs.net/cgi-bin/lookup?IP=213.37.125.213; from=<tconirapoki@hotmail.com> to=<webmaster@example.com> proto=SMTP helo=<10.0.0.214>
Mar  1 00:36:30 avas postfix/smtpd[2413]: connect from unknown[218.237.210.92]
Mar  1 00:36:31 avas postfix/smtpd[2413]: 2716161AA6: client=unknown[218.237.210.92]
Mar  1 00:36:32 avas postfix/smtpd[2413]: 2716161AA6: reject: RCPT from unknown[218.237.210.92]: 557 Service unavailable; Client host [218.237.210.92] blocked using dnsbl.sorbs.net; Dynamic IP Address See: http://www.dnsbl.sorbs.net/cgi-bin/lookup?IP=218.237.210.92; from=<info6@ecom-universe.net> to=<farr@example.com> proto=SMTP helo=<10.0.0.214>
Mar  1 00:36:32 avas postfix/smtpd[2411]: disconnect from unknown[213.37.125.213]
Mar  1 00:36:34 avas postfix/smtpd[2413]: 2716161AA6: reject: RCPT from unknown[218.237.210.92]: 557 Service unavailable; Client host [218.237.210.92] blocked using dnsbl.sorbs.net; Dynamic IP Address See: http://www.dnsbl.sorbs.net/cgi-bin/lookup?IP=218.237.210.92; from=<info6@ecom-universe.net> to=<loerkes@example.com> proto=SMTP helo=<10.0.0.214>
Mar  1 00:36:35 avas postfix/smtpd[2410]: warning: 208.37.192.234: address not listed for hostname globrite.com
Mar  1 00:36:35 avas postfix/smtpd[2410]: connect from unknown[208.37.192.234]
Mar  1 00:36:35 avas postfix/smtpd[2410]: disconnect from unknown[208.37.192.234]
Mar  1 00:36:36 avas postfix/smtpd[2413]: 2716161AA6: reject: RCPT from unknown[218.237.210.92]: 557 Service unavailable; Client host [218.237.210.92] blocked using dnsbl.sorbs.net; Dynamic IP Address See: http://www.dnsbl.sorbs.net/cgi-bin/lookup?IP=218.237.210.92; from=<info6@ecom-universe.net> to=<ewing@example.com> proto=SMTP helo=<10.0.0.214>
Mar  1 00:36:36 avas postfix/smtpd[2610]: connect from pcp246850pcs.howard01.md.comcast.net[68.55.65.21]
Mar  1 00:36:37 avas postfix/smtpd[2413]: 2716161AA6: reject: RCPT from unknown[218.237.210.92]: 557 Service unavailable; Client host [218.237.210.92] blocked using dnsbl.sorbs.net; Dynamic IP Address See: http://www.dnsbl.sorbs.net/cgi-bin/lookup?IP=218.237.210.92; from=<info6@ecom-universe.net> to=<faulkner@example.com> proto=SMTP helo=<10.0.0.214>
Mar  1 00:36:39 avas postfix/smtpd[2413]: disconnect from unknown[218.237.210.92]
Mar  1 00:36:41 avas postfix/smtpd[2610]: 7E5EF61AA4: client=pcp246850pcs.howard01.md.comcast.net[68.55.65.21]
Mar  1 00:36:41 avas postfix/smtpd[2737]: connect from unknown[210.102.237.88]
Mar  1 00:36:42 avas postfix/smtpd[2737]: 628FC61AA6: client=unknown[210.102.237.88]
Mar  1 00:36:43 avas postfix/smtpd[2737]: 628FC61AA6: reject: RCPT from unknown[210.102.237.88]: 557 Service unavailable; Client host [210.102.237.88] blocked using list.dsbl.org; http://dsbl.org/listing?ip=210.102.237.88; from=<charlenelowry_pc@koys.de> to=<covington@example.com> proto=SMTP helo=<exportservices.be>
Mar  1 00:36:43 avas postfix/smtpd[2610]: 7E5EF61AA4: reject: RCPT from pcp246850pcs.howard01.md.comcast.net[68.55.65.21]: 557 Service unavailable; Client host [68.55.65.21] blocked using dnsbl.sorbs.net; Dynamic IP Address See: http://www.dnsbl.sorbs.net/cgi-bin/lookup?IP=68.55.65.21; from=<shellamcglothen@007addict.com> to=<mufford@example.com> proto=SMTP helo=<pcp246850pcs.howard01.md.comcast.net>
Mar  1 00:36:44 avas postfix/smtpd[2737]: lost connection after RCPT from unknown[210.102.237.88]
Mar  1 00:36:44 avas postfix/smtpd[2737]: disconnect from unknown[210.102.237.88]
Mar  1 00:36:46 avas postfix/smtpd[2314]: warning: 200.171.45.182: hostname 200-171-45-182.speedyterra.com.br verification failed: Host not found
Mar  1 00:36:46 avas postfix/smtpd[2314]: connect from unknown[200.171.45.182]
Mar  1 00:36:48 avas postfix/smtpd[2314]: C760E61AA6: client=unknown[200.171.45.182]
Mar  1 00:36:49 avas postfix/smtpd[2314]: C760E61AA6: reject: RCPT from unknown[200.171.45.182]: 557 Service unavailable; Client host [200.171.45.182] blocked using dnsbl.sorbs.net; Dynamic IP Address See: http://www.dnsbl.sorbs.net/cgi-bin/lookup?IP=200.171.45.182; from=<fraservx@experimentarium.dk> to=<covington@example.com> proto=SMTP helo=<koys.de>
Mar  1 00:36:50 avas postfix/smtpd[2410]: warning: 208.37.192.234: address not listed for hostname globrite.com
Mar  1 00:36:50 avas postfix/smtpd[2410]: connect from unknown[208.37.192.234]
Mar  1 00:36:50 avas postfix/smtpd[2410]: disconnect from unknown[208.37.192.234]
Mar  1 00:36:51 avas postfix/smtpd[2314]: lost connection after RCPT from unknown[200.171.45.182]
Mar  1 00:36:51 avas postfix/smtpd[2314]: disconnect from unknown[200.171.45.182]
Mar  1 00:36:57 avas postfix/smtpd[2737]: connect from 194-207-237-24.gci.net[24.237.207.194]
Mar  1 00:37:00 avas postfix/smtpd[2737]: BD14E61AA6: client=194-207-237-24.gci.net[24.237.207.194]
Mar  1 00:37:05 avas postfix/smtpd[2413]: warning: 208.37.192.234: address not listed for hostname globrite.com
Mar  1 00:37:05 avas postfix/smtpd[2413]: connect from unknown[208.37.192.234]
Mar  1 00:37:05 avas postfix/smtpd[2413]: disconnect from unknown[208.37.192.234]
Mar  1 00:37:07 avas postfix/cleanup[2603]: BD14E61AA6: message-id=<4042F58B.C61DABCF@carrier.kiev.ua>
Mar  1 00:37:07 avas postfix/qmgr[23698]: BD14E61AA6: from=<stacycurryef@carrier.kiev.ua>, size=1133, nrcpt=1 (queue active)
Mar  1 00:37:09 avas postfix/smtpd[2737]: disconnect from 194-207-237-24.gci.net[24.237.207.194]
Mar  1 00:37:11 avas amavis[2627]: (02627-06) Not-Delivered, <stacycurryef@carrier.kiev.ua> -> <adamspe@example.com>, quarantine spam-f7c73f1e999bd35568df2483d2e971a3-20040301-003711-02627-06, Message-ID: <4042F58B.C61DABCF@carrier.kiev.ua>, Hits: 16.855
Mar  1 00:37:11 avas postfix/smtp[3050]: BD14E61AA6: to=<adamspe@example.com>, relay=127.0.0.1[127.0.0.1], delay=11, status=sent (250 2.7.1 Ok, discarded, UBE, id=02627-06)
Mar  1 00:37:12 avas postfix/smtpd[2410]: connect from 81-202-116-174.user.ono.com[81.202.116.174]
Mar  1 00:37:15 avas postfix/smtpd[2410]: 3FE5661AA6: client=81-202-116-174.user.ono.com[81.202.116.174]
Mar  1 00:37:16 avas postfix/smtpd[2314]: connect from unknown[193.78.125.10]
Mar  1 00:37:17 avas postfix/smtpd[2314]: 718E661AAF: client=unknown[193.78.125.10]
Mar  1 00:37:17 avas postfix/smtpd[2314]: 718E661AAF: reject: RCPT from unknown[193.78.125.10]: 504 <INFO-Y9D5KCHAFG>: Helo command rejected: need fully-qualified hostname; from=<cdtdruaqkkiq@zbbi.com> to=<mcvey@example.com> proto=SMTP helo=<INFO-Y9D5KCHAFG>
Mar  1 00:37:18 avas postfix/smtpd[2413]: connect from unknown[61.153.203.162]
Mar  1 00:37:19 avas postfix/smtpd[2314]: disconnect from unknown[193.78.125.10]
Mar  1 00:37:20 avas postfix/smtpd[2413]: 23B9B61AAF: client=unknown[61.153.203.162]
Mar  1 00:37:20 avas postfix/smtpd[2737]: warning: 208.37.192.234: address not listed for hostname globrite.com
Mar  1 00:37:20 avas postfix/smtpd[2737]: connect from unknown[208.37.192.234]
Mar  1 00:37:20 avas postfix/smtpd[2737]: disconnect from unknown[208.37.192.234]
Mar  1 00:37:21 avas postfix/smtpd[2413]: 23B9B61AAF: reject: RCPT from unknown[61.153.203.162]: 557 Service unavailable; Client host [61.153.203.162] blocked using list.dsbl.org; http://dsbl.org/listing?ip=61.153.203.162; from=<pierreepps_pq@yahoo.ca> to=<andrew@example.com> proto=SMTP helo=<hotmail.com>
Mar  1 00:37:22 avas postfix/smtpd[2769]: 520AA61A83: reject: RCPT from 81-202-116-174.user.ono.com[81.202.116.174]: 557 Service unavailable; Client host [81.202.116.174] blocked using dnsbl.sorbs.net; SOCKS Proxy See: http://www.dnsbl.sorbs.net/cgi-bin/lookup?IP=81.202.116.174; from=<l.tipton_xz@mywankers.com> to=<madill@example.com> proto=SMTP helo=<choppersluts.com>
Mar  1 00:37:23 avas postfix/smtpd[2413]: lost connection after RCPT from unknown[61.153.203.162]
Mar  1 00:37:23 avas postfix/smtpd[2413]: disconnect from unknown[61.153.203.162]
Mar  1 00:37:23 avas postfix/smtpd[2769]: lost connection after RCPT from 81-202-116-174.user.ono.com[81.202.116.174]
Mar  1 00:37:23 avas postfix/smtpd[2769]: disconnect from 81-202-116-174.user.ono.com[81.202.116.174]
Mar  1 00:37:35 avas postfix/smtpd[2314]: warning: 208.37.192.234: address not listed for hostname globrite.com
Mar  1 00:37:35 avas postfix/smtpd[2314]: connect from unknown[208.37.192.234]
Mar  1 00:37:35 avas postfix/smtpd[2314]: disconnect from unknown[208.37.192.234]
Mar  1 00:37:49 avas postfix/smtpd[2737]: connect from zi-10.wsowp.poznan.pl[150.254.155.10]
Mar  1 00:37:50 avas postfix/smtpd[2413]: warning: 208.37.192.234: address not listed for hostname globrite.com
Mar  1 00:37:50 avas postfix/smtpd[2413]: connect from unknown[208.37.192.234]
Mar  1 00:37:50 avas postfix/smtpd[2413]: disconnect from unknown[208.37.192.234]
Mar  1 00:37:51 avas postfix/smtpd[2737]: 5C27C61A83: client=zi-10.wsowp.poznan.pl[150.254.155.10]
Mar  1 00:37:52 avas postfix/smtpd[2769]: connect from ool-18be6064.dyn.optonline.net[24.190.96.100]
Mar  1 00:37:53 avas postfix/smtpd[2769]: 750A261AAF: client=ool-18be6064.dyn.optonline.net[24.190.96.100]
Mar  1 00:37:53 avas postfix/smtpd[2314]: connect from 68-174-76-166.ucwphilly.rr.com[68.174.76.166]
Mar  1 00:37:54 avas postfix/smtpd[2314]: 5C6AE61AB3: client=68-174-76-166.ucwphilly.rr.com[68.174.76.166]
Mar  1 00:37:56 avas postfix/smtpd[2737]: 5C27C61A83: reject: RCPT from zi-10.wsowp.poznan.pl[150.254.155.10]: 557 Service unavailable; Client host [150.254.155.10] blocked using dnsbl.sorbs.net; HTTP Proxy See: http://www.dnsbl.sorbs.net/cgi-bin/lookup?IP=150.254.155.10; from=<charlesmudd@tenderkiss.com> to=<sturdy@example.com> proto=SMTP helo=<zi-10.wsowp.poznan.pl>
Mar  1 00:37:57 avas postfix/smtpd[2413]: connect from unknown[200.76.64.205]
Mar  1 00:37:57 avas postfix/smtpd[2769]: 750A261AAF: reject: RCPT from ool-18be6064.dyn.optonline.net[24.190.96.100]: 557 Service unavailable; Client host [24.190.96.100] blocked using dnsbl.sorbs.net; Dynamic IP Address See: http://www.dnsbl.sorbs.net/cgi-bin/lookup?IP=24.190.96.100; from=<EVBGL@msn.com> to=<wyman@example.com> proto=SMTP helo=<ool-18be6064.dyn.optonline.net>
Mar  1 00:37:58 avas postfix/smtpd[2413]: 10DFE61AB4: client=unknown[200.76.64.205]
Mar  1 00:37:58 avas postfix/smtpd[2737]: disconnect from zi-10.wsowp.poznan.pl[150.254.155.10]
Mar  1 00:37:59 avas postfix/smtpd[2769]: disconnect from ool-18be6064.dyn.optonline.net[24.190.96.100]
Mar  1 00:38:03 avas postfix/smtpd[2413]: 10DFE61AB4: reject: RCPT from unknown[200.76.64.205]: 557 Service unavailable; Client host [200.76.64.205] blocked using list.dsbl.org; http://dsbl.org/listing?ip=200.76.64.205; from=<tdonnellyac@metla.fi> to=<covington@example.com> proto=SMTP helo=<cordis.lu>
Mar  1 00:38:04 avas postfix/smtpd[2737]: connect from english-breakfast.cloud9.net[168.100.1.9]
Mar  1 00:38:04 avas postfix/smtpd[2737]: BCDCE61A83: client=english-breakfast.cloud9.net[168.100.1.9]
Mar  1 00:38:05 avas postfix/cleanup[2603]: BCDCE61A83: message-id=<1078130172.498.49.camel@jupiter.castel.nl>
Mar  1 00:38:05 avas postfix/qmgr[23698]: BCDCE61A83: from=<owner-postfix-users@postfix.org>, size=4264, nrcpt=1 (queue active)
Mar  1 00:38:05 avas postfix/smtpd[2737]: disconnect from english-breakfast.cloud9.net[168.100.1.9]
Mar  1 00:38:05 avas postfix/smtpd[3062]: connect from avas.example.com[127.0.0.1]
Mar  1 00:38:05 avas postfix/smtpd[3062]: 9716761AAF: client=avas.example.com[127.0.0.1]
Mar  1 00:38:05 avas postfix/cleanup[3038]: 9716761AAF: message-id=<1078130172.498.49.camel@jupiter.castel.nl>
Mar  1 00:38:05 avas postfix/qmgr[23698]: 9716761AAF: from=<owner-postfix-users@postfix.org>, size=4612, nrcpt=1 (queue active)
Mar  1 00:38:05 avas postfix/smtpd[3062]: disconnect from avas.example.com[127.0.0.1]
Mar  1 00:38:05 avas amavis[2889]: (02889-04) Passed, <owner-postfix-users@postfix.org> -> <gagel@example.com>, Message-ID: <1078130172.498.49.camel@jupiter.castel.nl>, Hits: -
Mar  1 00:38:05 avas postfix/smtp[3050]: BCDCE61A83: to=<gagel@example.com>, relay=127.0.0.1[127.0.0.1], delay=1, status=sent (250 2.6.0 Ok, id=02889-04, from MTA: 250 Ok: queued as 9716761AAF)
Mar  1 00:38:05 avas postfix/smtpd[2413]: lost connection after RCPT from unknown[200.76.64.205]
Mar  1 00:38:05 avas postfix/smtpd[2413]: disconnect from unknown[200.76.64.205]
Mar  1 00:38:05 avas postfix/smtpd[2769]: warning: 208.37.192.234: address not listed for hostname globrite.com
Mar  1 00:38:05 avas postfix/smtpd[2769]: connect from unknown[208.37.192.234]
Mar  1 00:38:05 avas postfix/smtp[3063]: 9716761AAF: to=<gagel@example.com>, relay=10.0.0.251[10.0.0.251], delay=0, status=sent (250 Command DATA Processed mail data Ok)
Mar  1 00:38:05 avas postfix/smtpd[2769]: disconnect from unknown[208.37.192.234]
Mar  1 00:38:06 avas postfix/smtpd[2737]: connect from unknown[166.114.170.65]
Mar  1 00:38:07 avas postfix/smtpd[2737]: 4BCAC61A83: client=unknown[166.114.170.65]
Mar  1 00:38:08 avas postfix/smtpd[2737]: 4BCAC61A83: reject: RCPT from unknown[166.114.170.65]: 557 Service unavailable; Client host [166.114.170.65] blocked using dnsbl.sorbs.net; HTTP Proxy See: http://www.dnsbl.sorbs.net/cgi-bin/lookup?IP=166.114.170.65; from=<otis_shepard_jq@metla.fi> to=<covington@example.com> proto=SMTP helo=<syo.fi>
Mar  1 00:38:08 avas postfix/smtpd[2314]: 5C6AE61AB3: reject: RCPT from 68-174-76-166.ucwphilly.rr.com[68.174.76.166]: 557 Service unavailable; Client host [68.174.76.166] blocked using list.dsbl.org; http://dsbl.org/listing?ip=68.174.76.166; from=<hnrugw4ayl@unicom.com> to=<connors@example.com> proto=SMTP helo=<68-174-76-166.ucwphilly.rr.com>
Mar  1 00:38:09 avas postfix/smtpd[2737]: lost connection after RCPT from unknown[166.114.170.65]
Mar  1 00:38:09 avas postfix/smtpd[2737]: disconnect from unknown[166.114.170.65]
Mar  1 00:38:10 avas postfix/smtpd[2314]: lost connection after RCPT from 68-174-76-166.ucwphilly.rr.com[68.174.76.166]
Mar  1 00:38:10 avas postfix/smtpd[2314]: disconnect from 68-174-76-166.ucwphilly.rr.com[68.174.76.166]
Mar  1 00:38:16 avas postfix/smtpd[2769]: connect from wod29026RN.rh.ncsu.edu[152.7.51.115]
Mar  1 00:38:20 avas postfix/smtpd[2737]: warning: 208.37.192.234: address not listed for hostname globrite.com
Mar  1 00:38:20 avas postfix/smtpd[2737]: connect from unknown[208.37.192.234]
Mar  1 00:38:21 avas postfix/smtpd[2737]: disconnect from unknown[208.37.192.234]
Mar  1 00:38:21 avas postfix/qmgr[23698]: EFDAD61AA8: from=<anonsonj@example.com>, size=2900, nrcpt=15 (queue active)
Mar  1 00:38:21 avas postfix/qmgr[23698]: 6020561AAD: from=<>, size=972, nrcpt=1 (queue active)
Mar  1 00:38:21 avas postfix/qmgr[23698]: 610CF61AB8: from=<hagreen@example.com>, size=4200, nrcpt=4 (queue active)
Mar  1 00:38:21 avas postfix/qmgr[23698]: B332561AB5: from=<>, size=1084, nrcpt=1 (queue active)
Mar  1 00:38:21 avas postfix/qmgr[23698]: B121361AB7: from=<>, size=1084, nrcpt=1 (queue active)
Mar  1 00:38:21 avas postfix/qmgr[23698]: 76D0561AAC: from=<Middleton@example.com>, size=2636, nrcpt=1 (queue active)
Mar  1 00:38:21 avas postfix/qmgr[23698]: 045B561AAB: from=<>, size=4602, nrcpt=1 (queue active)
Mar  1 00:38:21 avas postfix/smtp[3064]: connect to pgrh001.pgrhosp.hnet.bc.ca[142.27.182.6]: Connection refused (port 25)
Mar  1 00:38:21 avas postfix/smtp[3064]: EFDAD61AA8: to=<hwozney@pgrhosp.hnet.bc.ca>, relay=none, delay=372755, status=deferred (connect to pgrh001.pgrhosp.hnet.bc.ca[142.27.182.6]: Connection refused)
Mar  1 00:38:21 avas postfix/smtp[3069]: connect to netra.sd91.bc.ca[142.27.74.10]: Connection refused (port 25)
Mar  1 00:38:21 avas postfix/smtp[3069]: 76D0561AAC: to=<plandry@sd91.bc.ca>, relay=none, delay=218401, status=deferred (connect to netra.sd91.bc.ca[142.27.74.10]: Connection refused)
Mar  1 00:38:21 avas postfix/smtp[3070]: connect to egoldsavings.net[64.191.9.8]: Connection refused (port 25)
Mar  1 00:38:21 avas postfix/smtp[3070]: 045B561AAB: to=<CCOOGRUIGXUR@egoldsavings.net>, relay=none, delay=269213, status=deferred (connect to egoldsavings.net[64.191.9.8]: Connection refused)
Mar  1 00:38:22 avas postfix/smtpd[2769]: 2F24861A83: client=wod29026RN.rh.ncsu.edu[152.7.51.115]
Mar  1 00:38:24 avas postfix/smtpd[2610]: lost connection after RCPT from pcp246850pcs.howard01.md.comcast.net[68.55.65.21]
Mar  1 00:38:24 avas postfix/smtpd[2610]: disconnect from pcp246850pcs.howard01.md.comcast.net[68.55.65.21]
Mar  1 00:38:25 avas postfix/smtpd[2413]: connect from ccprogram.com[63.124.69.168]
Mar  1 00:38:25 avas postfix/smtpd[2314]: connect from 01291103.ilv.ucl.ac.be[130.104.55.188]
Mar  1 00:38:26 avas postfix/smtpd[2737]: connect from unknown[210.94.112.51]
Mar  1 00:38:26 avas postfix/smtpd[2314]: A00CF61AA4: client=01291103.ilv.ucl.ac.be[130.104.55.188]
Mar  1 00:38:27 avas postfix/smtpd[2413]: E1BDC61AAF: client=ccprogram.com[63.124.69.168]
Mar  1 00:38:29 avas postfix/smtpd[2410]: 3FE5661AA6: reject: RCPT from 81-202-116-174.user.ono.com[81.202.116.174]: 557 Service unavailable; Client host [81.202.116.174] blocked using dnsbl.sorbs.net; SOCKS Proxy See: http://www.dnsbl.sorbs.net/cgi-bin/lookup?IP=81.202.116.174; from=<tmathis_mb@mywankers.com> to=<madill@example.com> proto=SMTP helo=<mywankers.com>
Mar  1 00:38:30 avas postfix/smtpd[2410]: lost connection after RCPT from 81-202-116-174.user.ono.com[81.202.116.174]
Mar  1 00:38:30 avas postfix/smtpd[2410]: disconnect from 81-202-116-174.user.ono.com[81.202.116.174]
Mar  1 00:38:30 avas postfix/smtpd[2314]: A00CF61AA4: reject: RCPT from 01291103.ilv.ucl.ac.be[130.104.55.188]: 557 Service unavailable; Client host [130.104.55.188] blocked using list.dsbl.org; http://dsbl.org/listing?ip=130.104.55.188; from=<buod20dhcem@wenet.net> to=<browna@example.com> proto=SMTP helo=<01291103.ilv.ucl.ac.be>
Mar  1 00:38:32 avas postfix/smtpd[2314]: disconnect from 01291103.ilv.ucl.ac.be[130.104.55.188]
Mar  1 00:38:33 avas postfix/smtpd[2610]: connect from www3.friendlycluster.com[66.154.22.220]
Mar  1 00:38:33 avas postfix/smtpd[2610]: B183761AA4: client=www3.friendlycluster.com[66.154.22.220]
Mar  1 00:38:34 avas postfix/cleanup[3057]: B183761AA4: message-id=<1078134073.1162@www3.friendlycluster.com>
Mar  1 00:38:34 avas postfix/qmgr[23698]: B183761AA4: from=<cheresalvemini177186_17@www3.friendlycluster.com>, size=9756, nrcpt=1 (queue active)
Mar  1 00:38:34 avas postfix/smtpd[2610]: disconnect from www3.friendlycluster.com[66.154.22.220]
Mar  1 00:38:35 avas postfix/smtpd[2314]: warning: 208.37.192.234: address not listed for hostname globrite.com
Mar  1 00:38:35 avas postfix/smtpd[2314]: connect from unknown[208.37.192.234]
Mar  1 00:38:36 avas postfix/smtpd[2314]: disconnect from unknown[208.37.192.234]
Mar  1 00:38:37 avas postfix/smtpd[2737]: 1053761AA6: client=unknown[210.94.112.51]
Mar  1 00:38:42 avas postfix/smtpd[2737]: 1053761AA6: reject: RCPT from unknown[210.94.112.51]: 557 Service unavailable; Client host [210.94.112.51] blocked using dnsbl.sorbs.net; HTTP Proxy See: http://www.dnsbl.sorbs.net/cgi-bin/lookup?IP=210.94.112.51; from=<boone_ng@metla.fi> to=<covington@example.com> proto=SMTP helo=<ulb.ac.be>
Mar  1 00:38:44 avas amavis[2313]: (02313-10) Not-Delivered, <cheresalvemini177186_17@www3.friendlycluster.com> -> <lead@example.com>, quarantine spam-ea61b7a76ad74f469381ec5eb16283a5-20040301-003844-02313-10, Message-ID: <1078134073.1162@www3.friendlycluster.com>, Hits: 10.46
Mar  1 00:38:44 avas postfix/smtp[3050]: B183761AA4: to=<lead@example.com>, relay=127.0.0.1[127.0.0.1], delay=11, status=sent (250 2.7.1 Ok, discarded, UBE, id=02313-10)
Mar  1 00:38:48 avas postfix/smtpd[2737]: lost connection after RCPT from unknown[210.94.112.51]
Mar  1 00:38:48 avas postfix/smtpd[2737]: disconnect from unknown[210.94.112.51]
Mar  1 00:38:50 avas postfix/smtpd[2410]: connect from unknown[204.126.190.34]
Mar  1 00:38:50 avas postfix/smtpd[2410]: 5B7B261AA4: client=unknown[204.126.190.34]
Mar  1 00:38:50 avas postfix/smtpd[2410]: 5B7B261AA4: reject: RCPT from unknown[204.126.190.34]: 504 <LINDSEY>: Helo command rejected: need fully-qualified hostname; from=<wmangvcmlofdod@zbib.com> to=<seens@example.com> proto=SMTP helo=<LINDSEY>
Mar  1 00:38:51 avas postfix/smtpd[2610]: warning: 208.37.192.234: address not listed for hostname globrite.com
Mar  1 00:38:51 avas postfix/smtpd[2610]: connect from unknown[208.37.192.234]
Mar  1 00:38:51 avas postfix/smtpd[2610]: disconnect from unknown[208.37.192.234]
Mar  1 00:38:51 avas postfix/smtp[3065]: connect to microdata.mdnet.com.br[200.101.86.5]: Connection timed out (port 25)
Mar  1 00:38:51 avas postfix/smtp[3067]: connect to mail.readytoday.biz[69.59.167.204]: Connection timed out (port 25)
Mar  1 00:38:51 avas postfix/smtp[3065]: 6020561AAD: to=<valarie.henry_hx@mdnet.com.br>, relay=none, delay=47631, status=deferred (connect to microdata.mdnet.com.br[200.101.86.5]: Connection timed out)
Mar  1 00:38:51 avas postfix/smtp[3071]: connect to mail.readytoday.biz[69.59.167.204]: Connection timed out (port 25)
Mar  1 00:38:51 avas postfix/smtp[3066]: connect to home.net[64.49.213.239]: Connection timed out (port 25)
Mar  1 00:38:51 avas postfix/smtp[3067]: B332561AB5: to=<offers@readytoday.biz>, relay=none, delay=133703, status=deferred (connect to mail.readytoday.biz[69.59.167.204]: Connection timed out)
Mar  1 00:38:51 avas postfix/smtp[3071]: B121361AB7: to=<offers@readytoday.biz>, relay=none, delay=133901, status=deferred (connect to mail.readytoday.biz[69.59.167.204]: Connection timed out)
Mar  1 00:38:51 avas postfix/smtp[3066]: 610CF61AB8: to=<raydee5@home.net>, relay=none, delay=202579, status=deferred (connect to home.net[64.49.213.239]: Connection timed out)
Mar  1 00:38:51 avas postfix/smtpd[2410]: disconnect from unknown[204.126.190.34]
Mar  1 00:38:52 avas postfix/smtpd[2314]: connect from lns-th2-9-82-64-136-71.adsl.proxad.net[82.64.136.71]
Mar  1 00:38:52 avas postfix/smtpd[2314]: B952C61AA4: client=lns-th2-9-82-64-136-71.adsl.proxad.net[82.64.136.71]
Mar  1 00:38:53 avas postfix/smtpd[2314]: B952C61AA4: reject: RCPT from lns-th2-9-82-64-136-71.adsl.proxad.net[82.64.136.71]: 557 Service unavailable; Client host [82.64.136.71] blocked using dnsbl.sorbs.net; Dynamic IP Address See: http://www.dnsbl.sorbs.net/cgi-bin/lookup?IP=82.64.136.71; from=<uubir@proxad.net> to=<keim@example.com> proto=SMTP helo=<lns-th2-9-82-64-136-71.adsl.proxad.net>
Mar  1 00:38:54 avas postfix/smtpd[2314]: lost connection after RCPT from lns-th2-9-82-64-136-71.adsl.proxad.net[82.64.136.71]
Mar  1 00:38:54 avas postfix/smtpd[2314]: disconnect from lns-th2-9-82-64-136-71.adsl.proxad.net[82.64.136.71]
Mar  1 00:38:56 avas postfix/smtpd[2610]: connect from unknown[61.191.254.126]
Mar  1 00:38:58 avas postfix/smtpd[2610]: BD62061AA4: client=unknown[61.191.254.126]
Mar  1 00:39:06 avas postfix/smtpd[2410]: warning: 208.37.192.234: address not listed for hostname globrite.com
Mar  1 00:39:06 avas postfix/smtpd[2410]: connect from unknown[208.37.192.234]
Mar  1 00:39:06 avas postfix/smtpd[2410]: disconnect from unknown[208.37.192.234]
Mar  1 00:39:11 avas postfix/smtpd[2737]: connect from unknown[210.221.116.217]
Mar  1 00:39:12 avas postfix/smtpd[2737]: 0F0FF61AA6: client=unknown[210.221.116.217]
Mar  1 00:39:13 avas postfix/smtpd[2410]: connect from h24-70-73-25.ca.shawcable.net[24.70.73.25]
Mar  1 00:39:13 avas postfix/smtpd[2410]: B445961AB3: client=h24-70-73-25.ca.shawcable.net[24.70.73.25]
Mar  1 00:39:14 avas postfix/smtpd[2410]: B445961AB3: reject: RCPT from h24-70-73-25.ca.shawcable.net[24.70.73.25]: 557 Service unavailable; Client host [24.70.73.25] blocked using dnsbl.sorbs.net; Dynamic IP Address See: http://www.dnsbl.sorbs.net/cgi-bin/lookup?IP=24.70.73.25; from=<post@peer-philipp-weiss.de> to=<mckielk@example.com> proto=SMTP helo=<example.com>
Mar  1 00:39:15 avas postfix/smtpd[2410]: lost connection after RCPT from h24-70-73-25.ca.shawcable.net[24.70.73.25]
Mar  1 00:39:15 avas postfix/smtpd[2410]: disconnect from h24-70-73-25.ca.shawcable.net[24.70.73.25]
Mar  1 00:39:15 avas postfix/smtpd[2737]: 0F0FF61AA6: reject: RCPT from unknown[210.221.116.217]: 557 Service unavailable; Client host [210.221.116.217] blocked using list.dsbl.org; http://dsbl.org/listing?ip=210.221.116.217; from=<mattkimnh@minedu.fi> to=<covington@example.com> proto=SMTP helo=<euireland.ie>
Mar  1 00:39:16 avas postfix/smtpd[2737]: lost connection after RCPT from unknown[210.221.116.217]
Mar  1 00:39:16 avas postfix/smtpd[2737]: disconnect from unknown[210.221.116.217]
Mar  1 00:39:17 avas postfix/smtpd[2410]: connect from node-cffb988e.bos.onnet.us.uu.net[207.251.152.142]
Mar  1 00:39:19 avas postfix/smtpd[2410]: 6C29A61AA6: client=node-cffb988e.bos.onnet.us.uu.net[207.251.152.142]
Mar  1 00:39:20 avas postfix/smtpd[2737]: connect from adsl-68-94-231-39.dsl.rcsntx.swbell.net[68.94.231.39]
Mar  1 00:39:21 avas postfix/smtpd[3081]: warning: 208.37.192.234: address not listed for hostname globrite.com
Mar  1 00:39:21 avas postfix/smtpd[3081]: connect from unknown[208.37.192.234]
Mar  1 00:39:22 avas postfix/smtpd[2410]: 6C29A61AA6: reject: RCPT from node-cffb988e.bos.onnet.us.uu.net[207.251.152.142]: 557 Service unavailable; Client host [207.251.152.142] blocked using list.dsbl.org; http://dsbl.org/listing?ip=207.251.152.142; from=<bryceserranobl@virtual.finland.fi> to=<covington@example.com> proto=SMTP helo=<panoramas.dk>
Mar  1 00:39:22 avas postfix/smtpd[3081]: disconnect from unknown[208.37.192.234]
Mar  1 00:39:23 avas postfix/smtpd[2410]: lost connection after RCPT from node-cffb988e.bos.onnet.us.uu.net[207.251.152.142]
Mar  1 00:39:23 avas postfix/smtpd[2410]: disconnect from node-cffb988e.bos.onnet.us.uu.net[207.251.152.142]
Mar  1 00:39:26 avas postfix/smtpd[2769]: 2F24861A83: reject: RCPT from wod29026RN.rh.ncsu.edu[152.7.51.115]: 557 Service unavailable; Client host [152.7.51.115] blocked using list.dsbl.org; http://dsbl.org/listing?ip=152.7.51.115; from=<vjeqctm@qwmeds43.com> to=<blackburn@example.com> proto=SMTP helo=<wod29026RN.rh.ncsu.edu>
Mar  1 00:39:29 avas postfix/smtpd[2737]: 0BE8961AA6: client=adsl-68-94-231-39.dsl.rcsntx.swbell.net[68.94.231.39]
Mar  1 00:39:29 avas postfix/smtpd[2769]: lost connection after RCPT from wod29026RN.rh.ncsu.edu[152.7.51.115]
Mar  1 00:39:29 avas postfix/smtpd[2769]: disconnect from wod29026RN.rh.ncsu.edu[152.7.51.115]
Mar  1 00:39:33 avas postfix/smtpd[2737]: 0BE8961AA6: reject: RCPT from adsl-68-94-231-39.dsl.rcsntx.swbell.net[68.94.231.39]: 557 Service unavailable; Client host [68.94.231.39] blocked using list.dsbl.org; http://dsbl.org/listing?ip=68.94.231.39; from=<ametyz91i@qwwemeds3.com> to=<blackburn@example.com> proto=SMTP helo=<adsl-68-94-231-39.dsl.rcsntx.swbell.net>
Mar  1 00:39:33 avas postfix/smtpd[3081]: connect from unknown[211.162.36.250]
Mar  1 00:39:35 avas postfix/smtpd[3081]: 953B461A83: client=unknown[211.162.36.250]
Mar  1 00:39:35 avas postfix/smtpd[2769]: connect from cpe-203-51-234-87.qld.bigpond.net.au[203.51.234.87]
Mar  1 00:39:36 avas postfix/smtpd[3081]: 953B461A83: reject: RCPT from unknown[211.162.36.250]: 557 Service unavailable; Client host [211.162.36.250] blocked using dnsbl.sorbs.net; Dynamic IP Address See: http://www.dnsbl.sorbs.net/cgi-bin/lookup?IP=211.162.36.250; from=<vans_hobbspa@yahoo.co.uk> to=<durand@example.com> proto=SMTP helo=<yahoo.com>
Mar  1 00:39:36 avas postfix/smtpd[3082]: warning: 208.37.192.234: address not listed for hostname globrite.com
Mar  1 00:39:36 avas postfix/smtpd[3082]: connect from unknown[208.37.192.234]
Mar  1 00:39:36 avas postfix/smtpd[3082]: disconnect from unknown[208.37.192.234]
Mar  1 00:39:37 avas postfix/smtpd[2769]: AB3AB61AB3: client=cpe-203-51-234-87.qld.bigpond.net.au[203.51.234.87]
Mar  1 00:39:38 avas postfix/smtpd[3081]: lost connection after RCPT from unknown[211.162.36.250]
Mar  1 00:39:38 avas postfix/smtpd[3081]: disconnect from unknown[211.162.36.250]
Mar  1 00:39:39 avas postfix/smtpd[2737]: lost connection after RCPT from adsl-68-94-231-39.dsl.rcsntx.swbell.net[68.94.231.39]
Mar  1 00:39:39 avas postfix/smtpd[2737]: disconnect from adsl-68-94-231-39.dsl.rcsntx.swbell.net[68.94.231.39]
Mar  1 00:39:39 avas postfix/smtpd[2769]: AB3AB61AB3: reject: RCPT from cpe-203-51-234-87.qld.bigpond.net.au[203.51.234.87]: 557 Service unavailable; Client host [203.51.234.87] blocked using dnsbl.sorbs.net; Dynamic IP Address See: http://www.dnsbl.sorbs.net/cgi-bin/lookup?IP=203.51.234.87; from=<leta_godwinqz@minedu.fi> to=<covington@example.com> proto=SMTP helo=<exportservices.be>
Mar  1 00:39:40 avas postfix/smtpd[2737]: connect from 65-57-173-137.forestsavers.com[65.57.173.137]
Mar  1 00:39:40 avas postfix/smtpd[2737]: 44FC561A83: client=65-57-173-137.forestsavers.com[65.57.173.137]
Mar  1 00:39:40 avas postfix/smtpd[2737]: 44FC561A83: reject: RCPT from 65-57-173-137.forestsavers.com[65.57.173.137]: 557 Service unavailable; Client host [65.57.173.137] blocked using sbl.spamhaus.org; http://www.spamhaus.org/SBL/sbl.lasso?query=SBL7099; from=<onxr2t@op.forestsavers.com> to=<bakerg@example.com> proto=ESMTP helo=<65-57-173-137.forestsavers.com>
Mar  1 00:39:41 avas postfix/smtpd[2413]: E1BDC61AAF: reject: RCPT from ccprogram.com[63.124.69.168]: 450 <beyourbest@successnet.org>: Sender address rejected: Domain not found; from=<beyourbest@successnet.org> to=<hatfield@example.com> proto=ESMTP helo=<websrv9.winningsolutionsinc.com>
Mar  1 00:39:41 avas postfix/smtpd[3081]: connect from unknown[210.205.204.180]
Mar  1 00:39:42 avas postfix/smtpd[2737]: disconnect from 65-57-173-137.forestsavers.com[65.57.173.137]
Mar  1 00:39:43 avas postfix/smtpd[3081]: 85F4C61A83: client=unknown[210.205.204.180]
Mar  1 00:39:44 avas postfix/smtpd[3081]: 85F4C61A83: reject: RCPT from unknown[210.205.204.180]: 557 Service unavailable; Client host [210.205.204.180] blocked using list.dsbl.org; http://dsbl.org/listing?ip=210.205.204.180; from=<rochelle_hutchisonzd@virtual.finland.fi> to=<covington@example.com> proto=SMTP helo=<vrflow.oulu.fi>
Mar  1 00:39:44 avas postfix/smtpd[2413]: disconnect from ccprogram.com[63.124.69.168]
Mar  1 00:39:45 avas postfix/smtpd[3081]: lost connection after RCPT from unknown[210.205.204.180]
Mar  1 00:39:45 avas postfix/smtpd[3081]: disconnect from unknown[210.205.204.180]
Mar  1 00:39:47 avas postfix/smtpd[2737]: connect from umsan1.unitedmedia.com[65.114.4.75]
Mar  1 00:39:47 avas postfix/smtpd[2769]: lost connection after RCPT from cpe-203-51-234-87.qld.bigpond.net.au[203.51.234.87]
Mar  1 00:39:47 avas postfix/smtpd[2769]: disconnect from cpe-203-51-234-87.qld.bigpond.net.au[203.51.234.87]
Mar  1 00:39:48 avas postfix/smtpd[2737]: 69D4761A83: client=umsan1.unitedmedia.com[65.114.4.75]
Mar  1 00:39:49 avas postfix/cleanup[3036]: 69D4761A83: message-id=<LYRIS-702210-26488-2004.03.01-02.11.03--sauvej#example.com@umsan1.unitedmedia.com>
Mar  1 00:39:50 avas postfix/qmgr[23698]: 69D4761A83: from=<bounce-26488-702210@umsan1.unitedmedia.com>, size=14615, nrcpt=1 (queue active)
Mar  1 00:39:50 avas postfix/smtpd[2737]: disconnect from umsan1.unitedmedia.com[65.114.4.75]
Mar  1 00:39:51 avas postfix/smtpd[2413]: warning: 208.37.192.234: address not listed for hostname globrite.com
Mar  1 00:39:51 avas postfix/smtpd[2413]: connect from unknown[208.37.192.234]
Mar  1 00:39:52 avas postfix/smtpd[2413]: disconnect from unknown[208.37.192.234]
Mar  1 00:39:55 avas postfix/smtpd[3082]: connect from unknown[61.99.165.113]
Mar  1 00:39:56 avas postfix/smtpd[3082]: 55AEF61AA6: client=unknown[61.99.165.113]
Mar  1 00:39:57 avas postfix/smtpd[3082]: 55AEF61AA6: reject: RCPT from unknown[61.99.165.113]: 557 Service unavailable; Client host [61.99.165.113] blocked using list.dsbl.org; http://dsbl.org/listing?ip=61.99.165.113; from=<patricklatham_ro@yahoo.fr> to=<durand@example.com> proto=SMTP helo=<yahoo.co.uk>
Mar  1 00:39:58 avas postfix/smtpd[3082]: lost connection after RCPT from unknown[61.99.165.113]
Mar  1 00:39:58 avas postfix/smtpd[3082]: disconnect from unknown[61.99.165.113]
Mar  1 00:39:58 avas postfix/smtpd[3081]: connect from unknown[218.1.80.117]
Mar  1 00:40:00 avas postfix/smtpd[2769]: connect from unknown[61.153.203.162]
Mar  1 00:40:01 avas postfix/smtpd[3163]: connect from avas.example.com[127.0.0.1]
Mar  1 00:40:01 avas postfix/smtpd[3163]: 7DAFF61AA6: client=avas.example.com[127.0.0.1]
Mar  1 00:40:01 avas postfix/cleanup[2603]: 7DAFF61AA6: message-id=<LYRIS-702210-26488-2004.03.01-02.11.03--sauvej#example.com@umsan1.unitedmedia.com>
Mar  1 00:40:01 avas postfix/qmgr[23698]: 7DAFF61AA6: from=<bounce-26488-702210@umsan1.unitedmedia.com>, size=15005, nrcpt=1 (queue active)
Mar  1 00:40:01 avas postfix/smtpd[3163]: disconnect from avas.example.com[127.0.0.1]
Mar  1 00:40:01 avas amavis[2889]: (02889-05) Passed, <bounce-26488-702210@umsan1.unitedmedia.com> -> <sauvej@example.com>, Message-ID: <LYRIS-702210-26488-2004.03.01-02.11.03--sauvej#example.com@umsan1.unitedmedia.com>, Hits: 0.812
Mar  1 00:40:01 avas postfix/smtp[3050]: 69D4761A83: to=<sauvej@example.com>, relay=127.0.0.1[127.0.0.1], delay=13, status=sent (250 2.6.0 Ok, id=02889-05, from MTA: 250 Ok: queued as 7DAFF61AA6)
Mar  1 00:40:01 avas postfix/smtp[3164]: 7DAFF61AA6: to=<sauvej@example.com>, relay=10.0.0.251[10.0.0.251], delay=0, status=sent (250 Command DATA Processed mail data Ok)
Mar  1 00:40:02 avas postfix/smtpd[2769]: 4BAFF61A83: client=unknown[61.153.203.162]
Mar  1 00:40:03 avas postfix/smtpd[2769]: 4BAFF61A83: reject: RCPT from unknown[61.153.203.162]: 557 Service unavailable; Client host [61.153.203.162] blocked using list.dsbl.org; http://dsbl.org/listing?ip=61.153.203.162; from=<ryanbernardnn@email.com> to=<durand@example.com> proto=SMTP helo=<hotmail.com>
Mar  1 00:40:03 avas postfix/smtpd[3081]: D4C7761AA6: client=unknown[218.1.80.117]
Mar  1 00:40:04 avas postfix/smtpd[3081]: D4C7761AA6: reject: RCPT from unknown[218.1.80.117]: 504 <WEI>: Helo command rejected: need fully-qualified hostname; from=<vslbtn@el-nacional.com> to=<quianh@example.com> proto=SMTP helo=<WEI>
Mar  1 00:40:05 avas postfix/smtpd[2769]: lost connection after RCPT from unknown[61.153.203.162]
Mar  1 00:40:05 avas postfix/smtpd[2769]: disconnect from unknown[61.153.203.162]
Mar  1 00:40:06 avas postfix/smtpd[2737]: connect from h24-69-171-93.pk.shawcable.net[24.69.171.93]
Mar  1 00:40:06 avas postfix/smtpd[3081]: disconnect from unknown[218.1.80.117]
Mar  1 00:40:06 avas postfix/smtpd[2413]: warning: 208.37.192.234: address not listed for hostname globrite.com
Mar  1 00:40:06 avas postfix/smtpd[2413]: connect from unknown[208.37.192.234]
Mar  1 00:40:06 avas postfix/smtpd[2737]: EE01661A83: client=h24-69-171-93.pk.shawcable.net[24.69.171.93]
Mar  1 00:40:07 avas postfix/smtpd[2413]: disconnect from unknown[208.37.192.234]
Mar  1 00:40:07 avas postfix/smtpd[2737]: EE01661A83: reject: RCPT from h24-69-171-93.pk.shawcable.net[24.69.171.93]: 557 Service unavailable; Client host [24.69.171.93] blocked using dnsbl.sorbs.net; Dynamic IP Address See: http://www.dnsbl.sorbs.net/cgi-bin/lookup?IP=24.69.171.93; from=<florineewingfm@mail.com> to=<durand@example.com> proto=SMTP helo=<msn.com>
Mar  1 00:40:08 avas postfix/smtpd[2737]: lost connection after RCPT from h24-69-171-93.pk.shawcable.net[24.69.171.93]
Mar  1 00:40:08 avas postfix/smtpd[2737]: disconnect from h24-69-171-93.pk.shawcable.net[24.69.171.93]
Mar  1 00:40:10 avas postfix/smtpd[3081]: connect from unknown[219.138.54.198]
Mar  1 00:40:11 avas postfix/smtpd[3082]: connect from unknown[219.238.181.180]
Mar  1 00:40:11 avas postfix/smtpd[3081]: 76CC961A83: client=unknown[219.138.54.198]
Mar  1 00:40:12 avas postfix/smtpd[3081]: 76CC961A83: reject: RCPT from unknown[219.138.54.198]: 557 Service unavailable; Client host [219.138.54.198] blocked using dnsbl.sorbs.net; HTTP Proxy See: http://www.dnsbl.sorbs.net/cgi-bin/lookup?IP=219.138.54.198; from=<elviskennedy_uh@yahoo.com> to=<durand@example.com> proto=SMTP helo=<hotmail.com>
Mar  1 00:40:12 avas postfix/smtpd[3082]: 7A58861AA6: client=unknown[219.238.181.180]
Mar  1 00:40:13 avas postfix/smtpd[3082]: 7A58861AA6: reject: RCPT from unknown[219.238.181.180]: 557 Service unavailable; Client host [219.238.181.180] blocked using list.dsbl.org; http://dsbl.org/listing?ip=219.238.181.180; from=<antonvillanuevaic@slarti.ucd.ie> to=<suwala@example.com> proto=SMTP helo=<panoramas.dk>
Mar  1 00:40:13 avas postfix/smtpd[2769]: connect from minimes-2-82-224-11-59.fbx.proxad.net[82.224.11.59]
Mar  1 00:40:14 avas postfix/smtpd[3081]: lost connection after RCPT from unknown[219.138.54.198]
Mar  1 00:40:14 avas postfix/smtpd[3081]: disconnect from unknown[219.138.54.198]
Mar  1 00:40:14 avas postfix/smtpd[2610]: BD62061AA4: reject: RCPT from unknown[61.191.254.126]: 557 Service unavailable; Client host [61.191.254.126] blocked using dnsbl.sorbs.net; Dynamic IP Address See: http://www.dnsbl.sorbs.net/cgi-bin/lookup?IP=61.191.254.126; from=<josiebennett_mx@mywankers.com> to=<madill@example.com> proto=SMTP helo=<choppersluts.com>
Mar  1 00:40:14 avas postfix/smtpd[2769]: C400261A83: client=minimes-2-82-224-11-59.fbx.proxad.net[82.224.11.59]
Mar  1 00:40:15 avas postfix/smtpd[3082]: lost connection after RCPT from unknown[219.238.181.180]
Mar  1 00:40:15 avas postfix/smtpd[3082]: disconnect from unknown[219.238.181.180]
Mar  1 00:40:15 avas postfix/smtpd[2610]: lost connection after RCPT from unknown[61.191.254.126]
Mar  1 00:40:15 avas postfix/smtpd[2610]: disconnect from unknown[61.191.254.126]
Mar  1 00:40:16 avas postfix/smtpd[2737]: connect from unknown[218.147.117.95]
Mar  1 00:40:17 avas postfix/smtpd[2737]: 56EAE61AA4: client=unknown[218.147.117.95]
Mar  1 00:40:18 avas postfix/smtpd[3081]: connect from unknown[218.76.240.34]
Mar  1 00:40:18 avas postfix/smtpd[2737]: 56EAE61AA4: reject: RCPT from unknown[218.147.117.95]: 557 Service unavailable; Client host [218.147.117.95] blocked using dnsbl.sorbs.net; Dynamic IP Address See: http://www.dnsbl.sorbs.net/cgi-bin/lookup?IP=218.147.117.95; from=<antwangarner_cf@koys.de> to=<suwala@example.com> proto=SMTP helo=<vrflow.oulu.fi>
Mar  1 00:40:19 avas postfix/smtpd[2737]: lost connection after RCPT from unknown[218.147.117.95]
Mar  1 00:40:19 avas postfix/smtpd[2737]: disconnect from unknown[218.147.117.95]
Mar  1 00:40:21 avas postfix/smtpd[3082]: warning: 200.149.250.88: hostname RJ149250088.user.veloxzone.com.br verification failed: Host not found
Mar  1 00:40:21 avas postfix/smtpd[3082]: connect from unknown[200.149.250.88]
Mar  1 00:40:22 avas postfix/smtpd[3082]: 2CB0A61AA4: client=unknown[200.149.250.88]
Mar  1 00:40:22 avas postfix/smtpd[2610]: warning: 208.37.192.234: address not listed for hostname globrite.com
Mar  1 00:40:22 avas postfix/smtpd[2610]: connect from unknown[208.37.192.234]
Mar  1 00:40:22 avas postfix/smtpd[3081]: 53A4961AA6: client=unknown[218.76.240.34]
Mar  1 00:40:22 avas postfix/smtpd[2610]: disconnect from unknown[208.37.192.234]
Mar  1 00:40:23 avas postfix/smtpd[3081]: 53A4961AA6: reject: RCPT from unknown[218.76.240.34]: 557 Service unavailable; Client host [218.76.240.34] blocked using dnsbl.sorbs.net; HTTP Proxy See: http://www.dnsbl.sorbs.net/cgi-bin/lookup?IP=218.76.240.34; from=<s_b_spaulding_da@choppersluts.com> to=<madill@example.com> proto=SMTP helo=<choppersluts.com>
Mar  1 00:40:25 avas postfix/smtpd[3082]: 6755661AA4: client=unknown[200.149.250.88]
Mar  1 00:40:26 avas postfix/smtpd[3081]: lost connection after RCPT from unknown[218.76.240.34]
Mar  1 00:40:26 avas postfix/smtpd[3081]: disconnect from unknown[218.76.240.34]
Mar  1 00:40:27 avas postfix/cleanup[2603]: 6755661AA4: message-id=<345f01c3fff7$f73f2a79$528f0134@nicole.org>
Mar  1 00:40:27 avas postfix/qmgr[23698]: 6755661AA4: from=<harry.freemanur@syo.fi>, size=3175, nrcpt=2 (queue active)
Mar  1 00:40:28 avas amavis[2430]: (02430-08) Not-Delivered, <harry.freemanur@syo.fi> -> <sutherlandm@example.com>,<suwala@example.com>, quarantine spam-105d59baa19eeaa2985606d37e0e848a-20040301-004028-02430-08, Message-ID: <345f01c3fff7$f73f2a79$528f0134@nicole.org>, Hits: 22.615
Mar  1 00:40:28 avas postfix/smtp[3050]: 6755661AA4: to=<sutherlandm@example.com>, relay=127.0.0.1[127.0.0.1], delay=3, status=sent (250 2.7.1 Ok, discarded, UBE, id=02430-08)
Mar  1 00:40:28 avas postfix/smtp[3050]: 6755661AA4: to=<suwala@example.com>, relay=127.0.0.1[127.0.0.1], delay=3, status=sent (250 2.7.1 Ok, discarded, UBE, id=02430-08)
Mar  1 00:40:29 avas postfix/smtpd[3082]: disconnect from unknown[200.149.250.88]
Mar  1 00:40:31 avas postfix/smtpd[2737]: connect from unknown[218.242.88.61]
Mar  1 00:40:33 avas postfix/smtpd[2737]: 4EC4E61AA4: client=unknown[218.242.88.61]
Mar  1 00:40:34 avas postfix/smtpd[2737]: 4EC4E61AA4: reject: RCPT from unknown[218.242.88.61]: 557 Service unavailable; Client host [218.242.88.61] blocked using sbl.spamhaus.org; http://www.spamhaus.org/SBL/sbl.lasso?query=SBL8239; from=<althea_mcAllister_fg@yahoo.ca> to=<durand@example.com> proto=SMTP helo=<yahoo.co.uk>
Mar  1 00:40:36 avas postfix/smtpd[2737]: lost connection after RCPT from unknown[218.242.88.61]
Mar  1 00:40:36 avas postfix/smtpd[2737]: disconnect from unknown[218.242.88.61]
Mar  1 00:40:37 avas postfix/smtpd[3081]: warning: 208.37.192.234: address not listed for hostname globrite.com
Mar  1 00:40:37 avas postfix/smtpd[3081]: connect from unknown[208.37.192.234]
Mar  1 00:40:37 avas postfix/smtpd[3081]: disconnect from unknown[208.37.192.234]
Mar  1 00:40:38 avas postfix/smtpd[2737]: connect from unknown[220.164.193.201]
Mar  1 00:40:39 avas postfix/smtpd[3081]: connect from unknown[204.104.133.47]
Mar  1 00:40:39 avas postfix/smtpd[3081]: 8F40A61AA4: client=unknown[204.104.133.47]
Mar  1 00:40:39 avas postfix/smtpd[3081]: 8F40A61AA4: reject: RCPT from unknown[204.104.133.47]: 450 <root@cwh-ott-unix-011.bpmca.com>: Sender address rejected: Domain not found; from=<root@cwh-ott-unix-011.bpmca.com> to=<hartt@example.com> proto=ESMTP helo=<cwh-ott-unix-011.bpmca.com>
Mar  1 00:40:40 avas postfix/smtpd[2737]: C366561AA6: client=unknown[220.164.193.201]
Mar  1 00:40:41 avas postfix/smtpd[3170]: connect from d233-64-220-236.clv.wideopenwest.com[64.233.236.220]
Mar  1 00:40:42 avas postfix/smtpd[2737]: C366561AA6: reject: RCPT from unknown[220.164.193.201]: 557 Service unavailable; Client host [220.164.193.201] blocked using dnsbl.sorbs.net; SOCKS Proxy See: http://www.dnsbl.sorbs.net/cgi-bin/lookup?IP=220.164.193.201; from=<shermanmorin_rr@yahoo.co.uk> to=<durand@example.com> proto=SMTP helo=<yahoo.co.uk>
Mar  1 00:40:42 avas postfix/smtpd[3081]: disconnect from unknown[204.104.133.47]
Mar  1 00:40:44 avas postfix/smtpd[3170]: 2CC0E61AA4: client=d233-64-220-236.clv.wideopenwest.com[64.233.236.220]
Mar  1 00:40:44 avas postfix/smtpd[2737]: lost connection after RCPT from unknown[220.164.193.201]
Mar  1 00:40:44 avas postfix/smtpd[2737]: disconnect from unknown[220.164.193.201]
Mar  1 00:40:45 avas postfix/smtpd[3081]: connect from websrv09.winningsolutionsinc.com[63.124.69.168]
Mar  1 00:40:46 avas postfix/smtpd[3170]: 2CC0E61AA4: reject: RCPT from d233-64-220-236.clv.wideopenwest.com[64.233.236.220]: 557 Service unavailable; Client host [64.233.236.220] blocked using dnsbl.sorbs.net; Dynamic IP Address See: http://www.dnsbl.sorbs.net/cgi-bin/lookup?IP=64.233.236.220; from=<KHGHLWSOUXIMTN@msn.com> to=<adamspe@example.com> proto=SMTP helo=<d233-64-220-236.clv.wideopenwest.com>
Mar  1 00:40:46 avas postfix/smtpd[3082]: connect from hxh.ibp.ac.cn[159.226.118.154]
Mar  1 00:40:47 avas postfix/smtpd[3081]: 079F961AA6: client=websrv09.winningsolutionsinc.com[63.124.69.168]
Mar  1 00:40:47 avas postfix/cleanup[2603]: 079F961AA6: message-id=<3e55001c3ff68$9bd33e20$a8457c3f@websrv09>
Mar  1 00:40:47 avas postfix/qmgr[23698]: 079F961AA6: from=<beyourbest@successnet.org>, size=3616, nrcpt=1 (queue active)
Mar  1 00:40:48 avas postfix/smtpd[3082]: 536B861AAF: client=hxh.ibp.ac.cn[159.226.118.154]
Mar  1 00:40:48 avas postfix/smtpd[3170]: disconnect from d233-64-220-236.clv.wideopenwest.com[64.233.236.220]
Mar  1 00:40:48 avas postfix/smtpd[2737]: connect from unknown[62.90.154.244]
Mar  1 00:40:49 avas postfix/smtpd[3081]: disconnect from websrv09.winningsolutionsinc.com[63.124.69.168]
Mar  1 00:40:51 avas postfix/smtpd[2737]: 2E31761AA4: client=unknown[62.90.154.244]
Mar  1 00:40:51 avas postfix/smtpd[2610]: connect from unknown[218.61.251.207]
